
 num     #instances         #bytes  class name
----------------------------------------------
   1:         77036       11914584  <constMethodKlass>
   2:         77036        9871520  <methodKlass>
   3:         68611        9563032  [C
   4:          6776        8366184  <constantPoolKlass>
   5:          6776        5046944  <instanceKlassKlass>
   6:          5712        5029312  <constantPoolCacheKlass>
   7:         16848        2732984  [B
   8:          5756        2463296  [I
   9:         66006        1584144  java.lang.String
  10:          1988        1271960  <methodDataKlass>
  11:         15677        1254160  java.lang.reflect.Method
  12:         23632         756224  java.util.HashMap$Entry
  13:          7373         718768  java.lang.Class
  14:          9337         644280  [S
  15:          3570         572232  [Ljava.util.HashMap$Entry;
  16:         10955         569336  [[I
  17:         14846         433608  [Ljava.lang.String;
  18:          7601         350288  [Ljava.lang.Object;
  19:         10678         341696  java.util.concurrent.ConcurrentHashMap$HashEntry
  20:           580         315520  <objArrayKlassKlass>
  21:          3447         248184  java.lang.reflect.Field
  22:          5818         232720  java.util.LinkedHashMap$Entry
  23:          4795         230160  java.util.HashMap
  24:         10546         224184  [Ljava.lang.Class;
  25:          6913         221216  java.lang.ref.WeakReference
  26:          5250         210000  java.lang.ref.SoftReference
  27:          6173         148152  java.util.ArrayList
  28:          2585         144760  java.beans.MethodDescriptor
  29:          4042         129344  java.util.Hashtable$Entry
  30:          1692         121824  java.lang.reflect.Constructor
  31:          7591         121456  java.lang.Object
  32:          1115         103072  [Ljava.lang.reflect.Method;
  33:           100          95416  [J
  34:          1644          92064  java.util.LinkedHashMap
  35:           515          92016  [Ljava.util.concurrent.ConcurrentHashMap$HashEntry;
  36:           950          68400  java.beans.PropertyDescriptor
  37:          2391          66120  [Z
  38:           181          58832  [Ljava.util.WeakHashMap$Entry;
  39:          1220          58560  java.lang.Class$ReflectionData
  40:          1426          57040  javax.servlet.jsp.tagext.TagAttributeInfo
  41:          2371          56904  org.springframework.transaction.interceptor.AbstractFallbackTransactionAttributeSource$DefaultCacheKey
  42:          3361          53776  java.lang.Integer
  43:           545          52320  org.springframework.beans.GenericTypeAwarePropertyDescriptor
  44:           985          49640  [[Ljava.lang.String;
  45:           337          47872  [Ljava.util.Hashtable$Entry;
  46:          1444          46208  com.sun.org.apache.xerces.internal.xni.QName
  47:          1130          45200  java.util.TreeMap$Entry
  48:           846          40608  org.apache.tomcat.util.modeler.AttributeInfo
  49:          1139          36448  antlr.ANTLRHashString
  50:          1020          32640  java.util.concurrent.ConcurrentLinkedQueue$Itr
  51:           221          30616  [[C
  52:           880          28160  java.util.concurrent.locks.ReentrantLock$NonfairSync
  53:            13          26832  [Lognl.internal.Entry;
  54:           362          26064  org.apache.jasper.compiler.Node$TemplateText
  55:           536          25728  org.hibernate.hql.ast.tree.Node
  56:           767          24544  java.io.File
  57:            52          24128  org.hibernate.persister.entity.SingleTableEntityPersister
  58:           500          24000  org.apache.tomcat.util.buf.ByteChunk
  59:           422          23632  org.apache.jasper.compiler.Mark
  60:           320          23040  java.util.logging.Logger
  61:           260          22880  org.hibernate.loader.entity.EntityLoader
  62:           396          22176  java.lang.Package
  63:           515          20600  java.util.concurrent.ConcurrentHashMap$Segment
  64:          1278          20448  java.util.HashSet
  65:            99          19800  com.sun.org.apache.xerces.internal.impl.dv.xs.XSSimpleTypeDecl
  66:           825          19712  [Ljava.lang.reflect.Constructor;
  67:           410          19680  org.apache.tomcat.util.buf.MessageBytes
  68:           593          18976  javax.management.MBeanAttributeInfo
  69:           781          18744  sun.reflect.generics.tree.SimpleClassTypeSignature
  70:           465          18600  org.hibernate.loader.DefaultEntityAliases
  71:           289          18496  java.net.URL
  72:           839          17960  [Ljava.lang.reflect.Type;
  73:           442          17680  org.apache.tomcat.util.buf.CharChunk
  74:           275          17600  org.hibernate.mapping.Column
  75:           232          16704  java.util.regex.Pattern
  76:           410          16400  org.hibernate.tuple.StandardProperty
  77:            31          16368  [Lorg.apache.struts2.util.PrefixTrie$Node;
  78:           112          15864  [Ljava.beans.MethodDescriptor;
  79:           327          15696  java.util.logging.LogManager$LoggerWeakRef
  80:           387          15480  java.util.WeakHashMap$Entry
  81:           375          15160  [Ljava.lang.reflect.Field;
  82:           781          15136  [Lsun.reflect.generics.tree.TypeArgument;
  83:           469          15008  org.hibernate.type.ManyToOneType
  84:           624          14976  sun.reflect.NativeConstructorAccessorImpl
  85:           256          14336  org.hibernate.mapping.Property
  86:           443          14176  java.util.Stack
  87:           208          13312  java.util.regex.Matcher
  88:           309          12360  sun.reflect.generics.repository.MethodRepository
  89:           255          12240  org.apache.tomcat.util.digester.CallMethodRule
  90:           502          12048  org.hibernate.property.Dom4jAccessor$ElementGetter
  91:           502          12048  org.hibernate.property.Dom4jAccessor$ElementSetter
  92:           750          12000  java.util.HashMap$KeySet
  93:           248          11904  java.util.Hashtable
  94:           368          11776  com.sun.org.apache.xerces.internal.util.SymbolTable$Entry
  95:           210          11760  freemarker.core.TextBlock
  96:           367          11744  java.util.Vector
  97:           208          11648  [Ljava.util.regex.Pattern$GroupHead;
  98:           356          11392  org.apache.commons.lang.xwork.IntHashMap$Entry
  99:           280          11200  java.lang.ref.Finalizer
 100:           280          11200  org.apache.tomcat.util.modeler.OperationInfo
 101:           695          11120  sun.reflect.generics.tree.ClassTypeSignature
 102:           450          10800  java.util.jar.Attributes$Name
 103:           669          10704  sun.reflect.DelegatingConstructorAccessorImpl
 104:           443          10632  org.hibernate.property.DirectPropertyAccessor$DirectSetter
 105:           443          10632  org.hibernate.property.DirectPropertyAccessor$DirectGetter
 106:           260          10400  java.util.HashMap$ValueIterator
 107:           534          10336  [Lsun.reflect.generics.tree.FieldTypeSignature;
 108:           258          10320  java.security.ProtectionDomain
 109:           252          10080  javax.management.MBeanOperationInfo
 110:           207           9936  org.hibernate.mapping.SimpleValue
 111:           183           9912  [Ljava.beans.PropertyDescriptor;
 112:           309           9888  sun.reflect.generics.tree.MethodTypeSignature
 113:           408           9872  [Lorg.hibernate.type.EntityType;
 114:           408           9872  [Lorg.hibernate.LockMode;
 115:           408           9872  [Lorg.hibernate.loader.EntityAliases;
 116:            43           9856  [Lcom.sun.org.apache.xerces.internal.xni.QName;
 117:           176           9856  java.util.WeakHashMap
 118:           391           9464  [Lorg.hibernate.persister.entity.Loadable;
 119:           104           9152  org.hibernate.loader.entity.CascadeEntityLoader
 120:           284           9088  java.util.Collections$UnmodifiableMap
 121:           187           8976  freemarker.core.Dot
 122:           526           8416  java.util.HashMap$Values
 123:           349           8376  sun.reflect.generics.factory.CoreReflectionFactory
 124:           156           8328  [Lorg.hibernate.property.Getter;
 125:           156           8328  [Lorg.hibernate.property.Setter;
 126:           258           8256  java.security.CodeSource
 127:           342           8208  java.util.concurrent.CopyOnWriteArrayList
 128:           204           8160  freemarker.core.Identifier
 129:           127           8128  sun.reflect.DelegatingClassLoader
 130:           338           8112  java.util.LinkedList$Node
 131:           502           8032  org.hibernate.property.MapAccessor$MapGetter
 132:           502           8032  org.hibernate.property.MapAccessor$MapSetter
 133:           493           7888  java.util.LinkedHashSet
 134:           323           7752  org.apache.juli.ClassLoaderLogManager$LogNode
 135:           123           7648  [[I
 136:           117           7488  java.util.jar.JarFile
 137:           309           7416  sun.reflect.generics.scope.MethodScope
 138:           173           7296  [Lorg.hibernate.engine.CascadeStyle;
 139:            92           7248  [Ljava.util.concurrent.ConcurrentHashMap$Segment;
 140:           299           7176  sun.reflect.generics.reflectiveObjects.ParameterizedTypeImpl
 141:           179           7160  org.apache.log4j.Logger
 142:           446           7136  java.util.HashMap$EntrySet
 143:            52           7072  org.hibernate.tuple.entity.EntityMetamodel
 144:            23           6992  org.hibernate.persister.collection.OneToManyPersister
 145:           216           6912  javax.management.MBeanParameterInfo
 146:           213           6816  org.apache.tomcat.util.modeler.ParameterInfo
 147:            62           6808  [Ljavax.servlet.jsp.tagext.TagAttributeInfo;
 148:           282           6768  sun.reflect.annotation.AnnotationInvocationHandler
 149:            76           6688  org.apache.naming.resources.FileDirContext$FileResourceAttributes
 150:            49           6664  org.springframework.beans.factory.support.RootBeanDefinition
 151:           274           6576  org.apache.log4j.CategoryKey
 152:           269           6456  java.lang.Long
 153:           200           6400  java.lang.ref.ReferenceQueue
 154:           266           6384  sun.reflect.NativeMethodAccessorImpl
 155:            98           6272  com.mysql.jdbc.ConnectionProperties$BooleanConnectionProperty
 156:           260           6240  org.apache.catalina.LifecycleEvent
 157:           195           6240  java.lang.ThreadLocal$ThreadLocalMap$Entry
 158:            43           6192  java.text.DecimalFormat
 159:           122           6064  [Lorg.hibernate.type.Type;
 160:            84           6048  org.hibernate.hql.ast.tree.IdentNode
 161:           189           6048  java.util.LinkedList
 162:           309           6040  [Lsun.reflect.generics.tree.TypeSignature;
 163:           249           5976  com.opensymphony.xwork2.inject.Key
 164:           185           5920  com.opensymphony.xwork2.util.location.LocationImpl
 165:           280           5880  [Lorg.apache.tomcat.util.modeler.ParameterInfo;
 166:           365           5840  java.util.concurrent.locks.ReentrantLock
 167:           349           5808  [Lsun.reflect.generics.tree.FormalTypeParameter;
 168:           121           5808  sun.nio.cs.UTF_8$Encoder
 169:           105           5632  [[Z
 170:           348           5568  sun.reflect.DelegatingMethodAccessorImpl
 171:           104           5552  [Lorg.hibernate.engine.ValueInclusion;
 172:           260           5408  [Lorg.apache.catalina.Container;
 173:           135           5400  com.sun.org.apache.xerces.internal.impl.dtd.XMLSimpleType
 174:           112           5376  java.beans.BeanDescriptor
 175:           223           5352  java.util.regex.Pattern$Start
 176:            81           5200  [Ljavax.management.MBeanAttributeInfo;
 177:            28           5152  org.hibernate.mapping.RootClass
 178:           212           5088  java.util.regex.Pattern$Single
 179:            45           5040  java.util.GregorianCalendar
 180:           208           4992  org.hibernate.dialect.lock.SelectLockingStrategy
 181:           156           4992  java.util.ArrayList$Itr
 182:           208           4992  java.util.regex.Pattern$TreeInfo
 183:            87           4872  freemarker.core.DollarVariable
 184:           199           4776  java.util.Collections$SynchronizedSet
 185:            85           4760  org.apache.naming.resources.CacheEntry
 186:            99           4752  freemarker.core.MixedContent
 187:           148           4736  sun.security.util.ObjectIdentifier
 188:           293           4688  java.util.Collections$UnmodifiableSet
 189:           194           4656  sun.reflect.UnsafeObjectFieldAccessorImpl
 190:           192           4608  com.sun.org.apache.xerces.internal.util.SymbolHash$Entry
 191:           191           4584  javax.management.ImmutableDescriptor
 192:           142           4544  org.springframework.beans.factory.annotation.InjectionMetadata
 193:           113           4520  java.math.BigInteger
 194:           112           4480  java.beans.GenericBeanInfo
 195:           276           4416  java.lang.Byte
 196:            92           4416  java.util.concurrent.ConcurrentHashMap
 197:            78           4368  freemarker.core.ConditionalBlock
 198:             8           4352  <typeArrayKlassKlass>
 199:            45           4320  sun.util.calendar.Gregorian$Date
 200:            75           4200  java.util.Properties
 201:           260           4160  java.lang.Short
 202:           130           4160  com.sun.jmx.mbeanserver.ConvertingMethod
 203:             4           4160  [Lcom.sun.org.apache.xerces.internal.impl.dv.DatatypeValidator;
 204:           258           4128  java.security.ProtectionDomain$Key
 205:           258           4128  [Ljava.security.Principal;
 206:           164           4056  [Ljavax.management.MBeanParameterInfo;
 207:            62           3968  javax.servlet.jsp.tagext.TagInfo
 208:           123           3936  com.sun.org.apache.xerces.internal.impl.dtd.XMLElementDecl
 209:            81           3888  javax.management.MBeanInfo
 210:           120           3840  java.util.zip.ZipCoder
 211:           158           3792  com.sun.org.apache.xerces.internal.util.XMLStringBuffer
 212:           157           3768  javax.management.ObjectName$Property
 213:            36           3744  org.hibernate.hql.ast.tree.DotNode
 214:           117           3744  sun.reflect.UnsafeStaticObjectFieldAccessorImpl
 215:            52           3744  org.hibernate.tuple.entity.PojoEntityTuplizer
 216:           156           3744  [Lorg.hibernate.engine.ExecuteUpdateResultCheckStyle;
 217:           153           3672  java.util.Date
 218:           133           3664  [Ljavax.management.ObjectName$Property;
 219:           149           3576  ognl.internal.Entry
 220:             5           3560  [Lcom.sun.org.apache.xerces.internal.util.SymbolTable$Entry;
 221:            63           3528  org.apache.tomcat.util.modeler.ManagedBean
 222:           110           3520  java.io.FilePermission
 223:           110           3520  java.security.Permissions
 224:            24           3456  org.hibernate.mapping.SingleTableSubclass
 225:            72           3456  com.sun.org.apache.xerces.internal.util.XMLAttributesImpl$Attribute
 226:           144           3456  com.sun.org.apache.xerces.internal.xni.XMLString
 227:            32           3456  [Ljava.lang.ThreadLocal$ThreadLocalMap$Entry;
 228:           104           3328  org.apache.catalina.util.ContextName
 229:           138           3312  org.apache.commons.logging.impl.Log4JLogger
 230:           103           3296  com.opensymphony.xwork2.inject.ContainerBuilder$4
 231:           202           3232  java.lang.ref.ReferenceQueue$Lock
 232:            20           3200  org.hibernate.mapping.Set
 233:            56           3136  java.security.Provider$Service
 234:            30           3120  org.springframework.context.annotation.ScannedGenericBeanDefinition
 235:            97           3104  org.apache.tomcat.util.http.MimeHeaderField
 236:           128           3072  com.opensymphony.xwork2.inject.ExternalContext
 237:           128           3072  com.opensymphony.xwork2.inject.ContainerImpl$ParameterInjector
 238:            96           3072  sun.reflect.generics.reflectiveObjects.WildcardTypeImpl
 239:            95           3040  org.apache.log4j.ProvisionNode
 240:           124           2976  java.util.Collections$UnmodifiableRandomAccessList
 241:            12           2960  [[Ljava.lang.Object;
 242:           121           2920  [Lcom.opensymphony.xwork2.inject.ContainerImpl$ParameterInjector;
 243:            52           2912  org.hibernate.tuple.entity.DynamicMapEntityTuplizer
 244:            52           2912  org.hibernate.tuple.entity.Dom4jEntityTuplizer
 245:            45           2880  javax.management.openmbean.OpenMBeanAttributeInfoSupport
 246:            72           2880  org.apache.tomcat.util.digester.CallParamRule
 247:           120           2880  java.util.ArrayDeque
 248:            52           2864  [Lorg.hibernate.FetchMode;
 249:           118           2832  java.security.Provider$ServiceKey
 250:           118           2832  com.opensymphony.xwork2.inject.ContainerImpl$MethodInjector
 251:            52           2776  [Lorg.hibernate.tuple.StandardProperty;
 252:            23           2760  org.hibernate.hql.ast.tree.FromElement
 253:            43           2752  java.text.DecimalFormatSymbols
 254:            47           2752  [Lcom.sun.org.apache.xerces.internal.util.SymbolHash$Entry;
 255:            57           2736  freemarker.core.BuiltIn$htmlBI
 256:            34           2720  java.util.jar.JarFile$JarFileEntry
 257:           112           2688  org.hibernate.type.SetType
 258:            67           2680  freemarker.core.ExistsExpression
 259:            67           2680  javax.management.ObjectName
 260:           111           2664  java.lang.StringBuilder
 261:            37           2664  org.hibernate.mapping.ManyToOne
 262:           166           2656  com.sun.proxy.$Proxy18
 263:           110           2640  java.io.FilePermissionCollection
 264:            41           2624  java.text.SimpleDateFormat
 265:           163           2608  java.util.Collections$UnmodifiableMap$UnmodifiableEntrySet
 266:            54           2592  sun.net.www.MimeEntry
 267:           137           2568  [Lcom.sun.jmx.mbeanserver.MXBeanMapping;
 268:           106           2544  org.hibernate.util.FilterHelper
 269:            78           2496  java.io.FileInputStream
 270:           104           2496  java.io.FileDescriptor
 271:            71           2472  [Ljavax.management.MBeanOperationInfo;
 272:            77           2464  com.sun.org.apache.xerces.internal.util.AugmentationsImpl$SmallContainer
 273:            17           2448  org.hibernate.hql.ast.HqlSqlWalker
 274:           151           2416  java.util.jar.Attributes
 275:            60           2400  java.util.concurrent.ConcurrentHashMap$ValueIterator
 276:            42           2352  org.hibernate.hql.ast.tree.SqlNode
 277:           146           2336  java.util.concurrent.atomic.AtomicInteger
 278:            58           2320  java.io.ObjectStreamField
 279:            48           2304  sun.util.locale.LocaleObjectCache$CacheEntry
 280:            96           2304  sun.reflect.generics.tree.Wildcard
 281:            41           2296  java.util.ResourceBundle$CacheKey
 282:            11           2288  <klassKlass>
 283:            56           2240  org.hibernate.hql.ast.HqlToken
 284:            56           2240  org.hibernate.loader.GeneratedCollectionAliases
 285:           136           2176  org.apache.juli.logging.DirectJDKLog
 286:            30           2160  org.hibernate.mapping.Table
 287:             3           2144  [Lorg.apache.commons.lang.xwork.IntHashMap$Entry;
 288:           133           2128  java.lang.Character
 289:            19           2128  java.net.SocksSocketImpl
 290:            52           2080  org.hibernate.tuple.IdentifierProperty
 291:            52           2080  org.hibernate.proxy.pojo.javassist.JavassistProxyFactory
 292:            52           2080  java.util.HashMap$KeyIterator
 293:           104           2080  [Lorg.apache.catalina.startup.HostConfig$DeployedApplication;
 294:             2           2080  [Lcom.sun.org.apache.xerces.internal.impl.dtd.models.ContentModelValidator;
 295:            37           2072  ognl.ASTProperty
 296:            64           2048  sun.security.util.DerInputBuffer
 297:            64           2048  com.mysql.jdbc.VersionedStringProperty
 298:            64           2048  sun.security.util.DerValue
 299:            84           2016  org.springframework.beans.factory.config.ConstructorArgumentValues
 300:            84           2016  org.hibernate.dialect.function.StandardSQLFunction
 301:            63           2016  org.dom4j.QName
 302:            84           2016  org.springframework.beans.MutablePropertyValues
 303:            84           2016  org.apache.tomcat.util.buf.StringCache$ByteEntry
 304:            62           1984  javax.el.BeanELResolver$BeanProperty
 305:            80           1920  sun.reflect.generics.scope.ClassScope
 306:            40           1920  org.hibernate.tuple.VersionProperty
 307:            17           1904  org.hibernate.loader.hql.QueryLoader
 308:            23           1840  org.hibernate.loader.collection.OneToManyLoader
 309:            25           1800  org.jbpm.pvm.internal.wire.descriptor.ObjectDescriptor
 310:            74           1776  org.apache.naming.resources.FileDirContext$FileResource
 311:            37           1776  ognl.ASTConst
 312:            74           1776  org.springframework.beans.CachedIntrospectionResults
 313:           110           1760  org.apache.jasper.compiler.ELNode$ELText
 314:             5           1760  com.sun.org.apache.xerces.internal.impl.XMLNSDocumentScannerImpl
 315:            55           1760  com.opensymphony.xwork2.config.impl.LocatableFactory
 316:            36           1728  sun.misc.URLClassPath$JarLoader
 317:            36           1728  java.util.zip.Inflater
 318:            43           1720  java.text.DigitList
 319:           107           1712  sun.reflect.generics.tree.TypeVariableSignature
 320:            71           1704  org.springframework.beans.factory.annotation.InitDestroyAnnotationBeanPostProcessor$LifecycleMetadata
 321:            30           1680  sun.util.calendar.ZoneInfo
 322:            21           1680  org.apache.jasper.compiler.Node$ELExpression
 323:            52           1664  org.hibernate.tuple.PojoInstantiator
 324:            52           1664  javassist.util.proxy.ProxyFactory$CacheKey
 325:            52           1664  org.hibernate.persister.entity.BasicEntityPropertyMapping
 326:            52           1664  java.util.LinkedHashMap$KeyIterator
 327:           102           1632  java.lang.Boolean
 328:            34           1632  org.apache.commons.collections.map.AbstractReferenceMap$SoftRef
 329:           102           1632  org.slf4j.impl.JDK14LoggerAdapter
 330:            34           1632  freemarker.core.StringLiteral
 331:            17           1632  org.hibernate.hql.ast.tree.FromClause
 332:            29           1624  org.springframework.context.annotation.CommonAnnotationBeanPostProcessor$ResourceElement
 333:            66           1584  com.sun.jmx.mbeanserver.NamedObject
 334:            28           1568  com.opensymphony.xwork2.config.entities.ActionConfig
 335:            98           1568  com.opensymphony.xwork2.util.logging.commons.CommonsLogger
 336:            83           1552  [Ljava.lang.reflect.TypeVariable;
 337:            64           1536  org.apache.jasper.compiler.JspUtil$ValidAttribute
 338:            32           1536  java.util.TreeMap
 339:            48           1536  com.sun.org.apache.xerces.internal.impl.xs.traversers.OneAttr
 340:            64           1536  sun.security.util.DerInputStream
 341:            32           1536  com.sun.org.apache.xerces.internal.impl.dv.xs.DecimalDV$XDecimal
 342:            27           1512  org.apache.tomcat.util.res.StringManager$1
 343:            27           1512  org.hibernate.mapping.DependantValue
 344:            47           1504  org.apache.tomcat.util.digester.SetNextRule
 345:            17           1496  org.hibernate.hql.ast.tree.SelectClause
 346:            62           1488  sun.security.x509.AVA
 347:            62           1488  [Lsun.security.x509.AVA;
 348:            62           1488  sun.security.x509.RDN
 349:            46           1472  org.apache.tomcat.util.digester.ObjectCreateRule
 350:            30           1440  org.springframework.core.type.classreading.AnnotationMetadataReadingVisitor
 351:            36           1440  java.math.BigDecimal
 352:            36           1440  java.util.PropertyResourceBundle
 353:            12           1440  freemarker.template.Template
 354:            36           1440  org.hibernate.mapping.ForeignKey
 355:            20           1440  com.mysql.jdbc.ConnectionProperties$IntegerConnectionProperty
 356:            59           1416  org.hibernate.property.BasicPropertyAccessor$BasicGetter
 357:            59           1416  org.hibernate.property.BasicPropertyAccessor$BasicSetter
 358:            29           1392  freemarker.core.MethodCall
 359:            43           1376  <compiledICHolderKlass>
 360:            15           1376  [Ljava.lang.Byte;
 361:            34           1360  org.apache.tomcat.util.modeler.BaseModelMBean
 362:            56           1344  [Lorg.hibernate.loader.CollectionAliases;
 363:            24           1344  org.springframework.beans.PropertyValue
 364:            84           1344  org.springframework.beans.factory.support.MethodOverrides
 365:            55           1320  [Lorg.hibernate.persister.collection.CollectionPersister;
 366:            41           1312  java.util.ResourceBundle$LoaderReference
 367:            54           1296  com.opensymphony.xwork2.config.entities.InterceptorMapping
 368:            40           1280  sun.reflect.generics.repository.ClassRepository
 369:            41           1264  [Lcom.sun.org.apache.xerces.internal.impl.xs.traversers.OneAttr;
 370:            79           1264  org.hibernate.cache.entry.UnstructuredCacheEntry
 371:            52           1248  org.hibernate.tuple.DynamicMapInstantiator
 372:            50           1248  [Lognl.Node;
 373:            52           1248  org.hibernate.tuple.Dom4jInstantiator
 374:            52           1248  java.security.Provider$UString
 375:            12           1248  java.lang.Thread
 376:            22           1232  org.hibernate.hql.ast.tree.BinaryLogicOperatorNode
 377:            22           1232  sun.nio.cs.US_ASCII$Encoder
 378:            77           1232  com.sun.org.apache.xerces.internal.util.AugmentationsImpl
 379:            51           1224  com.opensymphony.xwork2.inject.Scope$2$1
 380:            51           1224  com.opensymphony.xwork2.inject.ContainerBuilder$3
 381:            17           1224  org.hibernate.hql.ast.tree.QueryNode
 382:            17           1224  com.opensymphony.xwork2.config.entities.PackageConfig
 383:            38           1216  freemarker.ext.beans.OverloadedFixArgMethod
 384:            38           1216  com.opensymphony.xwork2.config.entities.ResultConfig
 385:            38           1216  com.opensymphony.xwork2.config.entities.InterceptorConfig
 386:            38           1216  freemarker.ext.beans.MethodMap
 387:             3           1200  [Lorg.apache.commons.collections.map.AbstractHashedMap$HashEntry;
 388:             4           1184  org.hibernate.persister.collection.BasicCollectionPersister
 389:            21           1176  org.hibernate.hql.ast.tree.SqlFragment
 390:            49           1176  org.dom4j.tree.DefaultAttribute
 391:            29           1160  freemarker.core.ListLiteral
 392:            11           1144  java.util.concurrent.ThreadLocalRandom
 393:            47           1128  com.sun.org.apache.xerces.internal.util.SymbolHash
 394:            10           1120  org.apache.tomcat.util.threads.TaskThread
 395:            39           1112  [[Ljava.lang.Class;
 396:            69           1104  org.hibernate.engine.CascadeStyle$MultipleCascadeStyle
 397:             6           1104  org.apache.catalina.connector.Request
 398:            34           1088  org.hibernate.hql.ast.ErrorCounter
 399:            45           1080  com.opensymphony.xwork2.config.impl.LocatableConstantFactory
 400:             7           1064  org.apache.jasper.compiler.Node$CustomTag
 401:             2           1064  [Ljava.lang.Integer;
 402:             1           1040  [Lsun.text.normalizer.UnicodeSet;
 403:             1           1040  [Ljava.lang.Short;
 404:             1           1040  [Ljava.lang.Long;
 405:             3           1032  com.sun.org.apache.xerces.internal.impl.XMLDocumentScannerImpl
 406:            32           1024  java.security.AccessControlContext
 407:            32           1024  com.opensymphony.xwork2.inject.ContainerImpl$ConstructorInjector
 408:            32           1024  sun.reflect.generics.reflectiveObjects.TypeVariableImpl
 409:            42           1008  org.apache.jasper.compiler.ELNode$Nodes
 410:            21           1008  java.nio.HeapCharBuffer
 411:            14           1008  freemarker.core.Include
 412:            63           1008  [Lorg.apache.tomcat.util.modeler.NotificationInfo;
 413:             5           1000  com.sun.org.apache.xerces.internal.impl.XMLDTDScannerImpl
 414:            62            992  [Ljavax.servlet.jsp.tagext.TagVariableInfo;
 415:            30            960  java.security.Provider$EngineDescription
 416:            20            960  java.nio.HeapByteBuffer
 417:             8            960  org.apache.jasper.JspCompilationContext
 418:             6            960  org.apache.coyote.http11.Http11Processor
 419:            40            960  sun.reflect.generics.tree.ClassSignature
 420:             5            960  com.sun.org.apache.xerces.internal.parsers.XIncludeAwareParserConfiguration
 421:             3            960  [Lognl.IntHashMap$Entry;
 422:            15            960  com.mysql.jdbc.ConnectionProperties$StringConnectionProperty
 423:             6            960  org.apache.coyote.Request
 424:            17            952  org.hibernate.hql.ast.HqlParser
 425:            17            952  org.hibernate.hql.ast.HqlLexer
 426:            17            952  org.hibernate.hql.ast.QueryTranslatorImpl
 427:            39            936  org.apache.coyote.ActionCode
 428:            29            928  org.springframework.beans.factory.support.DisposableBeanAdapter
 429:            29            928  java.util.regex.Pattern$Curly
 430:            51            928  [Ljavax.management.MBeanNotificationInfo;
 431:            23            920  org.hibernate.hql.ast.tree.FromElementType
 432:            23            920  sun.util.locale.BaseLocale$Key
 433:            40            920  [Lsun.reflect.generics.tree.ClassTypeSignature;
 434:            19            912  java.util.concurrent.locks.ReentrantReadWriteLock$NonfairSync
 435:             1            912  com.mysql.jdbc.Connection
 436:            16            896  org.apache.tomcat.util.http.mapper.MappingData
 437:            28            896  org.apache.catalina.util.ManifestResource
 438:             5            880  com.sun.org.apache.xerces.internal.impl.dtd.XMLNSDTDValidator
 439:            36            864  java.util.zip.ZStreamRef
 440:            36            864  com.sun.org.apache.xerces.internal.impl.xs.traversers.SmallContainer
 441:            36            864  org.hibernate.mapping.Table$ForeignKeyKey
 442:            54            864  org.hibernate.util.FastHashMap
 443:            15            840  javax.management.openmbean.ArrayType
 444:             5            840  org.hibernate.mapping.Map
 445:            13            832  org.hibernate.hql.ast.tree.ParameterNode
 446:            52            832  org.hibernate.proxy.map.MapProxyFactory
 447:            52            832  org.hibernate.tuple.entity.EntityEntityModeToTuplizerMapping
 448:            52            832  org.hibernate.proxy.dom4j.Dom4jProxyFactory
 449:            34            816  org.hibernate.hql.ast.util.ASTPrinter
 450:            17            816  org.hibernate.engine.query.HQLQueryPlan
 451:            25            800  sun.reflect.UnsafeQualifiedStaticIntegerFieldAccessorImpl
 452:            20            800  org.jbpm.pvm.internal.wire.operation.FieldOperation
 453:            11            792  org.apache.catalina.valves.AccessLogValve$DateFormatCache$Cache
 454:            20            776  [Ljava.security.ProtectionDomain;
 455:            32            768  sun.reflect.generics.tree.FormalTypeParameter
 456:             8            768  org.apache.jasper.servlet.JspServletWrapper
 457:            32            768  com.sun.jmx.mbeanserver.DefaultMXBeanMappingFactory$IdentityMapping
 458:             8            768  org.apache.jasper.servlet.JasperLoader
 459:            12            768  [Lorg.apache.tomcat.util.http.MimeHeaderField;
 460:            32            768  java.lang.ThreadLocal$ThreadLocalMap
 461:            48            768  antlr.collections.impl.BitSet
 462:            47            768  [Ljavax.management.MBeanConstructorInfo;
 463:            24            768  java.lang.reflect.WeakCache$CacheValue
 464:            24            768  sun.security.x509.OIDMap$OIDInfo
 465:            19            760  org.apache.commons.collections.map.AbstractLinkedMap$LinkEntry
 466:            31            744  org.apache.tomcat.util.res.StringManager
 467:            31            744  org.hibernate.mapping.Index
 468:            31            744  org.apache.struts2.util.PrefixTrie$Node
 469:            31            744  java.util.concurrent.atomic.AtomicLong
 470:            23            736  sun.util.locale.BaseLocale
 471:            23            736  org.apache.jasper.util.UniqueAttributesImpl
 472:            23            736  org.hibernate.mapping.OneToMany
 473:            13            728  ognl.ASTChain
 474:            15            720  freemarker.core.Comment
 475:            30            720  org.hibernate.cfg.Mappings$ColumnNames
 476:            30            720  org.apache.catalina.util.LifecycleSupport
 477:            45            720  sun.reflect.BootstrapConstructorAccessorImpl
 478:            18            720  com.sun.jmx.mbeanserver.MXBeanSupport
 479:            10            720  org.apache.jasper.runtime.PageContextImpl
 480:            30            720  org.hibernate.mapping.PrimaryKey
 481:            15            720  java.lang.management.PlatformComponent
 482:            30            720  org.springframework.core.io.FileSystemResource
 483:             8            704  org.apache.jasper.compiler.Node$Root
 484:            17            680  java.io.StringReader
 485:            17            680  antlr.LexerSharedInputState
 486:            28            672  com.opensymphony.xwork2.config.impl.AbstractMatcher$Mapping
 487:            12            672  org.springframework.core.MethodParameter
 488:            14            672  sun.security.x509.X500Name
 489:            28            672  org.hibernate.cfg.Mappings$TableDescription
 490:            28            672  org.apache.tomcat.util.digester.ArrayStack
 491:            17            656  [[S
 492:            27            648  java.util.Locale
 493:             5            640  com.sun.org.apache.xerces.internal.impl.XMLEntityManager
 494:            10            640  freemarker.core.Assignment
 495:            40            640  org.jbpm.pvm.internal.hibernate.ConverterType
 496:            26            624  org.apache.jasper.compiler.Node$Nodes
 497:            26            624  java.io.ExpiringCache$Entry
 498:            13            624  java.net.SocketInputStream
 499:            13            624  org.hibernate.engine.NamedQueryDefinition
 500:            39            624  java.util.regex.Pattern$CharPropertyNames$1
 501:            26            624  java.util.jar.Manifest
 502:            13            624  freemarker.core.AndExpression
 503:            19            608  sun.security.x509.AlgorithmId
 504:            19            608  com.sun.jmx.mbeanserver.WeakIdentityHashMap$IdentityWeakReference
 505:             5            600  com.sun.org.apache.xerces.internal.jaxp.SAXParserImpl$JAXPSAXParser
 506:            25            600  org.hibernate.type.MapType
 507:            15            600  com.sun.org.apache.xerces.internal.impl.dtd.XMLEntityDecl
 508:            25            600  java.util.regex.Pattern$Slice
 509:            25            600  sun.nio.cs.CharsetMapping$Entry
 510:            37            592  java.util.Hashtable$EntrySet
 511:            30            592  [Lorg.apache.catalina.LifecycleListener;
 512:            37            592  org.jbpm.internal.log.Log4jLog
 513:            12            576  freemarker.core.BuiltIn$defaultBI
 514:            18            576  sun.reflect.UnsafeQualifiedStaticObjectFieldAccessorImpl
 515:             8            576  org.apache.jasper.compiler.Node$TaglibDirective
 516:            12            576  [Ljava.util.Map;
 517:            18            576  com.sun.org.apache.xerces.internal.util.XMLResourceIdentifierImpl
 518:            18            560  [Ljava.io.ObjectStreamField;
 519:            14            560  javax.management.openmbean.SimpleType
 520:            10            560  sun.nio.cs.StreamEncoder
 521:            10            560  org.apache.jasper.runtime.JspWriterImpl
 522:            14            560  freemarker.core.ParentheticalExpression
 523:             5            560  org.apache.tomcat.util.digester.Digester
 524:            23            552  com.sun.jmx.mbeanserver.PerInterface$MethodAndSig
 525:            23            552  java.util.regex.Pattern$7
 526:            17            544  antlr.TokenBuffer
 527:            17            544  antlr.TokenQueue
 528:            17            544  sun.reflect.annotation.AnnotationType
 529:            17            544  antlr.CharBuffer
 530:            17            544  org.apache.commons.collections.map.AbstractReferenceMap$ReferenceEntry
 531:            17            544  java.util.Collections$SynchronizedMap
 532:            17            544  antlr.CharQueue
 533:             2            544  com.sun.org.apache.xerces.internal.impl.dtd.DTDGrammar
 534:            17            544  org.hibernate.engine.query.QueryPlanCache$HQLQueryPlanKey
 535:            17            544  java.lang.reflect.Proxy$Key1
 536:            17            544  org.hibernate.hql.ast.SqlASTFactory
 537:            34            544  java.lang.ThreadLocal
 538:             1            528  org.apache.catalina.core.StandardContext
 539:            15            528  [Lorg.apache.jasper.compiler.JspUtil$ValidAttribute;
 540:             1            528  [Ljava.util.TimerTask;
 541:             6            528  org.apache.coyote.Response
 542:            22            528  java.util.concurrent.locks.AbstractQueuedSynchronizer$ConditionObject
 543:             1            528  [Ljava.lang.Character;
 544:            22            528  sun.nio.cs.Surrogate$Parser
 545:             6            528  org.apache.coyote.RequestInfo
 546:             3            528  com.sun.org.apache.xerces.internal.impl.dtd.XMLDTDValidator
 547:            13            520  com.sun.jmx.mbeanserver.PerInterface
 548:            13            520  sun.misc.URLClassPath
 549:             5            520  org.springframework.beans.factory.support.GenericBeanDefinition
 550:             8            512  org.hibernate.hql.ast.tree.LiteralNode
 551:            16            512  java.net.Socket
 552:            21            504  sun.security.x509.AVAKeyword
 553:            21            504  java.net.InetAddress$InetAddressHolder
 554:            21            504  java.util.Locale$LocaleKey
 555:            21            504  org.apache.jasper.compiler.ELNode$Root
 556:            14            504  [Lsun.security.x509.RDN;
 557:             9            504  javax.management.openmbean.CompositeType
 558:            13            496  [Lcom.sun.org.apache.xerces.internal.util.XMLAttributesImpl$Attribute;
 559:            17            496  [Lantlr.Token;
 560:             2            496  org.apache.catalina.core.StandardWrapper
 561:            12            480  freemarker.cache.TemplateCache$CachedTemplate
 562:             6            480  org.apache.catalina.connector.OutputBuffer
 563:             3            480  com.sun.org.apache.xerces.internal.impl.xs.SchemaGrammar$BuiltinSchemaGrammar
 564:            10            480  org.jbpm.pvm.internal.cal.DayPart
 565:             5            480  com.sun.org.apache.xerces.internal.impl.dtd.XMLDTDProcessor
 566:            10            480  [Ljavax.servlet.jsp.PageContext;
 567:            10            480  java.util.concurrent.ThreadPoolExecutor$Worker
 568:            12            480  com.sun.org.apache.xerces.internal.utils.XMLLimitAnalyzer
 569:            15            480  ognl.IntHashMap$Entry
 570:            10            480  sun.nio.cs.US_ASCII$Decoder
 571:            20            480  java.util.concurrent.locks.ReentrantReadWriteLock
 572:             2            472  [[[C
 573:            29            464  com.sun.proxy.$Proxy7
 574:            14            448  freemarker.cache.MruCacheStorage$MruEntry
 575:            14            448  org.apache.catalina.LifecycleState
 576:             8            448  freemarker.core.ComparisonExpression
 577:             8            448  org.hibernate.hql.ast.tree.IsNullLogicOperatorNode
 578:             8            448  javax.management.openmbean.OpenMBeanParameterInfoSupport
 579:            14            448  java.util.concurrent.locks.AbstractQueuedSynchronizer$Node
 580:             4            440  [Ljava.math.BigInteger;
 581:             6            432  org.apache.tomcat.util.http.Parameters
 582:            18            432  java.util.regex.Pattern$Ctype
 583:             6            432  org.apache.catalina.connector.InputBuffer
 584:            18            432  java.util.regex.Pattern$1
 585:             6            432  sun.security.x509.X509CertImpl
 586:            18            432  java.text.DateFormat$Field
 587:             6            432  org.apache.coyote.http11.filters.ChunkedInputFilter
 588:             6            432  java.util.concurrent.ThreadPoolExecutor
 589:            18            432  java.lang.StringBuffer
 590:             6            432  org.hibernate.hql.ast.tree.SelectExpressionImpl
 591:             6            432  org.apache.jasper.compiler.Node$PageDirective
 592:            13            416  java.lang.StringCoding$StringEncoder
 593:            26            416  org.eclipse.jdt.internal.compiler.impl.IrritantSet
 594:             2            416  org.apache.tomcat.util.net.JIoEndpoint
 595:             4            416  com.sun.org.apache.xerces.internal.impl.dv.xs.AbstractDateTimeDV$DateTimeData
 596:            17            408  antlr.ParserSharedInputState
 597:            17            408  java.util.regex.Pattern$GroupHead
 598:            17            408  [Lorg.hibernate.persister.entity.Queryable;
 599:            17            408  [Lorg.hibernate.hql.QueryTranslator;
 600:            17            408  org.hibernate.hql.ast.ParameterTranslationsImpl
 601:            17            408  java.util.regex.Pattern$GroupTail
 602:            17            408  org.hibernate.hql.ast.util.SessionFactoryHelper
 603:            17            408  org.hibernate.hql.ast.HqlASTFactory
 604:            17            408  java.util.regex.Pattern$5
 605:            17            408  org.hibernate.engine.query.ParameterMetadata
 606:            17            408  org.hibernate.engine.query.ReturnMetadata
 607:            17            408  antlr.ANTLRStringBuffer
 608:            10            400  com.sun.org.apache.xerces.internal.impl.dtd.XMLDTDDescription
 609:            10            400  sun.nio.cs.ISO_8859_1$Decoder
 610:            10            400  com.sun.org.apache.xerces.internal.impl.xpath.regex.RangeToken
 611:            25            400  com.sun.proxy.$Proxy1
 612:            12            384  freemarker.cache.TemplateCache$TemplateKey
 613:            16            384  org.apache.catalina.startup.MappedNameRule
 614:             6            384  java.nio.DirectByteBuffer
 615:             8            384  com.sun.org.apache.xerces.internal.impl.XMLDocumentFragmentScannerImpl$ElementStack
 616:             6            384  org.apache.coyote.http11.InternalInputBuffer
 617:             6            384  org.springframework.aop.framework.ProxyFactory
 618:             6            384  org.apache.catalina.util.ParameterMap
 619:             6            384  org.apache.catalina.connector.Response
 620:            12            384  [Lorg.apache.coyote.http11.InputFilter;
 621:            12            384  org.dom4j.tree.DefaultElement
 622:             6            384  org.apache.coyote.http11.InternalOutputBuffer
 623:            12            384  [Lorg.apache.coyote.http11.OutputFilter;
 624:             8            384  freemarker.core.BuiltIn$if_existsBI
 625:             8            384  org.apache.jasper.compiler.JspReader
 626:            16            384  java.net.Inet4Address
 627:            12            384  java.lang.StringCoding$StringDecoder
 628:             8            384  org.apache.jasper.compiler.JDTCompiler
 629:             8            384  org.jbpm.pvm.internal.wire.descriptor.ProvidedObjectDescriptor
 630:            16            384  org.apache.jasper.compiler.TldLocation
 631:             8            384  com.sun.org.apache.xerces.internal.util.XMLAttributesIteratorImpl
 632:            15            360  org.jbpm.pvm.internal.type.TypeMapping
 633:            15            360  javax.websocket.CloseReason$CloseCodes
 634:             5            360  com.sun.org.apache.xerces.internal.impl.dtd.models.DFAContentModel
 635:            15            360  java.util.Arrays$ArrayList
 636:             9            360  org.apache.tomcat.util.log.UserDataHelper
 637:            15            360  org.jbpm.pvm.internal.type.Type
 638:             9            360  freemarker.core.BooleanLiteral
 639:            11            352  org.apache.tomcat.util.buf.C2BConverter
 640:            11            352  com.opensymphony.xwork2.config.entities.ResultTypeConfig
 641:            11            352  org.hibernate.param.NamedParameterSpecification
 642:            11            352  java.util.regex.Pattern$Branch
 643:             2            352  org.hibernate.mapping.List
 644:            11            352  org.apache.catalina.valves.AccessLogValve$DateFormatCache
 645:            12            344  [Ljava.lang.annotation.ElementType;
 646:             7            336  com.sun.jmx.mbeanserver.DefaultMXBeanMappingFactory$CompositeMapping
 647:             6            336  [Lorg.apache.catalina.core.ApplicationFilterConfig;
 648:             4            336  [D
 649:            14            336  javax.management.StandardMBean
 650:             7            336  org.jbpm.pvm.internal.wire.descriptor.ReferenceDescriptor
 651:             6            336  java.nio.DirectLongBufferU
 652:             7            336  freemarker.core.IfBlock
 653:             6            336  org.apache.catalina.connector.CoyoteReader
 654:            14            336  java.beans.PropertyChangeSupport
 655:            14            336  com.opensymphony.xwork2.util.FileManager$FileRevision
 656:             6            336  org.apache.catalina.connector.CoyoteWriter
 657:             6            336  sun.security.x509.X509CertInfo
 658:             6            336  sun.security.util.MemoryCache$SoftCacheEntry
 659:             2            336  [Ljava.io.File;
 660:            14            336  org.hibernate.dialect.function.NoArgSQLFunction
 661:            16            328  [Ljava.lang.management.PlatformComponent;
 662:             4            320  java.net.URI
 663:            20            320  java.util.concurrent.locks.ReentrantReadWriteLock$Sync$ThreadLocalHoldCounter
 664:             8            320  com.sun.org.apache.xerces.internal.impl.validation.ValidationState
 665:            10            320  java.io.OutputStreamWriter
 666:            20            320  java.util.concurrent.locks.ReentrantReadWriteLock$ReadLock
 667:            20            320  java.util.concurrent.locks.ReentrantReadWriteLock$WriteLock
 668:             4            320  org.hibernate.loader.collection.BasicCollectionLoader
 669:             8            320  com.sun.org.apache.xerces.internal.impl.XMLDocumentFragmentScannerImpl$ElementStack2
 670:            10            320  org.hibernate.engine.query.NamedParameterDescriptor
 671:            20            320  org.hibernate.dialect.DialectFactory$VersionInsensitiveMapper
 672:             8            320  org.eclipse.jdt.internal.compiler.lookup.BaseTypeBinding
 673:             5            320  freemarker.core.UnifiedCall
 674:             1            320  [Lorg.apache.naming.resources.CacheEntry;
 675:             5            320  org.apache.tomcat.util.http.mapper.Mapper$ContextVersion
 676:             8            320  [Ljavax.servlet.jsp.tagext.Tag;
 677:            20            320  freemarker.template.SimpleScalar
 678:            10            320  java.util.logging.LogManager$LogNode
 679:            10            320  [Lcom.sun.org.apache.xerces.internal.impl.XMLEntityManager$CharacterBuffer;
 680:             1            312  [Ljava.util.jar.JarFile;
 681:             6            312  [Lcom.sun.org.apache.xerces.internal.impl.xs.util.SimpleLocator;
 682:            13            312  java.util.regex.Pattern$BitClass
 683:            13            312  java.util.concurrent.ConcurrentLinkedQueue$Node
 684:            13            312  ognl.internal.ClassCacheImpl
 685:            13            312  java.util.Collections$SingletonList
 686:            13            312  org.apache.log4j.Level
 687:            13            312  sun.misc.MetaIndex
 688:             1            312  [Ljava.net.URL;
 689:            11            304  [Ljava.util.regex.Pattern$Node;
 690:            19            304  org.hibernate.id.Assigned
 691:             2            304  org.hibernate.event.EventListeners
 692:            18            296  [Lorg.hibernate.engine.query.OrdinalParameterDescriptor;
 693:             6            288  org.apache.catalina.loader.ResourceEntry
 694:            12            288  freemarker.cache.URLTemplateSource
 695:            12            288  freemarker.cache.MultiTemplateLoader$MultiSource
 696:            12            288  org.hibernate.hql.ast.ParameterTranslationsImpl$ParameterInfo
 697:            12            288  java.util.BitSet
 698:            12            288  org.springframework.beans.BeanWrapperImpl$PropertyTokenHolder
 699:             9            288  org.springframework.asm.Type
 700:             6            288  org.hibernate.engine.JoinSequence
 701:             9            288  java.util.logging.Level
 702:             2            288  [Lorg.dom4j.tree.ConcurrentReaderHashMap$Entry;
 703:            12            288  org.apache.tomcat.util.http.MimeHeaders
 704:            18            288  java.util.regex.Pattern$CharPropertyNames$4
 705:             9            288  org.hibernate.id.IncrementGenerator
 706:            12            288  com.sun.org.apache.xerces.internal.impl.xpath.regex.Token$CharToken
 707:             8            288  [Ljava.lang.Boolean;
 708:             4            288  org.apache.juli.FileHandler
 709:             9            288  sun.security.jca.ProviderConfig
 710:             6            288  org.apache.tomcat.util.http.ServerCookie
 711:             6            288  freemarker.core.BuiltIn$sizeBI
 712:             5            280  sun.management.MemoryPoolImpl
 713:             7            280  com.sun.xml.internal.stream.util.BufferAllocator
 714:            17            280  [Lorg.hibernate.hql.ast.ParameterTranslationsImpl$ParameterInfo;
 715:             5            280  com.sun.org.apache.xerces.internal.jaxp.SAXParserImpl
 716:             5            280  com.sun.org.apache.xerces.internal.impl.XMLEntityScanner
 717:             7            280  com.sun.org.apache.xerces.internal.utils.XMLSecurityManager$Limit
 718:             5            280  org.hibernate.hql.ast.tree.OrderByClause
 719:             7            280  org.apache.tomcat.util.buf.UEncoder
 720:             6            280  [Lcom.sun.org.apache.xerces.internal.utils.XMLSecurityManager$State;
 721:             7            280  com.sun.org.apache.xalan.internal.utils.XMLSecurityManager$Limit
 722:             5            280  freemarker.core.IteratorBlock
 723:             7            280  org.hibernate.engine.JoinSequence$Join
 724:             2            280  [Ljavax.servlet.jsp.tagext.TagInfo;
 725:            17            272  antlr.TreeParserSharedInputState
 726:            17            272  org.hibernate.hql.ast.util.AliasGenerator
 727:            17            272  org.hibernate.hql.ast.util.LiteralProcessor
 728:             3            264  java.beans.IndexedPropertyDescriptor
 729:            11            264  org.hibernate.type.AnyType
 730:            11            264  org.hibernate.type.ListType
 731:             1            264  org.hibernate.stat.StatisticsImpl
 732:             1            264  org.apache.struts2.views.jsp.ui.AnchorTag
 733:            11            264  com.opensymphony.xwork2.config.entities.InterceptorStackConfig
 734:            15            264  [Lorg.apache.tomcat.util.http.mapper.Mapper$Wrapper;
 735:             4            256  [Lcom.sun.org.apache.xerces.internal.impl.xs.XSElementDecl;
 736:            16            256  org.apache.jasper.compiler.JarURLResource
 737:             8            256  org.apache.tomcat.util.digester.SetPropertiesRule
 738:             8            256  java.lang.OutOfMemoryError
 739:             8            256  [Ljava.text.SimpleDateFormat;
 740:             1            256  org.apache.struts2.views.jsp.ui.FormTag
 741:             8            256  freemarker.ext.beans.BooleanModel
 742:             8            256  sun.misc.ProxyGenerator$PrimitiveTypeInfo
 743:            16            256  org.eclipse.jdt.internal.compiler.impl.IntConstant
 744:             6            240  org.springframework.transaction.interceptor.RuleBasedTransactionAttribute
 745:             2            240  org.apache.catalina.connector.Connector
 746:            10            240  org.springframework.core.NamedThreadLocal
 747:             3            240  [Lcom.sun.org.apache.xerces.internal.impl.xs.XSComplexTypeDecl;
 748:            10            240  org.apache.catalina.core.ApplicationContext$DispatchData
 749:             2            240  freemarker.template.Configuration
 750:            10            240  com.sun.org.apache.xerces.internal.impl.dtd.XMLAttributeDecl
 751:             5            240  java.util.concurrent.LinkedBlockingQueue
 752:            10            240  sun.misc.FDBigInt
 753:            10            240  org.apache.jasper.runtime.JspFactoryImpl$PageContextPool
 754:             6            240  org.apache.coyote.http11.filters.IdentityInputFilter
 755:             3            240  sun.net.www.protocol.jar.URLJarFile
 756:             5            240  java.io.PrintWriter
 757:             2            240  [Lsun.nio.cs.CharsetMapping$Entry;
 758:             5            240  org.apache.jasper.compiler.Node$JspAttribute
 759:             5            240  java.io.BufferedWriter
 760:            10            232  [Ljava.security.cert.Certificate;
 761:             7            224  java.io.FileOutputStream
 762:             4            224  org.apache.catalina.startup.CallMethodMultiRule
 763:             4            224  org.apache.catalina.startup.LifecycleCallbackRule
 764:            14            224  java.beans.PropertyChangeSupport$PropertyChangeListenerMap
 765:             7            224  org.jbpm.pvm.internal.cal.Day
 766:             1            216  [Lorg.dom4j.Element;
 767:             9            216  org.eclipse.jdt.internal.compiler.lookup.TypeConstants$CloseMethodRecord
 768:             9            216  sun.util.logging.PlatformLogger$Level
 769:             9            216  sun.misc.URLClassPath$FileLoader
 770:             1            216  org.apache.struts2.views.jsp.ui.PasswordTag
 771:             3            216  org.apache.juli.ClassLoaderLogManager$RootLogger
 772:             9            216  java.util.regex.Pattern$CharProperty$1
 773:             9            216  java.util.logging.Level$KnownLevel
 774:             9            216  org.apache.coyote.AsyncStateMachine$AsyncState
 775:             9            216  org.apache.tomcat.util.http.mapper.Mapper$Wrapper
 776:             1            216  org.apache.struts2.views.jsp.ui.TextFieldTag
 777:             1            208  [Lsun.misc.FDBigInt;
 778:             5            208  [[B
 779:             2            208  org.apache.tomcat.util.net.SocketProperties
 780:             5            200  com.sun.xml.internal.stream.XMLEntityStorage
 781:             5            200  sun.management.MemoryPoolImpl$PoolSensor
 782:             5            200  sun.management.MemoryPoolImpl$CollectionSensor
 783:             5            200  freemarker.core.NumberLiteral
 784:             5            200  com.sun.org.apache.xerces.internal.utils.XMLSecurityManager
 785:             1            200  org.apache.struts2.views.jsp.ui.HiddenTag
 786:             5            200  com.sun.org.apache.xerces.internal.impl.XMLErrorReporter
 787:             5            200  sun.nio.cs.UTF_8$Decoder
 788:             5            200  com.sun.org.apache.xerces.internal.impl.XMLVersionDetector
 789:             5            200  com.sun.org.apache.xerces.internal.impl.XMLEntityManager$CharacterBufferPool
 790:             5            200  com.sun.org.apache.xerces.internal.util.XMLAttributesImpl
 791:             2            192  sun.security.jgss.SunProvider
 792:             8            192  java.math.RoundingMode
 793:             2            192  org.eclipse.jdt.internal.compiler.CompilationResult
 794:            12            192  org.jbpm.pvm.internal.type.matcher.ClassNameMatcher
 795:             4            192  com.sun.org.apache.xerces.internal.impl.xs.SchemaGrammar$BuiltinAttrDecl
 796:             1            192  com.mysql.jdbc.MysqlIO
 797:             4            192  com.opensymphony.xwork2.interceptor.ParametersInterceptor
 798:             8            192  java.lang.annotation.ElementType
 799:             6            192  sun.util.LocaleServiceProviderPool
 800:             8            192  com.sun.org.apache.xerces.internal.impl.dtd.DTDGrammarBucket
 801:             2            192  org.apache.tomcat.util.threads.ThreadPoolExecutor
 802:             6            192  org.apache.catalina.util.StringParser
 803:             2            192  [Ljava.lang.Thread;
 804:             3            192  org.apache.struts2.config.StrutsXmlConfigurationProvider
 805:            12            192  java.util.regex.Pattern$Dot
 806:             2            192  [Ljava.text.DateFormat$Field;
 807:             8            192  org.hibernate.type.AdaptedImmutableType
 808:             6            192  org.apache.coyote.http11.filters.IdentityOutputFilter
 809:             6            192  org.apache.catalina.core.ApplicationFilterChain
 810:             6            192  org.apache.tomcat.util.http.Cookies
 811:             6            192  [Ljava.lang.ref.WeakReference;
 812:             2            192  sun.security.provider.Sun
 813:             8            192  org.apache.tomcat.util.net.AbstractEndpoint$Handler$SocketState
 814:             8            192  org.apache.jasper.runtime.TagHandlerPool
 815:             6            192  com.sun.org.apache.xerces.internal.impl.xpath.regex.Token$ClosureToken
 816:             3            192  org.apache.naming.resources.FileDirContext
 817:             1            192  org.apache.catalina.loader.WebappClassLoader
 818:             6            192  [Lorg.apache.tomcat.util.http.ServerCookie;
 819:             6            192  org.apache.coyote.http11.filters.BufferedInputFilter
 820:            10            184  [Lorg.apache.jasper.runtime.BodyContentImpl;
 821:            11            176  java.text.NumberFormat$Field
 822:             1            176  org.apache.catalina.deploy.WebXml
 823:             2            176  java.util.jar.JarVerifier
 824:             1            176  [Lorg.apache.coyote.ActionCode;
 825:            11            176  java.util.regex.Pattern$BranchConn
 826:            11            176  com.sun.org.apache.xerces.internal.impl.xs.util.XInt
 827:             2            176  org.apache.catalina.deploy.NamingResources
 828:             3            168  org.jbpm.pvm.internal.wire.descriptor.ListDescriptor
 829:             7            168  sun.security.x509.NetscapeCertTypeExtension$MapEntry
 830:             7            168  org.springframework.transaction.annotation.Propagation
 831:             7            168  org.hibernate.event.LoadEventListener$LoadType
 832:             1            168  org.apache.jasper.compiler.PageInfo
 833:             7            168  java.util.concurrent.LinkedBlockingQueue$Node
 834:             3            168  com.sun.org.apache.xerces.internal.impl.xs.XSDDescription
 835:             7            168  org.apache.jasper.compiler.Node$ChildInfo
 836:             7            168  org.apache.tomcat.util.net.SocketStatus
 837:             3            168  javax.management.openmbean.OpenMBeanOperationInfoSupport
 838:             1            168  org.apache.catalina.core.StandardHost
 839:             7            168  java.util.regex.Pattern$6
 840:             3            168  org.apache.jasper.runtime.BodyContentImpl
 841:             7            168  com.sun.org.apache.xerces.internal.util.FeatureState
 842:             5            160  org.apache.tomcat.util.digester.RulesBase
 843:             4            160  sun.security.rsa.RSAPublicKeyImpl
 844:             5            160  java.lang.ClassLoader$NativeLibrary
 845:             4            160  java.util.Collections$SingletonMap
 846:            10            160  com.sun.proxy.$Proxy3
 847:             5            160  com.sun.org.apache.xerces.internal.util.NamespaceSupport
 848:             4            160  org.apache.catalina.startup.CallParamMultiRule
 849:             6            160  [Lorg.apache.el.parser.Node;
 850:             5            160  org.apache.catalina.core.StandardPipeline
 851:             4            160  sun.security.x509.AuthorityKeyIdentifierExtension
 852:            10            160  java.util.Formatter$Flags
 853:             4            160  org.apache.catalina.mbeans.ContainerMBean
 854:             5            160  com.sun.org.apache.xerces.internal.impl.XMLNSDocumentScannerImpl$NSContentDriver
 855:            10            160  org.apache.tomcat.util.threads.TaskThread$WrappingRunnable
 856:             4            160  freemarker.ext.beans.BeansModelCache
 857:             2            160  org.apache.catalina.core.StandardWrapperValve
 858:             2            160  org.apache.jasper.compiler.TagLibraryInfoImpl
 859:            10            160  com.sun.proxy.$Proxy0
 860:             5            160  org.hibernate.dialect.function.SQLFunctionTemplate
 861:             1            160  org.springframework.beans.factory.support.DefaultListableBeanFactory
 862:             6            160  [Lcom.sun.org.apache.xerces.internal.utils.XMLSecurityPropertyManager$State;
 863:            10            160  org.hibernate.util.MarkerObject
 864:             1            152  org.apache.catalina.session.StandardManager
 865:             2            152  [Lorg.eclipse.jdt.internal.compiler.lookup.LocalVariableBinding;
 866:             6            144  org.springframework.aop.framework.JdkDynamicAopProxy
 867:             6            144  sun.security.util.Cache$EqualByteArray
 868:             6            144  com.sun.org.apache.xerces.internal.util.Status
 869:             3            144  [Ljavax.el.ELResolver;
 870:             6            144  org.apache.coyote.http11.filters.GzipOutputFilter
 871:             3            144  java.lang.ThreadGroup
 872:             3            144  org.apache.catalina.util.Extension
 873:             3            144  freemarker.core.BuiltIn$dateBI
 874:             9            144  org.hibernate.engine.IdentifierValue
 875:             6            144  sun.security.x509.CertificateValidity
 876:             6            144  sun.security.x509.CertificateIssuerName
 877:             6            144  java.lang.reflect.Proxy$KeyX
 878:             6            144  org.xml.sax.helpers.AttributesImpl
 879:             6            144  sun.security.x509.CertificateSubjectName
 880:             3            144  org.apache.struts2.interceptor.ActionMappingParametersInteceptor
 881:             6            144  org.apache.coyote.http11.filters.GzipOutputFilter$FakeOutputStream
 882:             6            144  org.hibernate.LockMode
 883:             6            144  java.util.regex.Pattern$CharPropertyNames$2
 884:             2            144  org.apache.jasper.compiler.Node$IncludeDirective
 885:             3            144  org.apache.catalina.deploy.FilterDef
 886:             6            144  sun.security.util.BitArray
 887:             2            144  [Ljava.math.BigDecimal;
 888:             6            144  org.apache.coyote.AsyncStateMachine
 889:             6            144  sun.misc.PerfCounter
 890:             6            144  org.apache.jasper.compiler.ErrorDispatcher
 891:             6            144  org.apache.coyote.http11.filters.ChunkedOutputFilter
 892:             2            144  org.apache.catalina.deploy.ServletDef
 893:             6            144  [Lorg.springframework.aop.Advisor;
 894:             6            144  org.hibernate.hql.ast.util.JoinProcessor$1
 895:             2            144  com.mysql.jdbc.ConnectionProperties$MemorySizeConnectionProperty
 896:             6            144  [Lcom.sun.org.apache.xerces.internal.impl.RevalidationHandler;
 897:             1            136  org.hibernate.impl.SessionFactoryImpl
 898:             1            136  [Lcom.sun.org.apache.xerces.internal.impl.dv.xs.TypeValidator;
 899:             1            136  org.apache.catalina.core.StandardEngine
 900:             4            128  sun.security.x509.URIName
 901:             4            128  sun.security.x509.NetscapeCertTypeExtension
 902:             8            128  com.sun.org.apache.xerces.internal.impl.XMLDocumentScannerImpl$XMLDeclDriver
 903:             4            128  javax.management.MBeanNotificationInfo
 904:             8            128  [Lorg.apache.catalina.Session;
 905:             4            128  org.apache.naming.NamingContext
 906:             2            128  com.sun.org.apache.xerces.internal.impl.xpath.regex.RegularExpression
 907:             8            128  com.sun.org.apache.xerces.internal.impl.XMLDocumentScannerImpl$PrologDriver
 908:             6            128  [Ljava.security.CodeSigner;
 909:             4            128  java.util.RegularEnumSet
 910:             4            128  org.apache.el.parser.AstDotSuffix
 911:             8            128  com.sun.org.apache.xerces.internal.impl.XMLDocumentScannerImpl$TrailingMiscDriver
 912:             4            128  java.util.Random
 913:             1            128  org.apache.coyote.http11.Http11Protocol
 914:             8            128  java.util.regex.Pattern$CharPropertyNames$3
 915:             4            128  com.sun.jmx.mbeanserver.DefaultMXBeanMappingFactory$ArrayMapping
 916:             2            128  org.apache.struts2.views.jsp.IteratorTag
 917:             4            128  java.util.regex.Pattern$BnM
 918:             1            128  org.apache.catalina.valves.AccessLogValve
 919:             4            128  com.opensymphony.xwork2.interceptor.DefaultWorkflowInterceptor
 920:             8            128  com.sun.proxy.$Proxy9
 921:             2            128  java.io.ExpiringCache$1
 922:             4            128  javax.management.StandardEmitterMBean
 923:             2            128  org.hibernate.mapping.Any
 924:             4            128  org.apache.struts2.interceptor.validation.AnnotationValidationInterceptor
 925:             2            128  java.security.SecureRandom
 926:             1            128  org.jbpm.pvm.internal.cal.BusinessCalendarImpl
 927:             4            128  [[Lcom.sun.org.apache.xerces.internal.xni.QName;
 928:             2            128  org.apache.commons.collections.map.LRUMap
 929:             4            128  com.sun.org.apache.xerces.internal.jaxp.SAXParserFactoryImpl
 930:             5            120  com.sun.org.apache.xerces.internal.util.PropertyState
 931:             1            120  org.springframework.orm.hibernate3.LocalSessionFactoryBean
 932:             5            120  org.hibernate.FlushMode
 933:             5            120  [Lorg.jbpm.pvm.internal.cal.DayPart;
 934:             5            120  org.springframework.transaction.annotation.Isolation
 935:             5            120  org.apache.catalina.valves.AccessLogValve$FormatType
 936:             3            120  java.util.IdentityHashMap
 937:             5            120  com.sun.org.apache.xalan.internal.utils.FeaturePropertyBase$State
 938:             5            120  java.lang.RuntimePermission
 939:             5            120  org.apache.catalina.core.ContainerBase$StartStopThreadFactory
 940:             5            120  com.sun.org.apache.xerces.internal.impl.xs.traversers.LargeContainer
 941:             5            120  org.apache.naming.NamingEntry
 942:             5            120  com.sun.org.apache.xerces.internal.utils.XMLSecurityManager$State
 943:             1            120  org.hibernate.cfg.Configuration
 944:             1            120  org.hibernate.cfg.Settings
 945:             3            120  com.sun.org.apache.xerces.internal.jaxp.DocumentBuilderFactoryImpl
 946:             5            120  com.sun.org.apache.xerces.internal.parsers.AbstractSAXParser$LocatorProxy
 947:             5            120  com.sun.org.apache.xalan.internal.utils.XMLSecurityManager$State
 948:             1            120  org.springframework.web.context.support.XmlWebApplicationContext
 949:             3            120  freemarker.core.NotExpression
 950:             5            120  com.sun.org.apache.xerces.internal.impl.validation.ValidationManager
 951:             5            120  sun.security.jca.ServiceId
 952:             5            120  org.springframework.beans.factory.config.RuntimeBeanReference
 953:             5            120  com.sun.org.apache.xerces.internal.utils.XMLSecurityPropertyManager
 954:             5            120  org.hibernate.CacheMode
 955:             5            120  javax.servlet.DispatcherType
 956:             5            120  com.sun.org.apache.xerces.internal.utils.XMLSecurityPropertyManager$State
 957:             5            120  org.eclipse.jdt.internal.compiler.parser.Scanner$Goal
 958:             5            120  com.sun.org.apache.xerces.internal.util.SymbolTable
 959:             5            120  [Lorg.apache.jasper.compiler.Node$JspAttribute;
 960:             5            120  com.sun.org.apache.xerces.internal.impl.msg.XMLMessageFormatter
 961:             1            112  java.util.logging.LogManager$Cleaner
 962:             1            112  org.apache.catalina.startup.Catalina$CatalinaShutdownHook
 963:             7            112  sun.security.x509.SerialNumber
 964:             2            112  org.apache.catalina.startup.WebRuleSet
 965:             2            112  org.jbpm.pvm.internal.wire.descriptor.EnvDescriptor
 966:             7            112  org.apache.catalina.valves.AccessLogValve$StringElement
 967:             2            112  com.sun.jmx.mbeanserver.MBeanIntrospector$PerInterfaceMap
 968:             2            112  com.sun.jmx.mbeanserver.MBeanIntrospector$MBeanInfoMap
 969:             2            112  org.apache.tomcat.util.threads.TaskQueue
 970:             2            112  ognl.ASTVarRef
 971:             1            112  java.util.TimerThread
 972:             2            112  sun.security.provider.SHA
 973:             2            112  org.dom4j.tree.ConcurrentReaderHashMap
 974:             7            112  org.apache.tomcat.util.buf.UDecoder
 975:             1            112  org.apache.juli.ClassLoaderLogManager$Cleaner
 976:             1            112  org.apache.taglibs.standard.tlv.JstlCoreTLV
 977:             7            112  com.sun.proxy.$Proxy8
 978:             2            112  org.apache.coyote.RequestGroupInfo
 979:             7            112  sun.reflect.generics.tree.ArrayTypeSignature
 980:             1            112  java.lang.ref.Finalizer$FinalizerThread
 981:             7            112  sun.security.x509.GeneralName
 982:             7            112  javax.servlet.jsp.tagext.TagData
 983:             1            104  org.apache.tomcat.websocket.server.WsServerContainer
 984:             6            104  [Lorg.eclipse.jdt.internal.compiler.lookup.ReferenceBinding;
 985:             1            104  java.lang.ref.Reference$ReferenceHandler
 986:             1            104  org.apache.catalina.realm.LockOutRealm
 987:             1            104  sun.misc.GC$Daemon
 988:             4             96  java.util.regex.Pattern$Dollar
 989:             2             96  org.jbpm.pvm.internal.wire.descriptor.ContextTypeRefDescriptor
 990:             3             96  org.apache.commons.lang.xwork.Entities$LookupEntityMap
 991:             6             96  com.sun.org.apache.xerces.internal.impl.dtd.DTDGrammar$QNameHashtable
 992:             4             96  java.lang.Double
 993:             6             96  sun.security.x509.CertificateAlgorithmId
 994:             1             96  org.apache.catalina.core.StandardServer
 995:             3             96  org.apache.commons.lang.xwork.IntHashMap
 996:             6             96  org.springframework.aop.target.SingletonTargetSource
 997:             1             96  com.sun.security.sasl.Provider
 998:             2             96  org.apache.catalina.connector.MapperListener
 999:             1             96  sun.security.jca.ProviderList$1
1000:             1             96  org.jcp.xml.dsig.internal.dom.XMLDSigRI
1001:             3             96  sun.security.x509.KeyUsageExtension
1002:             6             96  com.sun.proxy.$Proxy4
1003:             1             96  sun.security.smartcardio.SunPCSC
1004:             4             96  java.text.EntryPair
1005:             6             96  sun.security.x509.CertificateX509Key
1006:             4             96  javax.management.NotificationBroadcasterSupport
1007:             3             96  org.apache.tomcat.util.http.HttpMessages
1008:             3             96  sun.security.x509.SubjectKeyIdentifierExtension
1009:             3             96  sun.security.x509.BasicConstraintsExtension
1010:             2             96  sun.management.GarbageCollectorImpl
1011:             2             96  org.apache.catalina.mbeans.NamingResourcesMBean
1012:             2             96  org.jbpm.pvm.internal.wire.descriptor.CommandServiceDescriptor
1013:             2             96  [Lorg.springframework.transaction.annotation.Propagation;
1014:             6             96  org.springframework.aop.framework.DefaultAdvisorChainFactory
1015:             3             96  com.sun.jmx.mbeanserver.DefaultMXBeanMappingFactory$EnumMapping
1016:             4             96  java.text.Normalizer$Form
1017:             6             96  org.apache.catalina.connector.RequestFacade
1018:             1             96  sun.security.rsa.SunRsaSign
1019:             6             96  sun.security.x509.KeyIdentifier
1020:             3             96  com.opensymphony.xwork2.util.FileManager$JarEntryRevision
1021:             4             96  freemarker.ext.beans.EnumModels
1022:             6             96  org.springframework.aop.framework.DefaultAopProxyFactory
1023:             4             96  java.util.concurrent.ConcurrentLinkedQueue
1024:             2             96  org.jbpm.pvm.internal.wire.descriptor.EnvironmentInterceptorDescriptor
1025:             6             96  org.apache.coyote.http11.InternalInputBuffer$InputStreamInputBuffer
1026:             3             96  org.apache.catalina.core.ApplicationFilterConfig
1027:             1             96  org.dom4j.io.SAXContentHandler
1028:             4             96  org.springframework.core.Constants
1029:             2             96  org.apache.struts2.interceptor.ExecuteAndWaitInterceptor
1030:             4             96  freemarker.ext.beans.StaticModels
1031:             1             96  sun.security.ec.SunEC
1032:             6             96  org.apache.coyote.http11.InternalOutputBuffer$OutputStreamOutputBuffer
1033:             6             96  org.apache.catalina.connector.CoyoteInputStream
1034:             3             96  org.apache.juli.ClassLoaderLogManager$ClassLoaderLogInfo
1035:             3             96  org.apache.tomcat.util.buf.UDecoder$DecodeException
1036:             6             96  org.apache.catalina.connector.CoyoteOutputStream
1037:             1             96  [Lcom.sun.org.apache.xerces.internal.impl.xpath.regex.RegularExpression;
1038:             4             96  org.apache.tomcat.util.net.AbstractEndpoint$Acceptor$AcceptorState
1039:             4             96  sun.security.x509.CertificateExtensions
1040:             3             96  org.apache.coyote.ErrorState
1041:             6             96  org.apache.catalina.connector.ResponseFacade
1042:             4             96  java.net.InetAddress$CacheEntry
1043:             3             96  com.mysql.jdbc.Buffer
1044:             4             96  org.apache.catalina.startup.TaglibLocationRule
1045:             3             96  com.opensymphony.xwork2.ognl.accessor.XWorkCollectionPropertyAccessor
1046:             3             96  javax.management.MBeanConstructorInfo
1047:             3             96  com.opensymphony.xwork2.interceptor.ExceptionMappingInterceptor
1048:             1             96  com.sun.net.ssl.internal.ssl.Provider
1049:             2             96  sun.text.normalizer.CharTrie
1050:             4             96  org.apache.catalina.startup.ClassLoaderFactory$RepositoryType
1051:             4             96  org.eclipse.jdt.internal.compiler.ast.NullAnnotationMatching
1052:             2             96  org.jbpm.pvm.internal.wire.descriptor.StringDescriptor
1053:             2             96  org.apache.catalina.core.NamingContextListener
1054:             3             96  ognl.IntHashMap
1055:             3             96  com.sun.org.apache.xalan.internal.utils.XMLSecurityManager$NameMap
1056:             4             96  org.apache.tomcat.util.log.UserDataHelper$Config
1057:             3             96  org.apache.catalina.deploy.FilterMap
1058:             1             96  com.sun.crypto.provider.SunJCE
1059:             3             96  com.sun.org.apache.xerces.internal.utils.XMLSecurityManager$NameMap
1060:             2             96  javax.management.openmbean.TabularType
1061:             2             96  com.sun.org.apache.xerces.internal.util.URI
1062:             2             96  freemarker.core.SequenceBuiltins$seq_index_ofBI
1063:             6             96  org.apache.coyote.http11.filters.VoidInputFilter
1064:             4             96  com.sun.org.apache.xerces.internal.impl.xpath.regex.Token$ParenToken
1065:             3             96  org.apache.struts2.interceptor.FileUploadInterceptor
1066:             2             96  freemarker.core.DynamicKeyName
1067:             6             96  sun.security.x509.CertificateVersion
1068:             6             96  org.hibernate.engine.Status
1069:             6             96  org.apache.coyote.http11.filters.VoidOutputFilter
1070:             6             96  org.apache.jasper.compiler.DefaultErrorHandler
1071:             3             96  com.opensymphony.xwork2.interceptor.PrepareInterceptor
1072:             4             96  com.sun.org.apache.xerces.internal.impl.xpath.regex.Token$UnionToken
1073:             4             96  com.opensymphony.xwork2.inject.util.ReferenceType
1074:             6             96  sun.security.x509.CertificateSerialNumber
1075:             1             96  org.apache.jasper.EmbeddedServletOptions
1076:             1             88  [Lsun.security.util.ObjectIdentifier;
1077:             1             88  [[Ljava.lang.Byte;
1078:             3             88  [Lcom.sun.org.apache.xalan.internal.utils.FeaturePropertyBase$State;
1079:             1             88  sun.nio.cs.CharsetMapping
1080:             2             88  [Lcom.sun.org.apache.xalan.internal.utils.XMLSecurityManager$State;
1081:             4             88  [Ljava.beans.PropertyChangeListener;
1082:             1             88  org.apache.catalina.realm.UserDatabaseRealm
1083:             1             80  org.apache.catalina.loader.StandardClassLoader
1084:             5             80  ognl.ObjectPropertyAccessor
1085:             2             80  org.jbpm.pvm.internal.email.impl.MailTemplate
1086:             2             80  java.io.BufferedInputStream
1087:             1             80  [Ljavax.websocket.CloseReason$CloseCodes;
1088:             2             80  org.jbpm.pvm.internal.svc.RetryInterceptor
1089:             2             80  sun.security.provider.DSAPublicKeyImpl
1090:             5             80  com.sun.org.apache.xerces.internal.parsers.AbstractSAXParser$AttributesProxy
1091:             1             80  com.sun.org.apache.xalan.internal.xsltc.trax.TransformerFactoryImpl
1092:             2             80  [Lorg.springframework.transaction.annotation.Isolation;
1093:             5             80  com.sun.org.apache.xerces.internal.util.ErrorHandlerWrapper
1094:             2             80  [Ljavax.servlet.DispatcherType;
1095:             1             80  org.apache.catalina.authenticator.NonLoginAuthenticator
1096:             3             80  [Ljava.net.InetAddress;
1097:             5             80  java.util.Hashtable$KeySet
1098:             5             80  java.util.regex.Pattern$Begin
1099:             5             80  sun.net.www.protocol.jar.Handler
1100:             5             80  sun.security.x509.GeneralNames
1101:             1             80  sun.misc.Launcher$AppClassLoader
1102:             5             80  com.sun.org.apache.xerces.internal.impl.dv.dtd.DTDDVFactoryImpl
1103:             2             80  java.io.ExpiringCache
1104:             1             80  org.springframework.aop.framework.autoproxy.InfrastructureAdvisorAutoProxyCreator
1105:             2             80  org.apache.catalina.mbeans.ConnectorMBean
1106:             2             80  freemarker.cache.TemplateCache
1107:             2             80  java.util.Locale$Category
1108:             1             80  org.eclipse.jdt.internal.compiler.lookup.ProblemReferenceBinding
1109:             5             80  freemarker.template.SimpleNumber
1110:             5             80  java.util.logging.SimpleFormatter
1111:             2             80  org.apache.tomcat.util.log.SystemLogHandler
1112:             2             80  com.sun.jmx.mbeanserver.DefaultMXBeanMappingFactory$TabularMapping
1113:             2             80  org.apache.catalina.util.SessionIdGenerator
1114:             5             80  java.util.logging.ErrorManager
1115:             1             80  org.apache.jasper.compiler.JspRuntimeContext
1116:             1             80  org.eclipse.jdt.internal.compiler.lookup.ProblemMethodBinding
1117:             1             80  sun.misc.Launcher$ExtClassLoader
1118:             3             72  javax.servlet.SessionTrackingMode
1119:             3             72  com.opensymphony.xwork2.interceptor.ChainingInterceptor
1120:             3             72  org.apache.struts2.components.template.TemplateEngineManager$LazyEngineFactory
1121:             3             72  java.io.BufferedOutputStream
1122:             3             72  com.opensymphony.xwork2.interceptor.I18nInterceptor
1123:             1             72  org.apache.catalina.loader.WebappLoader
1124:             3             72  [Lorg.hibernate.event.SaveOrUpdateEventListener;
1125:             1             72  org.apache.catalina.startup.ContextConfig
1126:             3             72  sun.misc.Signal
1127:             3             72  java.net.ServerSocket
1128:             1             72  [Ljavax.management.openmbean.SimpleType;
1129:             3             72  org.apache.tomcat.util.http.parser.HttpParser$SkipConstantResult
1130:             1             72  org.eclipse.jdt.internal.compiler.flow.UnconditionalFlowInfo
1131:             3             72  org.hibernate.ScrollMode
1132:             1             72  [Lorg.apache.catalina.LifecycleState;
1133:             3             72  org.apache.tomcat.util.log.UserDataHelper$Mode
1134:             1             72  java.util.logging.LogManager$RootLogger
1135:             3             72  [Lcom.sun.org.apache.xerces.internal.impl.xs.XSGroupDecl;
1136:             3             72  org.springframework.context.annotation.ScopedProxyMode
1137:             1             72  [Lorg.apache.catalina.valves.AccessLogValve$AccessLogElement;
1138:             3             72  java.lang.annotation.RetentionPolicy
1139:             1             72  org.apache.commons.collections.map.ReferenceMap
1140:             3             72  sun.net.www.protocol.http.HttpURLConnection$TunnelState
1141:             3             72  com.sun.org.apache.xerces.internal.impl.XMLDocumentScannerImpl$ContentDriver
1142:             1             72  org.jbpm.pvm.internal.wire.descriptor.PropertiesDescriptor
1143:             3             72  java.net.InetAddress
1144:             3             72  org.hibernate.hql.ast.util.JoinProcessor
1145:             3             72  com.sun.org.apache.xerces.internal.impl.dtd.models.SimpleContentModel
1146:             3             72  org.apache.tomcat.util.http.mapper.Mapper
1147:             1             72  org.apache.struts2.views.freemarker.StrutsBeanWrapper
1148:             3             72  org.jbpm.pvm.internal.wire.WireContext$InitializationType
1149:             2             72  [Lsun.security.jca.ProviderConfig;
1150:             3             72  org.hibernate.hql.ast.util.SyntheticAndFactory
1151:             1             72  org.eclipse.jdt.internal.compiler.lookup.TypeBinding$1
1152:             1             72  org.apache.coyote.ajp.AjpProtocol
1153:             3             72  org.apache.tomcat.util.net.AbstractEndpoint$BindState
1154:             3             72  com.sun.jmx.mbeanserver.ClassLoaderRepositorySupport$LoaderEntry
1155:             3             72  org.apache.tomcat.util.descriptor.LocalResolver
1156:             1             72  org.eclipse.jdt.internal.compiler.lookup.ReferenceBinding$1
1157:             3             72  org.hibernate.jdbc.util.FormatStyle
1158:             3             72  java.net.Proxy$Type
1159:             3             72  org.jbpm.pvm.internal.wire.binding.ListBinding
1160:             1             72  com.mysql.jdbc.ConnectionProperties$LongConnectionProperty
1161:             2             64  [[Lcom.sun.org.apache.xerces.internal.impl.dv.DatatypeValidator;
1162:             2             64  java.io.PrintStream
1163:             1             64  [F
1164:             2             64  org.apache.tomcat.util.threads.LimitLatch
1165:             2             64  sun.security.provider.SecureRandom
1166:             1             64  org.apache.catalina.loader.WebappClassLoader$1
1167:             2             64  java.net.Inet6Address$Inet6AddressHolder
1168:             2             64  org.apache.tomcat.util.threads.LimitLatch$Sync
1169:             2             64  org.jbpm.pvm.internal.wire.WireDefinition
1170:             2             64  org.apache.el.parser.AstValue
1171:             4             64  sun.security.x509.DNSName
1172:             2             64  sun.util.locale.UnicodeLocaleExtension
1173:             2             64  [Ljavax.servlet.SessionTrackingMode;
1174:             2             64  [Ljava.lang.ThreadGroup;
1175:             2             64  sun.security.x509.ExtendedKeyUsageExtension
1176:             1             64  org.apache.catalina.startup.HostConfig
1177:             1             64  org.apache.catalina.servlets.DefaultServlet
1178:             2             64  java.lang.VirtualMachineError
1179:             2             64  org.apache.el.parser.AstIdentifier
1180:             2             64  org.hibernate.param.PositionalParameterSpecification
1181:             1             64  org.apache.catalina.realm.LockOutRealm$1
1182:             2             64  org.apache.tomcat.util.threads.TaskThreadFactory
1183:             4             64  freemarker.log.Log4JLoggerFactory$Log4JLogger
1184:             4             64  freemarker.ext.beans.BeansWrapper$1
1185:             2             64  java.util.concurrent.atomic.AtomicReferenceFieldUpdater$AtomicReferenceFieldUpdaterImpl
1186:             1             64  sun.security.provider.NativePRNG$RandomIO
1187:             4             64  com.sun.org.apache.xerces.internal.util.EntityResolver2Wrapper
1188:             2             64  java.security.MessageDigest$Delegate
1189:             1             64  freemarker.template.DefaultObjectWrapper
1190:             2             64  java.security.BasicPermissionCollection
1191:             2             64  com.opensymphony.xwork2.ognl.accessor.XWorkListPropertyAccessor
1192:             1             64  org.springframework.orm.hibernate3.HibernateTransactionManager
1193:             1             64  freemarker.template.SimpleObjectWrapper
1194:             4             64  org.apache.naming.NameParserImpl
1195:             2             64  [Ljava.lang.annotation.RetentionPolicy;
1196:             2             64  com.sun.org.apache.xalan.internal.utils.XMLSecurityPropertyManager$Property
1197:             2             64  org.dom4j.tree.ConcurrentReaderHashMap$Entry
1198:             1             64  org.apache.naming.resources.ProxyDirContext
1199:             2             64  sun.security.x509.CertificatePoliciesExtension
1200:             2             64  java.lang.ref.ReferenceQueue$Null
1201:             2             64  sun.security.x509.SubjectAlternativeNameExtension
1202:             2             64  org.apache.coyote.AbstractProtocol$RecycledProcessors
1203:             1             64  org.hibernate.hql.ast.tree.BooleanLiteralNode
1204:             1             64  freemarker.ext.beans.BeansWrapper
1205:             2             64  sun.net.spi.DefaultProxySelector$NonProxyInfo
1206:             1             64  org.apache.naming.resources.ResourceCache
1207:             2             64  org.apache.tomcat.util.http.mapper.Mapper$Host
1208:             2             64  java.security.cert.PolicyQualifierInfo
1209:             2             64  com.sun.jmx.mbeanserver.DefaultMXBeanMappingFactory$CollectionMapping
1210:             4             64  com.sun.proxy.$Proxy23
1211:             1             64  org.apache.catalina.core.StandardService
1212:             1             64  com.opensymphony.xwork2.util.location.LocatableProperties
1213:             2             64  java.lang.reflect.WeakCache$CacheKey
1214:             1             64  java.util.ResourceBundle$RBClassLoader
1215:             2             64  sun.security.x509.CRLDistributionPointsExtension
1216:             4             64  org.hibernate.cache.access.AccessType
1217:             2             64  org.hibernate.sql.QueryJoinFragment
1218:             1             64  com.sun.org.apache.xerces.internal.impl.xs.SchemaGrammar$XSAnyType
1219:             2             64  com.sun.jndi.ldap.pool.Pool
1220:             2             64  org.apache.el.parser.AstCompositeExpression
1221:             2             64  java.security.AlgorithmParameters
1222:             1             64  org.springframework.orm.hibernate3.HibernateTemplate
1223:             1             64  freemarker.core.Macro
1224:             2             64  java.net.Inet6Address
1225:             2             64  sun.security.x509.DistributionPoint
1226:             4             64  java.lang.Float
1227:             3             64  [Lorg.apache.tomcat.util.http.mapper.Mapper$Host;
1228:             2             64  [[Lcom.sun.org.apache.xerces.internal.impl.dtd.models.ContentModelValidator;
1229:             2             64  com.sun.org.apache.xerces.internal.utils.XMLSecurityPropertyManager$Property
1230:             2             64  org.apache.el.parser.AstDynamicExpression
1231:             2             64  sun.nio.fs.UnixPath
1232:             2             64  sun.security.util.MemoryCache
1233:             2             64  [[[Ljava.lang.String;
1234:             1             56  org.apache.catalina.deploy.ContextResource
1235:             1             56  java.util.zip.ZipFile$ZipFileInputStream
1236:             1             56  org.springframework.context.annotation.CommonAnnotationBeanPostProcessor
1237:             1             56  [Lorg.eclipse.jdt.internal.compiler.lookup.TypeConstants$CloseMethodRecord;
1238:             1             56  org.eclipse.jdt.internal.compiler.ast.IntLiteral
1239:             1             56  org.apache.catalina.mbeans.MemoryUserDatabaseMBean
1240:             1             56  java.text.DateFormatSymbols
1241:             1             56  [Lsun.util.logging.PlatformLogger$Level;
1242:             1             56  sun.net.www.http.KeepAliveCache
1243:             1             56  org.apache.jasper.compiler.JspConfig$JspProperty
1244:             1             56  org.apache.juli.ClassLoaderLogManager
1245:             1             56  java.util.zip.ZipFile$ZipFileInflaterInputStream
1246:             1             56  [Lcom.sun.org.apache.xerces.internal.impl.xs.util.XInt;
1247:             1             56  [Lcom.sun.org.apache.xerces.internal.impl.dv.XSSimpleType;
1248:             1             56  org.apache.catalina.core.ApplicationContext
1249:             1             56  org.apache.catalina.core.DefaultInstanceManager
1250:             1             56  [Ljava.lang.Runnable;
1251:             1             56  org.jbpm.pvm.internal.wire.descriptor.HibernateSessionDescriptor
1252:             1             56  [Ljava.text.Format;
1253:             1             56  org.apache.catalina.valves.ErrorReportValve
1254:             1             56  [Lorg.apache.coyote.AsyncStateMachine$AsyncState;
1255:             1             56  org.apache.commons.logging.impl.WeakHashtable
1256:             1             56  java.util.logging.ConsoleHandler
1257:             1             56  com.sun.jmx.mbeanserver.DefaultMXBeanMappingFactory$Mappings
1258:             1             48  freemarker.core.NumericalBuiltins$ceilingBI
1259:             1             48  freemarker.core.SequenceBuiltins$sort_byBI
1260:             1             48  freemarker.core.BuiltIn$is_transformBI
1261:             2             48  [Lorg.hibernate.event.PersistEventListener;
1262:             1             48  org.eclipse.jdt.internal.compiler.lookup.ProblemPackageBinding
1263:             1             48  freemarker.core.NodeBuiltins$childrenBI
1264:             1             48  freemarker.core.StringBuiltins$j_stringBI
1265:             3             48  com.sun.proxy.$Proxy20
1266:             3             48  org.apache.struts2.interceptor.MultiselectInterceptor
1267:             1             48  freemarker.core.StringBuiltins$chop_linebreakBI
1268:             1             48  freemarker.core.StringBuiltins$js_stringBI
1269:             1             48  freemarker.core.BuiltIn$containsBI
1270:             1             48  freemarker.core.BuiltIn$keysBI
1271:             1             48  [Ljava.math.RoundingMode;
1272:             2             48  com.sun.org.apache.xerces.internal.impl.dtd.XMLContentSpec
1273:             1             48  freemarker.core.BuiltIn$last_index_ofBI
1274:             2             48  org.dom4j.Namespace
1275:             1             48  freemarker.core.BuiltIn$starts_withBI
1276:             1             48  [Lsun.security.x509.NetscapeCertTypeExtension$MapEntry;
1277:             1             48  freemarker.core.SequenceBuiltins$lastBI
1278:             2             48  sun.security.jca.ProviderList$3
1279:             2             48  org.apache.catalina.startup.SetOverrideRule
1280:             1             48  org.apache.catalina.core.StandardHostValve
1281:             1             48  freemarker.core.BuiltIn$stringBI
1282:             1             48  freemarker.core.BuiltIn$left_padBI
1283:             2             48  org.apache.catalina.startup.ServiceQnameRule
1284:             1             48  org.dom4j.io.SAXReader
1285:             2             48  org.jbpm.pvm.internal.email.impl.AddressTemplate
1286:             1             48  freemarker.core.BuiltIn$lengthBI
1287:             1             48  freemarker.core.StringBuiltins$substringBI
1288:             2             48  com.opensymphony.xwork2.interceptor.AliasInterceptor
1289:             1             48  java.net.SocketOutputStream
1290:             1             48  org.apache.commons.logging.impl.LogFactoryImpl
1291:             3             48  org.hibernate.FetchMode
1292:             1             48  freemarker.core.NumericalBuiltins$doubleBI
1293:             2             48  javax.el.BeanELResolver$ConcurrentCache
1294:             1             48  freemarker.core.NumericalBuiltins$longBI
1295:             1             48  freemarker.core.BuiltIn$trimBI
1296:             3             48  javax.mail.Message$RecipientType
1297:             1             48  org.eclipse.jdt.internal.compiler.flow.FlowContext
1298:             1             48  freemarker.core.BuiltIn$ends_withBI
1299:             1             48  freemarker.core.StringBuiltins$lower_caseBI
1300:             1             48  freemarker.core.StringBuiltins$uncap_firstBI
1301:             1             48  sun.misc.SoftCache$ValueCell
1302:             1             48  freemarker.core.BuiltIn$namespaceBI
1303:             2             48  org.apache.catalina.startup.SoapHeaderRule
1304:             2             48  sun.security.provider.certpath.X509CertPath
1305:             1             48  freemarker.core.StringBuiltins$upper_caseBI
1306:             1             48  freemarker.core.StringBuiltins$evalBI
1307:             2             48  java.net.InetAddress$Cache
1308:             1             48  [Ljava.beans.WeakIdentityMap$Entry;
1309:             1             48  freemarker.core.BuiltIn$urlBI
1310:             2             48  org.apache.catalina.startup.SetPublicIdRule
1311:             1             48  freemarker.core.BuiltIn$existsBI
1312:             1             48  org.apache.log4j.Hierarchy
1313:             1             48  freemarker.core.NewBI
1314:             2             48  sun.misc.NativeSignalHandler
1315:             1             48  freemarker.core.BuiltIn$valuesBI
1316:             2             48  java.security.CodeSigner
1317:             2             48  java.net.InetAddress$Cache$Type
1318:             1             48  org.springframework.beans.factory.annotation.AutowiredAnnotationBeanPostProcessor
1319:             1             48  java.util.concurrent.locks.ReentrantReadWriteLock$FairSync
1320:             1             48  freemarker.core.OrExpression
1321:             2             48  org.apache.catalina.startup.IgnoreAnnotationsRule
1322:             2             48  com.opensymphony.xwork2.config.impl.ActionConfigMatcher
1323:             1             48  freemarker.core.StringBuiltins$word_listBI
1324:             3             48  org.hibernate.ConnectionReleaseMode
1325:             2             48  org.apache.catalina.startup.VersionRule
1326:             1             48  org.apache.catalina.deploy.SessionConfig
1327:             1             48  freemarker.core.BuiltIn$xhtmlBI
1328:             1             48  org.eclipse.jdt.internal.compiler.lookup.FieldBinding
1329:             1             48  freemarker.core.SequenceBuiltins$firstBI
1330:             1             48  freemarker.core.BuiltIn$xmlBI
1331:             2             48  org.apache.catalina.startup.AbsoluteOrderingRule
1332:             2             48  sun.security.x509.AccessDescription
1333:             1             48  org.jbpm.pvm.internal.wire.descriptor.HistorySessionDescriptor
1334:             2             48  org.hibernate.engine.query.OrdinalParameterDescriptor
1335:             2             48  com.sun.jmx.mbeanserver.WeakIdentityHashMap
1336:             1             48  java.text.RuleBasedCollator
1337:             3             48  org.apache.catalina.util.URLEncoder
1338:             1             48  freemarker.core.NumericalBuiltins$floatBI
1339:             1             48  freemarker.core.RegexBuiltins$matchesBI
1340:             2             48  org.apache.catalina.startup.RelativeOrderingRule
1341:             2             48  com.opensymphony.xwork2.interceptor.StaticParametersInterceptor
1342:             1             48  freemarker.core.NumericalBuiltins$floorBI
1343:             1             48  [Ljava.util.concurrent.TimeUnit;
1344:             1             48  org.apache.jsp.WEB_002dINF.jsp.user.list_jsp
1345:             2             48  org.jbpm.pvm.internal.svc.Policy
1346:             1             48  freemarker.core.RegexBuiltins$groupsBI
1347:             2             48  org.apache.catalina.startup.NameRule
1348:             1             48  org.apache.catalina.core.StandardContextValve
1349:             1             48  freemarker.core.SequenceBuiltins$chunkBI
1350:             1             48  freemarker.core.RegexBuiltins$replace_reBI
1351:             3             48  org.hibernate.mapping.PropertyGeneration
1352:             2             48  org.apache.catalina.startup.SetDistributableRule
1353:             2             48  [Lorg.apache.tomcat.util.net.AbstractEndpoint$Acceptor;
1354:             3             48  org.hibernate.engine.ValueInclusion
1355:             1             48  org.apache.struts2.spring.StrutsSpringObjectFactory
1356:             3             48  com.sun.proxy.$Proxy21
1357:             2             48  org.apache.catalina.core.StandardWrapperFacade
1358:             2             48  org.jbpm.pvm.internal.tx.SpringTransactionInterceptor
1359:             2             48  sun.util.locale.LocaleExtensions
1360:             1             48  freemarker.core.BuiltIn$has_contentBI
1361:             2             48  org.apache.catalina.startup.SetJspConfig
1362:             1             48  freemarker.core.RegexBuiltins$split_reBI
1363:             3             48  [Lorg.eclipse.jdt.internal.compiler.lookup.VariableBinding;
1364:             3             48  [Lorg.eclipse.jdt.internal.compiler.lookup.FieldBinding;
1365:             1             48  org.apache.jasper.compiler.ParserController
1366:             2             48  freemarker.ext.beans.OverloadedVarArgMethod$ArgumentPacker
1367:             2             48  org.apache.catalina.startup.SetLoginConfig
1368:             2             48  org.apache.naming.StringManager
1369:             1             48  freemarker.core.NodeBuiltins$node_nameBI
1370:             3             48  com.sun.proxy.$Proxy22
1371:             2             48  org.apache.catalina.startup.SetAuthConstraintRule
1372:             2             48  sun.nio.cs.ext.EUC_KR
1373:             3             48  java.text.AttributedCharacterIterator$Attribute
1374:             1             48  freemarker.core.NodeBuiltins$node_namespaceBI
1375:             1             48  freemarker.core.BuiltIn$index_ofBI
1376:             2             48  org.apache.tomcat.util.net.JIoEndpoint$Acceptor
1377:             2             48  org.apache.catalina.startup.ServletDefCreateRule
1378:             1             48  org.apache.naming.resources.ImmutableNameNotFoundException
1379:             2             48  org.apache.catalina.util.InstanceSupport
1380:             1             48  [Lcom.sun.org.apache.xerces.internal.utils.XMLSecurityManager$Limit;
1381:             2             48  org.jbpm.pvm.internal.wire.xml.WireParser
1382:             1             48  freemarker.core.NodeBuiltins$node_typeBI
1383:             1             48  freemarker.core.NumericalBuiltins$intBI
1384:             2             48  org.apache.catalina.startup.SetSessionConfig
1385:             2             48  sun.security.jca.ProviderList
1386:             1             48  sun.text.normalizer.IntTrie
1387:             1             48  freemarker.core.StringBuiltins$numberBI
1388:             1             48  org.apache.catalina.core.StandardEngineValve
1389:             1             48  freemarker.core.Interpret
1390:             1             48  org.apache.catalina.users.MemoryUserDatabase
1391:             1             48  freemarker.core.NodeBuiltins$parentBI
1392:             1             48  org.jbpm.pvm.internal.wire.descriptor.DbSessionDescriptor
1393:             2             48  sun.security.x509.PolicyInformation
1394:             1             48  freemarker.core.BuiltIn$is_booleanBI
1395:             2             48  javax.el.BeanELResolver$BeanProperties
1396:             1             48  org.apache.struts2.views.jsp.PropertyTag
1397:             1             48  freemarker.core.BuiltIn$is_collectionBI
1398:             2             48  javax.el.BeanELResolver
1399:             1             48  [Lcom.sun.org.apache.xalan.internal.utils.XMLSecurityManager$Limit;
1400:             1             48  freemarker.core.SequenceBuiltins$reverseBI
1401:             2             48  java.util.Currency
1402:             2             48  org.apache.tomcat.util.http.mapper.Mapper$ContextList
1403:             1             48  freemarker.core.BuiltIn$is_dateBI
1404:             2             48  javax.annotation.Resource$AuthenticationType
1405:             1             48  org.apache.struts2.dispatcher.Dispatcher
1406:             2             48  org.dom4j.util.SimpleSingleton
1407:             2             48  [Lorg.apache.tomcat.util.http.mapper.Mapper$Context;
1408:             2             48  [Ljavax.annotation.Resource$AuthenticationType;
1409:             1             48  freemarker.core.BuiltIn$right_padBI
1410:             3             48  com.sun.org.apache.xerces.internal.impl.dv.dtd.ListDatatypeValidator
1411:             2             48  [Lorg.hibernate.event.MergeEventListener;
1412:             1             48  freemarker.core.BuiltIn$is_directiveBI
1413:             3             48  org.hibernate.persister.entity.Queryable$Declarer
1414:             1             48  freemarker.core.NodeBuiltins$rootBI
1415:             3             48  org.apache.struts2.interceptor.StrutsConversionErrorInterceptor
1416:             2             48  org.springframework.core.io.ClassPathResource
1417:             2             48  org.apache.catalina.session.ManagerBase$SessionTiming
1418:             2             48  [Lorg.apache.tomcat.util.http.mapper.Mapper$ContextVersion;
1419:             1             48  freemarker.core.BuiltIn$is_enumerableBI
1420:             2             48  org.apache.tomcat.util.http.mapper.Mapper$Context
1421:             1             48  freemarker.core.NumericalBuiltins$roundBI
1422:             3             48  com.sun.proxy.$Proxy5
1423:             1             48  freemarker.core.BuiltIn$is_hash_exBI
1424:             2             48  com.opensymphony.xwork2.ognl.accessor.XWorkMapPropertyAccessor
1425:             2             48  org.hibernate.dialect.TypeNames
1426:             2             48  org.dom4j.tree.QNameCache
1427:             1             48  freemarker.core.BuiltIn$rtfBI
1428:             2             48  org.springframework.beans.factory.config.TypedStringValue
1429:             1             48  [Lorg.apache.tomcat.util.net.AbstractEndpoint$Handler$SocketState;
1430:             1             48  freemarker.core.BuiltIn$is_hashBI
1431:             3             48  org.apache.struts2.interceptor.ServletConfigInterceptor
1432:             1             48  [Lorg.apache.tomcat.util.net.SocketStatus;
1433:             1             48  freemarker.core.NodeBuiltins$ancestorsBI
1434:             1             48  freemarker.core.SequenceBuiltins$seq_containsBI
1435:             2             48  java.nio.charset.CoderResult
1436:             1             48  freemarker.core.BuiltIn$is_indexableBI
1437:             3             48  com.sun.proxy.$Proxy10
1438:             1             48  java.util.concurrent.ConcurrentSkipListMap
1439:             3             48  org.hibernate.EntityMode
1440:             1             48  freemarker.core.BuiltIn$is_macroBI
1441:             2             48  org.eclipse.jdt.internal.compiler.impl.LongConstant
1442:             1             48  freemarker.core.NumericalBuiltins$byteBI
1443:             1             48  freemarker.core.NumericalBuiltins$shortBI
1444:             1             48  freemarker.core.BuiltIn$is_methodBI
1445:             3             48  sun.text.normalizer.NormalizerBase$QuickCheckResult
1446:             3             48  org.apache.commons.lang.xwork.Entities
1447:             2             48  java.lang.management.ManagementPermission
1448:             1             48  freemarker.core.NumericalBuiltins$cBI
1449:             1             48  freemarker.core.BuiltIn$is_nodeBI
1450:             2             48  [Lcom.sun.jmx.mbeanserver.ClassLoaderRepositorySupport$LoaderEntry;
1451:             3             48  org.apache.catalina.realm.RealmBase$AllRolesMode
1452:             1             48  org.jbpm.pvm.internal.wire.WireContext
1453:             1             48  freemarker.core.BuiltIn$is_numberBI
1454:             2             48  freemarker.ext.beans.BeansWrapper$MethodSignature
1455:             3             48  org.hibernate.engine.ExecuteUpdateResultCheckStyle
1456:             1             48  freemarker.core.StringBuiltins$cap_firstBI
1457:             1             48  freemarker.core.BuiltIn$is_sequenceBI
1458:             1             48  org.springframework.orm.hibernate3.support.OpenSessionInViewFilter
1459:             3             48  com.opensymphony.xwork2.interceptor.ModelDrivenInterceptor
1460:             1             48  freemarker.cache.MruCacheStorage
1461:             2             48  java.io.File$PathStatus
1462:             2             48  sun.management.ManagementFactoryHelper$1
1463:             2             48  javax.el.ExpressionFactory$CacheValue
1464:             1             48  freemarker.core.StringBuiltins$capitalizeBI
1465:             1             48  freemarker.core.BuiltIn$is_stringBI
1466:             1             48  [Lorg.jbpm.pvm.internal.cal.Day;
1467:             3             48  java.nio.charset.CodingErrorAction
1468:             3             48  org.apache.struts2.interceptor.CheckboxInterceptor
1469:             1             48  freemarker.core.SequenceBuiltins$sortBI
1470:             2             48  sun.security.provider.DSAParameters
1471:             1             48  org.jbpm.pvm.internal.wire.descriptor.TypesDescriptor
1472:             1             40  [Lcom.sun.org.apache.xerces.internal.util.Status;
1473:             1             40  org.apache.jasper.servlet.JspServlet
1474:             1             40  org.apache.log4j.spi.RootLogger
1475:             1             40  org.jbpm.pvm.internal.wire.descriptor.TransactionRefDescriptor
1476:             1             40  com.sun.jmx.mbeanserver.MBeanServerDelegateImpl
1477:             1             40  [Lorg.eclipse.jdt.internal.compiler.codegen.ExceptionLabel;
1478:             1             40  sun.util.resources.TimeZoneNames
1479:             1             40  [Lorg.eclipse.jdt.internal.compiler.codegen.BranchLabel;
1480:             1             40  sun.util.resources.TimeZoneNames_en
1481:             1             40  org.eclipse.jdt.internal.compiler.lookup.NullTypeBinding
1482:             1             40  org.apache.catalina.core.ApplicationSessionCookieConfig
1483:             1             40  org.eclipse.jdt.internal.compiler.lookup.VoidTypeBinding
1484:             1             40  org.apache.catalina.mbeans.ServiceMBean
1485:             1             40  sun.nio.cs.ext.ExtendedCharsets
1486:             1             40  org.apache.tomcat.util.modeler.Registry
1487:             1             40  sun.management.MemoryManagerImpl
1488:             1             40  sun.security.util.AuthResources
1489:             1             40  com.mysql.jdbc.util.ReadAheadInputStream
1490:             1             40  org.jbpm.pvm.internal.cal.Holiday
1491:             1             40  java.beans.WeakIdentityMap$Entry
1492:             1             40  [Lorg.apache.catalina.valves.AccessLogValve$FormatType;
1493:             1             40  org.apache.jasper.compiler.JspConfig
1494:             1             40  org.apache.catalina.mbeans.ContextResourceMBean
1495:             1             40  com.sun.org.apache.xerces.internal.impl.xs.XSParticleDecl
1496:             1             40  sun.misc.Cleaner
1497:             1             40  com.opensymphony.xwork2.inject.ContainerImpl
1498:             1             40  org.jbpm.pvm.internal.processengine.SpringProcessEngine
1499:             1             40  ognl.ObjectArrayPool$SizePool
1500:             1             40  org.apache.catalina.startup.HostConfig$DeployedApplication
1501:             1             40  org.apache.catalina.startup.Catalina
1502:             1             40  java.util.ResourceBundle$1
1503:             1             40  java.text.RBCollationTables
1504:             1             40  java.text.MessageFormat
1505:             1             40  org.apache.struts2.interceptor.debugging.DebuggingInterceptor
1506:             1             40  org.jbpm.pvm.internal.cfg.ConfigurationImpl
1507:             1             40  org.apache.jsp.login_jsp
1508:             1             40  sun.util.logging.resources.logging
1509:             1             40  org.apache.catalina.mbeans.ContextMBean
1510:             1             40  org.dom4j.tree.DefaultDocument
1511:             1             40  com.opensymphony.xwork2.conversion.impl.XWorkConverter
1512:             1             40  com.sun.jmx.interceptor.DefaultMBeanServerInterceptor
1513:             1             40  com.sun.jmx.mbeanserver.JmxMBeanServer
1514:             1             40  org.springframework.transaction.interceptor.BeanFactoryTransactionAttributeSourceAdvisor
1515:             1             40  sun.text.IntHashtable
1516:             1             40  sun.nio.cs.StandardCharsets$Aliases
1517:             1             40  com.opensymphony.xwork2.inject.ContainerImpl$1
1518:             1             40  [Lsun.security.jca.ServiceId;
1519:             1             40  sun.text.UCompactIntArray
1520:             1             40  sun.nio.cs.StandardCharsets$Classes
1521:             1             40  org.hibernate.connection.DriverManagerConnectionProvider
1522:             1             40  [Lcom.opensymphony.xwork2.inject.Scope;
1523:             1             40  com.sun.org.apache.xerces.internal.dom.CoreDOMImplementationImpl
1524:             1             40  com.sun.org.apache.xerces.internal.dom.DOMImplementationImpl
1525:             1             40  com.sun.org.apache.xerces.internal.dom.DeferredDOMImplementationImpl
1526:             1             40  sun.nio.cs.StandardCharsets$Cache
1527:             1             40  java.lang.reflect.Proxy$Key2
1528:             1             40  org.dom4j.tree.NamespaceStack
1529:             1             40  com.opensymphony.xwork2.util.LocalizedTextUtil$EmptyResourceBundle
1530:             1             40  [Ljava.lang.management.MemoryPoolMXBean;
1531:             1             40  org.springframework.jndi.support.SimpleJndiBeanFactory
1532:             1             40  com.opensymphony.xwork2.config.impl.DefaultConfiguration
1533:             1             40  com.opensymphony.xwork2.inject.ContainerImpl$5
1534:             1             32  org.dom4j.tree.DefaultDocumentType
1535:             2             32  org.jbpm.pvm.internal.type.converter.ShortToLongConverter
1536:             1             32  [Lorg.apache.tomcat.util.digester.Digester;
1537:             2             32  freemarker.template.utility.CaptureOutput
1538:             2             32  org.apache.el.ExpressionFactoryImpl
1539:             1             32  com.opensymphony.xwork2.validator.AnnotationActionValidatorManager
1540:             2             32  org.jbpm.pvm.internal.type.converter.ByteToLongConverter
1541:             1             32  org.apache.struts2.dispatcher.mapper.DefaultActionMapper
1542:             1             32  com.sun.security.auth.PolicyFile
1543:             2             32  org.jbpm.pvm.internal.type.converter.BooleanToStringConverter
1544:             1             32  freemarker.ext.beans.OverloadedVarArgMethod
1545:             2             32  org.apache.tomcat.util.net.DefaultServerSocketFactory
1546:             1             32  org.apache.struts2.dispatcher.DefaultStaticContentLoader
1547:             2             32  org.jbpm.pvm.internal.type.converter.IntegerToLongConverter
1548:             1             32  com.opensymphony.xwork2.config.impl.DefaultConfiguration$RuntimeConfigurationImpl
1549:             1             32  java.beans.ThreadGroupContext
1550:             1             32  [Ljava.lang.management.MemoryManagerMXBean;
1551:             1             32  org.apache.struts2.components.template.FreemarkerTemplateEngine
1552:             2             32  com.sun.org.apache.xerces.internal.impl.XMLDocumentScannerImpl$DTDDriver
1553:             2             32  java.lang.Shutdown$Lock
1554:             2             32  org.jbpm.pvm.internal.type.converter.SerializableToBytesConverter
1555:             1             32  sun.misc.SoftCache
1556:             1             32  java.lang.ClassCastException
1557:             2             32  org.apache.catalina.realm.X509SubjectDnRetriever
1558:             1             32  java.beans.ThreadGroupContext$1
1559:             1             32  org.apache.tomcat.websocket.server.WsWriteTimeout
1560:             1             32  java.lang.ArrayIndexOutOfBoundsException
1561:             1             32  org.apache.catalina.startup.ContextConfig$DefaultWebXmlCacheEntry
1562:             1             32  org.apache.naming.TransactionRef
1563:             1             32  org.hibernate.dialect.MySQLInnoDBDialect
1564:             2             32  [Ljava.lang.StackTraceElement;
1565:             2             32  java.sql.DriverInfo
1566:             2             32  freemarker.template.utility.HtmlEscape
1567:             1             32  org.springframework.transaction.annotation.AnnotationTransactionAttributeSource
1568:             1             32  com.sun.jmx.mbeanserver.Repository
1569:             2             32  org.jbpm.pvm.internal.type.converter.DateToStringConverter
1570:             2             32  java.util.concurrent.ConcurrentHashMap$KeySet
1571:             1             32  org.apache.catalina.valves.AccessLogValve$DateAndTimeElement
1572:             1             32  com.opensymphony.xwork2.inject.ContainerBuilder
1573:             1             32  org.springframework.context.support.DelegatingMessageSource
1574:             2             32  freemarker.template.utility.NormalizeNewlines
1575:             1             32  sun.security.x509.AuthorityInfoAccessExtension
1576:             1             32  org.apache.catalina.core.JreMemoryLeakPreventionListener
1577:             1             32  [Lorg.apache.tomcat.util.http.parser.HttpParser$SkipConstantResult;
1578:             2             32  org.jbpm.pvm.internal.type.converter.CharacterToStringConverter
1579:             1             32  org.jbpm.pvm.internal.cfg.ConfigurationParser
1580:             2             32  com.sun.org.apache.xerces.internal.impl.dv.xs.QNameDV
1581:             2             32  java.util.jar.JarVerifier$3
1582:             1             32  [Ljava.text.Normalizer$Form;
1583:             2             32  org.jbpm.pvm.internal.svc.DefaultCommandService
1584:             1             32  com.sun.beans.finder.BeanInfoFinder
1585:             2             32  javax.el.ResourceBundleELResolver
1586:             1             32  com.opensymphony.xwork2.interceptor.ScopedModelDrivenInterceptor
1587:             2             32  [Lorg.eclipse.jdt.internal.compiler.ast.Argument;
1588:             2             32  freemarker.template.utility.XmlEscape
1589:             1             32  [Lorg.eclipse.jdt.internal.compiler.ast.ExpressionContext;
1590:             1             32  sun.misc.GC$LatencyRequest
1591:             1             32  com.sun.org.apache.xalan.internal.utils.FeatureManager$Feature
1592:             1             32  freemarker.template.SimpleCollection
1593:             1             32  com.opensymphony.xwork2.ognl.OgnlValueStackFactory
1594:             1             32  [Lorg.apache.tomcat.util.log.UserDataHelper$Mode;
1595:             1             32  com.sun.org.apache.xerces.internal.impl.xs.XSModelGroupImpl
1596:             2             32  javax.el.MapELResolver
1597:             1             32  [Lorg.springframework.context.annotation.ScopedProxyMode;
1598:             2             32  org.dom4j.tree.ConcurrentReaderHashMap$BarrierLock
1599:             2             32  java.util.Collections$UnmodifiableCollection
1600:             2             32  org.apache.tomcat.util.threads.ThreadPoolExecutor$RejectHandler
1601:             1             32  com.sun.org.apache.xml.internal.utils.XMLReaderManager
1602:             2             32  org.springframework.web.context.request.SessionScope
1603:             2             32  [Lorg.eclipse.jdt.internal.compiler.lookup.TypeBinding;
1604:             2             32  org.hibernate.property.BasicPropertyAccessor
1605:             1             32  org.apache.catalina.deploy.LoginConfig
1606:             1             32  sun.nio.cs.StandardCharsets
1607:             1             32  [Lsun.net.www.protocol.http.HttpURLConnection$TunnelState;
1608:             2             32  [Lorg.eclipse.jdt.internal.compiler.lookup.MethodBinding;
1609:             2             32  javax.el.ListELResolver
1610:             2             32  java.util.concurrent.ConcurrentHashMap$Values
1611:             2             32  com.sun.org.apache.xerces.internal.impl.xpath.regex.Token
1612:             1             32  [Lorg.apache.tomcat.util.net.AbstractEndpoint$Acceptor$AcceptorState;
1613:             1             32  sun.nio.fs.LinuxFileSystem
1614:             2             32  org.apache.tomcat.util.net.JIoEndpoint$AsyncTimeout
1615:             2             32  java.util.TreeSet
1616:             1             32  sun.nio.fs.NativeBuffer
1617:             1             32  java.io.UnixFileSystem
1618:             2             32  [Lorg.hibernate.event.PostDeleteEventListener;
1619:             1             32  [Lorg.apache.coyote.ErrorState;
1620:             2             32  [Lorg.hibernate.event.PostUpdateEventListener;
1621:             2             32  [Lorg.hibernate.event.PostInsertEventListener;
1622:             2             32  javax.el.ArrayELResolver
1623:             1             32  java.lang.reflect.WeakCache
1624:             1             32  com.sun.org.apache.xerces.internal.impl.XMLEntityScanner$1
1625:             2             32  [Lorg.apache.catalina.InstanceListener;
1626:             1             32  org.apache.catalina.startup.Bootstrap
1627:             1             32  [Lsun.text.normalizer.NormalizerBase$Mode;
1628:             1             32  [Lsun.nio.fs.NativeBuffer;
1629:             2             32  org.hibernate.property.DirectPropertyAccessor
1630:             1             32  ognl.EvaluationPool
1631:             1             32  org.springframework.ui.context.support.ResourceBundleThemeSource
1632:             1             32  com.sun.org.apache.xalan.internal.utils.XMLSecurityManager
1633:             1             32  org.xml.sax.InputSource
1634:             1             32  java.util.concurrent.SynchronousQueue
1635:             1             32  org.apache.coyote.http11.Http11Protocol$Http11ConnectionHandler
1636:             1             32  java.lang.NullPointerException
1637:             1             32  [Lcom.sun.org.apache.xerces.internal.impl.dv.xs.AbstractDateTimeDV$DateTimeData;
1638:             1             32  sun.management.MemoryImpl
1639:             1             32  java.lang.ArithmeticException
1640:             2             32  sun.security.x509.CertificatePolicyId
1641:             1             32  [Lorg.apache.catalina.startup.ClassLoaderFactory$RepositoryType;
1642:             2             32  sun.text.normalizer.CharTrie$FriendAgent
1643:             1             32  [Lorg.jbpm.pvm.internal.wire.WireContext$InitializationType;
1644:             2             32  com.sun.org.apache.xerces.internal.impl.dv.dtd.ENTITYDatatypeValidator
1645:             1             32  org.apache.struts2.interceptor.validation.JSONValidationInterceptor
1646:             1             32  [Ljava.lang.OutOfMemoryError;
1647:             1             32  com.opensymphony.xwork2.config.ConfigurationManager
1648:             2             32  sun.net.www.protocol.file.Handler
1649:             2             32  org.eclipse.jdt.internal.compiler.impl.BooleanConstant
1650:             1             32  org.apache.jasper.runtime.JspApplicationContextImpl
1651:             1             32  [Lcom.sun.org.apache.xalan.internal.utils.XMLSecurityManager$NameMap;
1652:             1             32  cn.itcast.oa.service.impl.WorkFlowServiceImpl
1653:             1             32  java.text.DontCareFieldPosition
1654:             1             32  [Lorg.apache.tomcat.util.log.UserDataHelper$Config;
1655:             1             32  [Lorg.apache.catalina.deploy.FilterMap;
1656:             1             32  java.lang.Throwable
1657:             1             32  org.apache.struts2.views.freemarker.FreemarkerManager
1658:             1             32  [Lcom.sun.org.apache.xerces.internal.utils.XMLSecurityManager$NameMap;
1659:             2             32  [Ljava.lang.annotation.Annotation;
1660:             1             32  org.apache.jasper.el.JasperELResolver
1661:             2             32  [Ljavax.servlet.jsp.tagext.VariableInfo;
1662:             2             32  java.nio.ByteOrder
1663:             1             32  org.apache.commons.logging.impl.WeakHashtable$WeakKey
1664:             1             32  org.eclipse.jdt.internal.compiler.util.HashtableOfInt
1665:             1             32  [Lcom.sun.jndi.ldap.pool.Pool;
1666:             1             32  [Lorg.apache.tomcat.util.net.AbstractEndpoint$BindState;
1667:             1             32  org.eclipse.jdt.internal.compiler.classfmt.TypeAnnotationWalker$1
1668:             2             32  com.opensymphony.xwork2.ognl.accessor.CompoundRootAccessor
1669:             1             32  com.opensymphony.xwork2.conversion.impl.XWorkBasicConverter
1670:             1             32  org.apache.catalina.startup.TldConfig
1671:             2             32  com.sun.beans.WeakCache
1672:             2             32  org.springframework.core.OrderComparator
1673:             1             32  [Lcom.opensymphony.xwork2.inject.util.ReferenceMap$PutStrategy;
1674:             1             32  java.util.concurrent.ConcurrentSkipListMap$HeadIndex
1675:             2             32  [Ljavax.servlet.jsp.tagext.TagFileInfo;
1676:             2             32  org.apache.catalina.connector.CoyoteAdapter
1677:             2             32  org.jbpm.pvm.internal.type.converter.FloatToDoubleConverter
1678:             1             32  [Lcom.opensymphony.xwork2.inject.util.ReferenceType;
1679:             1             32  [Ljava.net.Proxy$Type;
1680:             1             32  org.apache.coyote.ajp.AjpProtocol$AjpConnectionHandler
1681:             2             32  [Ljavax.servlet.jsp.tagext.FunctionInfo;
1682:             2             32  org.hibernate.type.DbTimestampType
1683:             1             32  javax.script.ScriptEngineManager
1684:             1             32  sun.net.www.http.KeepAliveStreamCleaner
1685:             1             24  sun.nio.cs.ext.ISO_8859_8
1686:             1             24  sun.nio.cs.ext.IBM933
1687:             1             24  org.jbpm.pvm.internal.wire.binding.SkipInterceptorBinding
1688:             1             24  cn.itcast.oa.dao.impl.UserDaoImpl
1689:             1             24  sun.nio.cs.ext.IBM1123
1690:             1             24  javax.el.ExpressionFactory$CacheKey
1691:             1             24  sun.nio.cs.ext.IBM297
1692:             1             24  sun.nio.cs.ext.MS874
1693:             1             24  java.util.Locale$Cache
1694:             1             24  org.dom4j.io.ElementStack
1695:             1             24  freemarker.core.ArithmeticEngine$BigDecimalEngine
1696:             1             24  ognl.enhance.ExpressionCompiler
1697:             1             24  org.apache.jasper.runtime.JspFactoryImpl
1698:             1             24  sun.nio.cs.ext.IBM1141
1699:             1             24  org.jbpm.pvm.internal.wire.binding.EnvironmentInterceptorBinding
1700:             1             24  sun.nio.cs.ext.JIS_X_0201
1701:             1             24  sun.nio.cs.ext.IBM950
1702:             1             24  org.jbpm.pvm.internal.wire.binding.TrueBinding
1703:             1             24  sun.nio.cs.ISO_8859_1
1704:             1             24  [Lorg.hibernate.event.RefreshEventListener;
1705:             1             24  sun.nio.cs.ISO_8859_7
1706:             1             24  sun.nio.cs.ext.MacRoman
1707:             1             24  java.math.MutableBigInteger
1708:             1             24  java.util.Collections$SynchronizedList
1709:             1             24  org.apache.catalina.startup.TaglibRule
1710:             1             24  sun.nio.cs.ext.IBM1124
1711:             1             24  sun.nio.cs.ext.IBM420
1712:             1             24  org.jbpm.pvm.internal.wire.binding.AuthorizationInterceptorBinding
1713:             1             24  sun.nio.cs.ext.JIS_X_0212
1714:             1             24  org.apache.tomcat.websocket.WsExtension
1715:             1             24  org.hibernate.hql.HolderInstantiator
1716:             1             24  org.jbpm.pvm.internal.wire.binding.HibernateConfigurationBinding
1717:             1             24  com.sun.org.apache.xerces.internal.impl.Constants$ArrayEnumeration
1718:             1             24  cn.itcast.oa.dao.impl.DepartmentDaoImpl
1719:             1             24  com.sun.org.apache.xerces.internal.impl.xs.util.XSObjectListImpl
1720:             1             24  javax.el.Util$CacheValue
1721:             1             24  sun.nio.cs.ext.IBM1142
1722:             1             24  org.apache.catalina.startup.TaglibUriRule
1723:             1             24  sun.nio.cs.ext.IBM935
1724:             1             24  sun.nio.cs.ISO_8859_9
1725:             1             24  javax.websocket.CloseReason
1726:             1             24  org.jbpm.pvm.internal.wire.binding.RetryInterceptorBinding
1727:             1             24  sun.nio.cs.ext.SJIS
1728:             1             24  sun.nio.cs.ext.MacRomania
1729:             1             24  org.apache.jsp.WEB_002dINF.jsp.frame.bottom_jsp
1730:             1             24  [Lorg.hibernate.hql.ast.util.LiteralProcessor$DecimalFormatter;
1731:             1             24  org.springframework.jndi.JndiTemplate
1732:             1             24  sun.management.ThreadImpl
1733:             1             24  sun.nio.cs.ext.IBM964
1734:             1             24  sun.nio.cs.ext.IBM424
1735:             1             24  org.jbpm.pvm.internal.wire.binding.SetBinding
1736:             1             24  sun.util.logging.PlatformLogger
1737:             1             24  org.apache.catalina.startup.TaglibListenerRule
1738:             1             24  sun.nio.cs.UTF_8
1739:             1             24  org.jbpm.pvm.internal.wire.binding.SeamHibernateSessionBinding
1740:             1             24  sun.nio.cs.ext.MS949
1741:             1             24  sun.jdbc.odbc.JdbcOdbcDriver
1742:             1             24  org.apache.struts2.dispatcher.mapper.DefaultActionMapper$2
1743:             1             24  sun.net.ProgressMonitor
1744:             1             24  cn.itcast.oa.dao.impl.PrivilegeDaoImpl
1745:             1             24  sun.nio.cs.ext.IBM1143
1746:             1             24  org.hibernate.type.SerializableType
1747:             1             24  [Lorg.hibernate.event.ReplicateEventListener;
1748:             1             24  sun.nio.cs.UTF_16BE
1749:             1             24  sun.nio.cs.IBM737
1750:             1             24  org.jbpm.pvm.internal.wire.binding.HibernateSessionBinding
1751:             1             24  sun.nio.cs.ext.TIS_620
1752:             1             24  sun.nio.cs.ext.MacSymbol
1753:             1             24  java.util.concurrent.TimeUnit$1
1754:             1             24  javax.el.CompositeELResolver
1755:             1             24  com.mysql.jdbc.DatabaseMetaData
1756:             1             24  [Lorg.hibernate.event.FlushEntityEventListener;
1757:             1             24  org.jbpm.pvm.internal.wire.binding.FalseBinding
1758:             1             24  sun.nio.cs.ext.IBM500
1759:             1             24  sun.nio.cs.ext.IBM1364
1760:             1             24  org.apache.jasper.compiler.TldLocationsCache
1761:             1             24  java.util.Timer
1762:             1             24  sun.util.locale.BaseLocale$Cache
1763:             1             24  sun.nio.cs.UTF_16LE
1764:             1             24  org.apache.jsp.WEB_002dINF.jsp.frame.right_jsp
1765:             1             24  freemarker.core.ArithmeticEngine$ConservativeEngine
1766:             1             24  org.jbpm.pvm.internal.wire.binding.MapBinding
1767:             1             24  org.jbpm.pvm.internal.wire.binding.HibernateSessionFactoryBinding
1768:             1             24  [Lorg.apache.catalina.connector.Connector;
1769:             1             24  sun.nio.cs.ext.IBM1144
1770:             1             24  com.sun.jmx.mbeanserver.StandardMBeanSupport
1771:             1             24  sun.nio.cs.IBM850
1772:             1             24  sun.nio.cs.ext.IBM937
1773:             1             24  java.util.concurrent.TimeUnit$2
1774:             1             24  sun.nio.cs.ext.MacThai
1775:             1             24  sun.nio.cs.UTF_16
1776:             1             24  sun.nio.cs.ext.MS1255
1777:             1             24  org.jbpm.pvm.internal.wire.binding.DbSessionBinding
1778:             1             24  sun.nio.cs.ext.IBM970
1779:             1             24  org.springframework.web.context.ContextLoader
1780:             1             24  sun.nio.cs.ext.IBM860
1781:             1             24  sun.security.provider.NativeSeedGenerator
1782:             1             24  org.jbpm.pvm.internal.wire.binding.CharBinding
1783:             1             24  cn.itcast.oa.service.impl.PrivilegeServiceImpl
1784:             1             24  sun.nio.cs.ext.MS950
1785:             1             24  org.jbpm.pvm.internal.wire.binding.PropertiesBinding
1786:             1             24  sun.nio.cs.ext.IBM1145
1787:             1             24  org.hibernate.mapping.TypeDef
1788:             1             24  org.jbpm.pvm.internal.wire.binding.MessageSessionBinding
1789:             1             24  java.util.concurrent.TimeUnit$3
1790:             1             24  org.jbpm.pvm.internal.wire.binding.StandardTransactionInterceptorBinding
1791:             1             24  com.opensymphony.xwork2.DefaultUnknownHandlerManager
1792:             1             24  java.util.concurrent.ConcurrentSkipListMap$Node
1793:             1             24  sun.nio.cs.IBM852
1794:             1             24  java.util.TaskQueue
1795:             1             24  sun.nio.cs.ext.MacTurkish
1796:             1             24  [Lorg.hibernate.event.DeleteEventListener;
1797:             1             24  sun.nio.cs.ext.MS1256
1798:             1             24  com.opensymphony.xwork2.config.impl.NamespaceMatcher
1799:             1             24  java.sql.SQLPermission
1800:             1             24  sun.nio.cs.ext.IBM861
1801:             1             24  [Lorg.springframework.core.io.Resource;
1802:             1             24  sun.nio.cs.ext.IBM1381
1803:             1             24  org.jbpm.pvm.internal.wire.binding.ProcessEngineRefBinding
1804:             1             24  org.jbpm.pvm.internal.wire.binding.SerializeInterceptorBinding
1805:             1             24  org.hibernate.util.SoftLimitMRUCache
1806:             1             24  sun.nio.cs.ext.MSISO2022JP
1807:             1             24  [Lorg.jbpm.pvm.internal.cal.Holiday;
1808:             1             24  sun.nio.cs.ext.IBM1146
1809:             1             24  org.jbpm.pvm.internal.wire.binding.TimerSessionBinding
1810:             1             24  org.jbpm.pvm.internal.wire.binding.EnvRefBinding
1811:             1             24  sun.nio.cs.ext.IBM939
1812:             1             24  org.apache.struts2.dispatcher.ng.filter.StrutsPrepareAndExecuteFilter
1813:             1             24  java.util.concurrent.TimeUnit$4
1814:             1             24  org.springframework.aop.target.EmptyTargetSource
1815:             1             24  org.jbpm.pvm.internal.wire.binding.JtaTransactionInterceptorBinding
1816:             1             24  org.springframework.web.context.support.ServletContextAwareProcessor
1817:             1             24  sun.nio.cs.IBM775
1818:             1             24  sun.nio.cs.ext.MacUkraine
1819:             1             24  org.dom4j.DocumentFactory
1820:             1             24  sun.nio.cs.ext.ISCII91
1821:             1             24  sun.nio.cs.ext.MS1258
1822:             1             24  sun.nio.cs.ext.IBM863
1823:             1             24  org.jbpm.pvm.internal.wire.binding.EnvBinding
1824:             1             24  org.eclipse.jdt.internal.compiler.ast.ExpressionContext$1
1825:             1             24  org.jbpm.pvm.internal.wire.binding.HistorySessionsBinding
1826:             1             24  com.sun.org.apache.xalan.internal.utils.FeatureManager
1827:             1             24  java.util.Collections$EmptyMap
1828:             1             24  [Ljava.net.InetAddress$Cache$Type;
1829:             1             24  sun.nio.cs.ext.MS932_0213
1830:             1             24  sun.nio.cs.ext.IBM1147
1831:             1             24  java.util.concurrent.TimeUnit$5
1832:             1             24  org.jbpm.pvm.internal.wire.binding.ContextRefBinding
1833:             1             24  org.eclipse.jdt.internal.compiler.ast.ExpressionContext$2
1834:             1             24  sun.nio.cs.ext.ISO2022_CN_CNS
1835:             1             24  org.jbpm.pvm.internal.wire.binding.DoubleBinding
1836:             1             24  [Lorg.apache.catalina.AccessLog;
1837:             1             24  com.sun.jmx.mbeanserver.MXBeanLookup
1838:             1             24  org.jbpm.pvm.internal.wire.binding.PropertyBinding
1839:             1             24  org.eclipse.jdt.internal.compiler.impl.DoubleConstant
1840:             1             24  org.jbpm.pvm.internal.wire.binding.IdentitySessionBinding
1841:             1             24  sun.nio.cs.ISO_8859_13
1842:             1             24  org.jbpm.pvm.internal.wire.binding.TransactionRefBinding
1843:             1             24  org.eclipse.jdt.internal.compiler.ast.ExpressionContext$3
1844:             1             24  sun.nio.cs.ext.IBM864
1845:             1             24  org.apache.jasper.compiler.BeanRepository
1846:             1             24  sun.nio.cs.ext.IBM1383
1847:             1             24  com.sun.org.apache.xerces.internal.jaxp.DefaultValidationErrorHandler
1848:             1             24  sun.nio.cs.ext.MS950_HKSCS
1849:             1             24  sun.nio.cs.ext.Big5
1850:             1             24  org.jbpm.pvm.internal.wire.binding.JbossIdmIdentitySessionFactoryBinding
1851:             1             24  org.springframework.aop.framework.AdvisedSupport$MethodCacheKey
1852:             1             24  sun.nio.cs.ext.ISO2022_CN_GB
1853:             1             24  sun.nio.cs.ext.IBM942
1854:             1             24  java.util.concurrent.TimeUnit$6
1855:             1             24  com.opensymphony.xwork2.validator.DefaultValidatorFactory
1856:             1             24  org.eclipse.jdt.internal.compiler.ast.ExpressionContext$4
1857:             1             24  sun.nio.cs.ext.IBM1148
1858:             1             24  org.jbpm.pvm.internal.wire.binding.FieldBinding
1859:             1             24  org.springframework.beans.factory.annotation.RequiredAnnotationBeanPostProcessor
1860:             1             24  sun.util.logging.PlatformLogger$JavaLoggerProxy
1861:             1             24  [Lorg.hibernate.event.InitializeCollectionEventListener;
1862:             1             24  sun.nio.cs.ext.MS932
1863:             1             24  org.jbpm.pvm.internal.wire.binding.JbossIdmIdentitySessionBinding
1864:             1             24  sun.nio.cs.IBM855
1865:             1             24  sun.nio.cs.ext.MS950_HKSCS_XP
1866:             1             24  org.springframework.web.context.support.ServletContextResourcePatternResolver
1867:             1             24  org.apache.catalina.core.ApplicationJspConfigDescriptor
1868:             1             24  org.jbpm.pvm.internal.wire.binding.FloatBinding
1869:             1             24  com.opensymphony.xwork2.conversion.impl.DefaultObjectTypeDeterminer
1870:             1             24  org.apache.struts2.dispatcher.ng.PrepareOperations
1871:             1             24  sun.nio.cs.ext.Big5_HKSCS
1872:             1             24  sun.nio.cs.ext.IBM865
1873:             1             24  [Lorg.hibernate.event.AutoFlushEventListener;
1874:             1             24  org.jbpm.pvm.internal.wire.binding.TransactionBinding
1875:             1             24  org.apache.jsp.WEB_002dINF.jsp.frame.top_jsp
1876:             1             24  org.dom4j.tree.DefaultComment
1877:             1             24  org.jbpm.pvm.internal.wire.binding.RepositorySessionBinding
1878:             1             24  org.jbpm.pvm.internal.wire.binding.InvokeBinding
1879:             1             24  sun.nio.cs.US_ASCII
1880:             1             24  sun.nio.cs.ext.IBM942C
1881:             1             24  sun.nio.cs.ext.ISO_8859_11
1882:             1             24  org.springframework.context.event.SimpleApplicationEventMulticaster
1883:             1             24  [Lcom.sun.org.apache.xalan.internal.utils.FeatureManager$Feature;
1884:             1             24  sun.nio.cs.IBM862
1885:             1             24  java.net.Inet6AddressImpl
1886:             1             24  java.util.concurrent.TimeUnit$7
1887:             1             24  sun.nio.cs.ext.Big5_HKSCS_2001
1888:             1             24  sun.nio.cs.ext.IBM1149
1889:             1             24  org.apache.struts2.dispatcher.ng.ExecuteOperations
1890:             1             24  org.springframework.transaction.interceptor.TransactionInterceptor
1891:             1             24  sun.nio.cs.ext.EUC_JP
1892:             1             24  sun.nio.cs.IBM437
1893:             1             24  [Lorg.jbpm.pvm.internal.svc.Policy;
1894:             1             24  com.sun.org.apache.xalan.internal.utils.XMLSecurityPropertyManager
1895:             1             24  sun.nio.cs.ext.JIS_X_0208
1896:             1             24  sun.nio.cs.ext.IBM300
1897:             1             24  org.jbpm.pvm.internal.wire.binding.SubscribeBinding
1898:             1             24  com.sun.jmx.remote.util.ClassLogger
1899:             1             24  sun.nio.cs.ext.IBM868
1900:             1             24  com.mysql.jdbc.SingleByteCharsetConverter
1901:             1             24  org.jbpm.pvm.internal.wire.binding.IntBinding
1902:             1             24  org.apache.jasper.compiler.TagPluginManager
1903:             1             24  org.jbpm.pvm.internal.wire.binding.MailSessionBinding
1904:             1             24  org.jbpm.pvm.internal.wire.binding.JobExecutorBinding
1905:             1             24  freemarker.cache.MultiTemplateLoader
1906:             1             24  sun.nio.cs.IBM866
1907:             1             24  sun.nio.cs.ext.IBM037
1908:             1             24  [Lorg.hibernate.event.PostLoadEventListener;
1909:             1             24  org.jbpm.pvm.internal.wire.binding.EnlistBinding
1910:             1             24  [Lorg.apache.catalina.Service;
1911:             1             24  sun.nio.cs.ext.Big5_Solaris
1912:             1             24  com.opensymphony.xwork2.inject.ContainerImpl$10
1913:             1             24  com.mysql.jdbc.StandardSocketFactory
1914:             1             24  sun.nio.cs.ISO_8859_15
1915:             1             24  [Lfreemarker.cache.TemplateLoader;
1916:             1             24  sun.nio.cs.ext.MS936
1917:             1             24  org.apache.tomcat.websocket.server.WsServerContainer$WsThreadFactory
1918:             1             24  [Lcom.sun.org.apache.xalan.internal.utils.XMLSecurityPropertyManager$Property;
1919:             1             24  org.jbpm.enterprise.internal.wire.binding.EjbTimerSessionBinding
1920:             1             24  sun.nio.cs.ext.IBM869
1921:             1             24  sun.management.CompilationImpl
1922:             1             24  sun.nio.cs.ext.IBM33722
1923:             1             24  sun.nio.cs.ext.JISAutoDetect
1924:             1             24  sun.nio.cs.UTF_32
1925:             1             24  org.jbpm.pvm.internal.processengine.SpringHelper
1926:             1             24  [Lorg.hibernate.event.PreLoadEventListener;
1927:             1             24  sun.nio.cs.MS1252
1928:             1             24  sun.nio.cs.ext.COMPOUND_TEXT
1929:             1             24  org.jbpm.pvm.internal.wire.binding.ShortBinding
1930:             1             24  bsh.engine.BshScriptEngineFactory
1931:             1             24  com.opensymphony.xwork2.validator.DefaultValidatorFileParser
1932:             1             24  org.jbpm.enterprise.internal.wire.binding.EjbLocalCommandServiceBinding
1933:             1             24  [Lorg.hibernate.event.LoadEventListener;
1934:             1             24  sun.nio.cs.ext.PCK
1935:             1             24  org.hibernate.util.XMLHelper$ErrorLogger
1936:             1             24  [Lognl.internal.ClassCache;
1937:             1             24  freemarker.ext.beans.SimpleMemberModel
1938:             1             24  sun.nio.cs.IBM858
1939:             1             24  sun.nio.cs.ext.IBM1026
1940:             1             24  com.sun.management.UnixOperatingSystem
1941:             1             24  freemarker.cache.WebappTemplateLoader
1942:             1             24  org.apache.struts2.config.DefaultSettings
1943:             1             24  sun.nio.cs.ext.EUC_JP_LINUX
1944:             1             24  [Lorg.hibernate.persister.collection.QueryableCollection;
1945:             1             24  sun.nio.cs.ext.IBM870
1946:             1             24  sun.reflect.UnsafeIntegerFieldAccessorImpl
1947:             1             24  org.jbpm.enterprise.internal.wire.binding.EjbRemoteCommandServiceBinding
1948:             1             24  sun.nio.cs.MS1251
1949:             1             24  org.apache.jsp.index_jsp
1950:             1             24  sun.nio.cs.ext.SJIS_0213
1951:             1             24  sun.nio.fs.NativeBuffer$Deallocator
1952:             1             24  org.jbpm.pvm.internal.wire.binding.ByteBinding
1953:             1             24  org.jbpm.jpdl.internal.xml.JpdlDeployerBinding
1954:             1             24  sun.nio.cs.ext.EUC_TW
1955:             1             24  org.jbpm.pvm.internal.wire.binding.TypesBinding
1956:             1             24  java.lang.reflect.ReflectPermission
1957:             1             24  sun.nio.cs.ext.IBM833
1958:             1             24  sun.nio.cs.IBM857
1959:             1             24  sun.nio.cs.ext.IBM1047
1960:             1             24  sun.nio.cs.ext.IBM871
1961:             1             24  org.apache.catalina.deploy.ApplicationListener
1962:             1             24  org.jbpm.pvm.internal.wire.binding.SpringTransactionInterceptorBinding
1963:             1             24  sun.nio.cs.ext.Johab
1964:             1             24  sun.nio.cs.MS1250
1965:             1             24  [Lorg.apache.catalina.deploy.ApplicationListener;
1966:             1             24  org.hibernate.dialect.Dialect$1
1967:             1             24  sun.nio.cs.ext.EUC_JP_Open
1968:             1             24  sun.nio.cs.ext.IBM834
1969:             1             24  sun.nio.cs.UTF_32LE_BOM
1970:             1             24  org.jbpm.pvm.internal.wire.binding.LongBinding
1971:             1             24  sun.nio.cs.ext.IBM943
1972:             1             24  sun.nio.cs.ext.IBM273
1973:             1             24  org.hibernate.dialect.Dialect$2
1974:             1             24  freemarker.template.utility.Collections12$EmptyMap
1975:             1             24  sun.nio.cs.UTF_16LE_BOM
1976:             1             24  sun.nio.cs.ext.IBM918
1977:             1             24  sun.nio.cs.MS1253
1978:             1             24  org.springframework.context.support.AbstractApplicationContext$BeanPostProcessorChecker
1979:             1             24  sun.nio.cs.ext.MacArabic
1980:             1             24  sun.nio.cs.ext.IBM1006
1981:             1             24  sun.nio.cs.ext.IBM856
1982:             1             24  org.hibernate.engine.query.QueryPlanCache
1983:             1             24  java.util.Collections$SetFromMap
1984:             1             24  java.util.ResourceBundle$Control$CandidateListCache
1985:             1             24  sun.net.www.protocol.http.Handler
1986:             1             24  sun.management.VMManagementImpl
1987:             1             24  sun.nio.cs.UTF_32BE_BOM
1988:             1             24  [Lorg.apache.struts2.config.Settings;
1989:             1             24  sun.management.RuntimeImpl
1990:             1             24  sun.nio.cs.ext.IBM943C
1991:             1             24  sun.nio.cs.ext.GB18030
1992:             1             24  sun.nio.cs.ext.IBM277
1993:             1             24  org.jbpm.pvm.internal.wire.binding.StringBinding
1994:             1             24  sun.nio.cs.ext.ISO2022_CN
1995:             1             24  sun.nio.cs.UTF_32BE
1996:             1             24  com.sun.org.apache.xerces.internal.impl.xs.util.ShortListImpl
1997:             1             24  [Ljava.util.Locale$Category;
1998:             1             24  [Lorg.hibernate.event.DirtyCheckEventListener;
1999:             1             24  sun.nio.cs.ext.MacCentralEurope
2000:             1             24  com.opensymphony.xwork2.ognl.OgnlUtil
2001:             1             24  org.apache.jsp.WEB_002dINF.jsp.frame.left_jsp
2002:             1             24  org.apache.catalina.core.StandardContext$ContextFilterMaps
2003:             1             24  org.hibernate.dialect.Dialect$3
2004:             1             24  sun.nio.cs.ext.IBM1025
2005:             1             24  sun.nio.cs.ext.IBM875
2006:             1             24  org.apache.struts2.config.LegacyPropertiesConfigurationProvider$1
2007:             1             24  cn.itcast.oa.dao.impl.LoginDaoImpl
2008:             1             24  org.jbpm.pvm.internal.wire.binding.JobTestHelperBinding
2009:             1             24  sun.nio.cs.KOI8_R
2010:             1             24  org.hibernate.util.SimpleMRUCache
2011:             1             24  sun.nio.cs.ext.IBM278
2012:             1             24  sun.nio.cs.MS1254
2013:             1             24  org.jbpm.pvm.internal.wire.binding.NullBinding
2014:             1             24  sun.net.sdp.SdpProvider
2015:             1             24  sun.nio.cs.ext.ISO2022_JP
2016:             1             24  sun.nio.cs.ext.MacCroatian
2017:             1             24  sun.security.x509.Extension
2018:             1             24  com.opensymphony.xwork2.inject.Scope$1
2019:             1             24  org.hibernate.util.XMLHelper
2020:             1             24  sun.nio.cs.ext.IBM1046
2021:             1             24  org.jbpm.pvm.internal.wire.binding.CommandServiceBinding
2022:             1             24  sun.nio.cs.ext.IBM921
2023:             1             24  org.jbpm.pvm.internal.wire.binding.ScriptManagerBinding
2024:             1             24  org.jbpm.pvm.internal.wire.binding.ClassBinding
2025:             1             24  org.jbpm.pvm.internal.id.MemoryDbidGenerator
2026:             1             24  sun.nio.cs.ext.EUC_CN
2027:             1             24  [Lorg.hibernate.event.FlushEventListener;
2028:             1             24  sun.nio.cs.KOI8_U
2029:             1             24  org.springframework.aop.framework.autoproxy.AbstractAdvisorAutoProxyCreator$BeanFactoryAdvisorRetrievalHelperAdapter
2030:             1             24  com.opensymphony.xwork2.inject.Scope$2
2031:             1             24  cn.itcast.oa.dao.impl.KynamicDaoImpl
2032:             1             24  sun.nio.cs.ext.IBM280
2033:             1             24  sun.nio.cs.ext.IBM948
2034:             1             24  org.apache.tomcat.util.collections.ConcurrentCache
2035:             1             24  sun.nio.cs.ext.ISO2022_JP_2
2036:             1             24  sun.nio.cs.MS1257
2037:             1             24  org.jbpm.pvm.internal.wire.binding.ExecutionServiceBinding
2038:             1             24  com.opensymphony.xwork2.util.LocalizedTextUtil$MessageFormatKey
2039:             1             24  freemarker.cache.FileTemplateLoader
2040:             1             24  org.hibernate.dialect.function.SQLFunctionRegistry
2041:             1             24  com.opensymphony.xwork2.inject.Scope$3
2042:             1             24  org.jbpm.pvm.internal.svc.EnvironmentInterceptor
2043:             1             24  sun.nio.cs.ext.MacCyrillic
2044:             1             24  cn.itcast.oa.dao.impl.FormTemplateDaoImpl
2045:             1             24  sun.nio.cs.ext.IBM1097
2046:             1             24  sun.nio.cs.UTF_32LE
2047:             1             24  sun.nio.cs.ext.IBM922
2048:             1             24  org.jbpm.pvm.internal.wire.binding.ManagementServiceBinding
2049:             1             24  org.hibernate.sql.Alias
2050:             1             24  org.jbpm.pvm.internal.script.BshScriptEngineFactory
2051:             1             24  [Lorg.hibernate.event.EvictEventListener;
2052:             1             24  com.opensymphony.xwork2.inject.Scope$4
2053:             1             24  org.jbpm.pvm.internal.wire.binding.ObjectBinding
2054:             1             24  sun.nio.cs.ext.IBM284
2055:             1             24  cn.itcast.oa.dao.impl.WorkFlowDaoImpl
2056:             1             24  org.jbpm.pvm.internal.wire.binding.IdentityServiceBinding
2057:             1             24  sun.nio.cs.ISO_8859_2
2058:             1             24  org.apache.el.util.ConcurrentCache
2059:             1             24  com.opensymphony.xwork2.inject.Scope$5
2060:             1             24  sun.launcher.LauncherHelper
2061:             1             24  org.apache.commons.logging.impl.WeakHashtable$Referenced
2062:             1             24  sun.nio.cs.ext.ISO2022_KR
2063:             1             24  sun.nio.cs.ext.MacDingbat
2064:             1             24  org.jbpm.pvm.internal.wire.binding.BusinessCalendarBinding
2065:             1             24  sun.nio.cs.ext.IBM1098
2066:             1             24  org.jbpm.pvm.internal.wire.binding.HistoryServiceBinding
2067:             1             24  com.opensymphony.xwork2.inject.Scope$6
2068:             1             24  [Lorg.apache.tomcat.util.IntrospectionUtils$PropertySource;
2069:             1             24  com.sun.jmx.mbeanserver.ClassLoaderRepositorySupport
2070:             1             24  com.opensymphony.xwork2.conversion.impl.InstantiatingNullHandler
2071:             1             24  com.opensymphony.xwork2.inject.util.ReferenceMap$PutStrategy$1
2072:             1             24  org.jbpm.pvm.internal.wire.binding.RefBinding
2073:             1             24  sun.nio.cs.ext.GBK
2074:             1             24  sun.nio.cs.ext.IBM285
2075:             1             24  org.jbpm.pvm.internal.wire.binding.TaskServiceBinding
2076:             1             24  sun.nio.cs.ext.IBM949
2077:             1             24  cn.itcast.oa.dao.impl.PostDaoImpl
2078:             1             24  sun.nio.cs.ISO_8859_4
2079:             1             24  com.opensymphony.xwork2.inject.util.ReferenceMap$PutStrategy$2
2080:             1             24  [Lsun.launcher.LauncherHelper;
2081:             1             24  java.util.logging.LogManager$LoggerContext
2082:             1             24  sun.nio.cs.ext.IBM930
2083:             1             24  sun.nio.cs.ext.ISO_8859_3
2084:             1             24  sun.nio.cs.ext.MacGreek
2085:             1             24  org.jbpm.pvm.internal.wire.binding.JndiBinding
2086:             1             24  java.util.logging.LogManager$SystemLoggerContext
2087:             1             24  org.apache.catalina.security.SecurityConfig
2088:             1             24  sun.nio.cs.ext.IBM1112
2089:             1             24  org.jbpm.pvm.internal.wire.binding.RepositoryServiceBinding
2090:             1             24  cn.itcast.oa.dao.impl.ApproveDaoImpl
2091:             1             24  com.opensymphony.xwork2.inject.util.ReferenceMap$PutStrategy$3
2092:             1             24  sun.nio.cs.ext.MS50220
2093:             1             24  freemarker.cache.SoftCacheStorage
2094:             1             24  org.jbpm.pvm.internal.wire.binding.RepositoryCacheBinding
2095:             1             24  sun.nio.cs.ext.IBM949C
2096:             1             24  sun.nio.cs.ThreadLocalCoders$1
2097:             1             24  java.net.Proxy
2098:             1             24  sun.nio.cs.ext.IBM838
2099:             1             24  freemarker.core.Environment$6
2100:             1             24  org.apache.jsp.WEB_002dINF.jsp.frame.index_jsp
2101:             1             24  [Lorg.hibernate.event.LockEventListener;
2102:             1             24  sun.nio.cs.ISO_8859_5
2103:             1             24  org.springframework.transaction.interceptor.BeanFactoryTransactionAttributeSourceAdvisor$1
2104:             1             24  org.jbpm.pvm.internal.wire.binding.MailTemplateBinding
2105:             1             24  sun.nio.cs.ext.MacHebrew
2106:             1             24  sun.nio.cs.ext.ISO_8859_6
2107:             1             24  sun.nio.cs.ext.IBM1122
2108:             1             24  sun.nio.cs.ext.IBM290
2109:             1             24  sun.nio.cs.ext.MS50221
2110:             1             24  cn.itcast.oa.dao.impl.MenuitemDaoImpl
2111:             1             24  org.jbpm.pvm.internal.wire.binding.DeployerManagerBinding
2112:             1             24  freemarker.core.Environment$7
2113:             1             24  sun.nio.cs.ThreadLocalCoders$2
2114:             1             24  java.util.logging.LoggingPermission
2115:             1             24  sun.nio.cs.ext.IBM1140
2116:             1             24  sun.net.www.MimeTable
2117:             1             24  [Lcom.sun.org.apache.xerces.internal.utils.XMLSecurityPropertyManager$Property;
2118:             1             24  org.apache.struts2.components.template.TemplateEngineManager
2119:             1             24  org.jbpm.pvm.internal.wire.binding.AddressResolverBinding
2120:             1             24  sun.nio.cs.IBM874
2121:             1             24  [Ljava.io.File$PathStatus;
2122:             1             24  org.apache.catalina.core.ApplicationContextFacade
2123:             1             24  sun.nio.cs.ext.MacIceland
2124:             1             16  org.apache.catalina.connector.Request$4
2125:             1             16  org.hibernate.type.TrueFalseType
2126:             1             16  javax.servlet.jsp.el.ScopedAttributeELResolver
2127:             1             16  java.lang.management.PlatformComponent$10
2128:             1             16  sun.reflect.GeneratedMethodAccessor17
2129:             1             16  java.util.concurrent.ThreadPoolExecutor$AbortPolicy
2130:             1             16  java.util.regex.Pattern$Node
2131:             1             16  sun.reflect.GeneratedMethodAccessor72
2132:             1             16  java.util.regex.Pattern$4
2133:             1             16  org.apache.tomcat.util.buf.MessageBytes$MessageBytesFactory
2134:             1             16  sun.reflect.GeneratedMethodAccessor45
2135:             1             16  java.security.ProtectionDomain$3
2136:             1             16  org.springframework.beans.support.ResourceEditorRegistrar
2137:             1             16  sun.reflect.GeneratedMethodAccessor51
2138:             1             16  org.jbpm.pvm.internal.lob.BlobStrategyBlob
2139:             1             16  sun.reflect.GeneratedMethodAccessor30
2140:             1             16  sun.reflect.GeneratedMethodAccessor59
2141:             1             16  com.sun.proxy.$Proxy14
2142:             1             16  java.lang.management.PlatformComponent$11
2143:             1             16  com.sun.org.apache.xerces.internal.impl.dv.xs.MonthDayDV
2144:             1             16  org.hibernate.jdbc.util.BasicFormatterImpl
2145:             1             16  org.slf4j.impl.StaticLoggerBinder
2146:             1             16  sun.misc.ASCIICaseInsensitiveComparator
2147:             1             16  org.apache.catalina.connector.Request$5
2148:             1             16  [Lcom.sun.org.apache.xerces.internal.impl.xs.SubstitutionGroupHandler$OneSubGroup;
2149:             1             16  org.springframework.web.context.ContextLoaderListener
2150:             1             16  org.jbpm.pvm.internal.email.impl.MailTemplateRegistry
2151:             1             16  org.hibernate.type.YesNoType
2152:             1             16  org.hibernate.type.ClassType
2153:             1             16  java.util.regex.Pattern$LastNode
2154:             1             16  org.hibernate.id.UUIDHexGenerator
2155:             1             16  java.lang.management.PlatformComponent$12
2156:             1             16  com.opensymphony.xwork2.config.impl.DefaultConfiguration$1
2157:             1             16  com.sun.jmx.mbeanserver.MBeanInstantiator
2158:             1             16  org.jbpm.pvm.internal.type.DefaultTypeSet
2159:             1             16  org.apache.struts2.config.PropertiesSettings
2160:             1             16  sun.management.HotSpotDiagnostic
2161:             1             16  org.springframework.context.support.ApplicationContextAwareProcessor
2162:             1             16  sun.reflect.GeneratedMethodAccessor52
2163:             1             16  sun.reflect.GeneratedMethodAccessor31
2164:             1             16  org.apache.catalina.core.AprLifecycleListener
2165:             1             16  org.hibernate.EmptyInterceptor
2166:             1             16  sun.reflect.GeneratedMethodAccessor60
2167:             1             16  sun.reflect.GeneratedMethodAccessor20
2168:             1             16  org.jbpm.pvm.internal.lob.ClobStrategyChopped
2169:             1             16  java.lang.management.PlatformComponent$13
2170:             1             16  com.opensymphony.xwork2.ognl.OgnlTypeConverterWrapper
2171:             1             16  org.slf4j.impl.JDK14LoggerFactory
2172:             1             16  com.mysql.jdbc.log.NullLogger
2173:             1             16  sun.reflect.GeneratedConstructorAccessor4
2174:             1             16  sun.util.calendar.Gregorian
2175:             1             16  [Ljava.beans.EventSetDescriptor;
2176:             1             16  java.lang.ApplicationShutdownHooks$1
2177:             1             16  javassist.util.proxy.RuntimeSupport$DefaultMethodHandler
2178:             1             16  org.hibernate.event.def.DefaultPersistEventListener
2179:             1             16  java.lang.management.PlatformComponent$14
2180:             1             16  org.hibernate.jdbc.util.DDLFormatterImpl
2181:             1             16  com.sun.org.apache.xerces.internal.impl.dv.xs.DayDV
2182:             1             16  com.opensymphony.xwork2.ognl.accessor.ObjectAccessor
2183:             1             16  sun.reflect.GeneratedMethodAccessor53
2184:             1             16  org.apache.catalina.core.ThreadLocalLeakPreventionListener
2185:             1             16  sun.reflect.GeneratedMethodAccessor32
2186:             1             16  sun.reflect.GeneratedConstructorAccessor35
2187:             1             16  sun.reflect.GeneratedMethodAccessor61
2188:             1             16  org.hibernate.type.BigDecimalType
2189:             1             16  java.lang.String$CaseInsensitiveComparator
2190:             1             16  com.sun.jmx.mbeanserver.SecureClassLoaderRepository
2191:             1             16  java.lang.management.PlatformComponent$15
2192:             1             16  [Ljava.security.Provider;
2193:             1             16  javax.script.SimpleBindings
2194:             1             16  com.sun.jmx.mbeanserver.MXBeanIntrospector
2195:             1             16  sun.reflect.GeneratedMethodAccessor10
2196:             1             16  com.mysql.jdbc.Driver
2197:             1             16  org.hibernate.jdbc.util.FormatStyle$NoFormatImpl
2198:             1             16  java.text.MessageFormat$Field
2199:             1             16  org.hibernate.event.def.DefaultRefreshEventListener
2200:             1             16  org.hibernate.hql.ast.util.LiteralProcessor$ExactDecimalFormatter
2201:             1             16  org.hibernate.event.def.DefaultPersistOnFlushEventListener
2202:             1             16  freemarker.template.utility.StandardCompress
2203:             1             16  org.hibernate.hql.ast.tree.DotNode$1
2204:             1             16  org.apache.catalina.core.ContainerBase$ContainerBackgroundProcessor
2205:             1             16  com.sun.org.apache.xerces.internal.impl.xs.util.XSObjectListImpl$1
2206:             1             16  org.hibernate.engine.IdentifierValue$1
2207:             1             16  sun.reflect.GeneratedMethodAccessor54
2208:             1             16  sun.reflect.GeneratedMethodAccessor19
2209:             1             16  sun.reflect.GeneratedMethodAccessor33
2210:             1             16  sun.reflect.GeneratedConstructorAccessor38
2211:             1             16  org.apache.jasper.compiler.ELInterpreterFactory$DefaultELInterpreter
2212:             1             16  org.hibernate.hql.ast.util.LiteralProcessor$ApproximateDecimalFormatter
2213:             1             16  sun.reflect.GeneratedMethodAccessor11
2214:             1             16  com.sun.org.apache.xerces.internal.impl.dv.xs.MonthDV
2215:             1             16  com.sun.jmx.interceptor.DefaultMBeanServerInterceptor$ResourceContext$1
2216:             1             16  org.apache.catalina.core.JasperListener
2217:             1             16  cn.itcast.oa.service.impl.LoginServiceImpl
2218:             1             16  org.hibernate.engine.IdentifierValue$2
2219:             1             16  org.hibernate.type.LongType
2220:             1             16  org.eclipse.jdt.internal.compiler.lookup.ReferenceBinding$2
2221:             1             16  freemarker.core.BuiltIn$defaultBI$1
2222:             1             16  org.apache.catalina.valves.AccessLogValve$HostElement
2223:             1             16  sun.net.DefaultProgressMeteringPolicy
2224:             1             16  org.eclipse.jdt.internal.compiler.CompilationResult$1
2225:             1             16  sun.reflect.GeneratedMethodAccessor34
2226:             1             16  org.hibernate.type.BigIntegerType
2227:             1             16  java.util.Collections$EmptySet
2228:             1             16  com.sun.org.apache.xerces.internal.impl.dv.xs.DurationDV
2229:             1             16  org.dom4j.tree.NamespaceCache
2230:             1             16  com.sun.proxy.$Proxy2
2231:             1             16  org.hibernate.engine.IdentifierValue$3
2232:             1             16  java.lang.Terminator$1
2233:             1             16  org.hibernate.engine.CascadingAction$1
2234:             1             16  sun.reflect.GeneratedMethodAccessor12
2235:             1             16  org.apache.catalina.valves.AccessLogValve$LogicalUserNameElement
2236:             1             16  org.eclipse.jdt.internal.compiler.lookup.ReferenceBinding$3
2237:             1             16  com.sun.org.apache.xerces.internal.impl.dv.xs.HexBinaryDV
2238:             1             16  sun.reflect.generics.tree.VoidDescriptor
2239:             1             16  sun.jdbc.odbc.JdbcOdbcTracer
2240:             1             16  sun.security.provider.NativePRNG
2241:             1             16  sun.text.normalizer.NormalizerImpl
2242:             1             16  sun.reflect.GeneratedMethodAccessor35
2243:             1             16  org.hibernate.engine.IdentifierValue$4
2244:             1             16  [Lfreemarker.template.TemplateModel;
2245:             1             16  org.hibernate.event.def.DefaultReplicateEventListener
2246:             1             16  freemarker.log.Log4JLoggerFactory
2247:             1             16  antlr.ASTNULLType
2248:             1             16  org.apache.catalina.valves.AccessLogValve$UserElement
2249:             1             16  ognl.ArrayPropertyAccessor
2250:             1             16  com.opensymphony.xwork2.ognl.accessor.XWorkIteratorPropertyAccessor
2251:             1             16  org.hibernate.engine.CascadingAction$2
2252:             1             16  java.security.AllPermission
2253:             1             16  com.sun.org.apache.xerces.internal.impl.dv.xs.Base64BinaryDV
2254:             1             16  sun.reflect.GeneratedConstructorAccessor43
2255:             1             16  sun.reflect.GeneratedMethodAccessor13
2256:             1             16  org.hibernate.type.ShortType
2257:             1             16  java.util.Collections$EmptyIterator
2258:             1             16  java.util.Collections$EmptyList
2259:             1             16  sun.reflect.GeneratedMethodAccessor36
2260:             1             16  org.hibernate.engine.CascadingAction$3
2261:             1             16  ognl.ArrayElementsAccessor
2262:             1             16  sun.reflect.GeneratedMethodAccessor62
2263:             1             16  javax.management.JMX
2264:             1             16  sun.reflect.GeneratedMethodAccessor73
2265:             1             16  sun.reflect.GeneratedMethodAccessor14
2266:             1             16  org.eclipse.jdt.internal.compiler.lookup.Scope$Substitutor
2267:             1             16  com.opensymphony.xwork2.interceptor.ParametersInterceptor$1
2268:             1             16  sun.reflect.GeneratedConstructorAccessor33
2269:             1             16  sun.nio.fs.LinuxFileSystemProvider
2270:             1             16  java.util.logging.LoggingProxyImpl
2271:             1             16  cn.itcast.oa.service.impl.DepartmentServiceImpl
2272:             1             16  org.apache.struts2.impl.StrutsActionProxyFactory
2273:             1             16  org.apache.jasper.el.ELContextImpl$1
2274:             1             16  ognl.ObjectElementsAccessor
2275:             1             16  com.sun.org.apache.xerces.internal.impl.dv.xs.AnyURIDV
2276:             1             16  org.apache.tomcat.websocket.server.WsFilter
2277:             1             16  com.opensymphony.xwork2.ognl.accessor.XWorkEnumerationAccessor
2278:             1             16  sun.reflect.GeneratedMethodAccessor37
2279:             1             16  com.sun.proxy.$Proxy16
2280:             1             16  org.jbpm.pvm.internal.type.converter.DateToLongConverter
2281:             1             16  org.hibernate.engine.CascadingAction$4
2282:             1             16  org.apache.struts2.components.ServletUrlRenderer
2283:             1             16  ognl.CollectionElementsAccessor
2284:             1             16  sun.reflect.GeneratedMethodAccessor74
2285:             1             16  sun.reflect.GeneratedMethodAccessor1
2286:             1             16  com.sun.jmx.mbeanserver.DescriptorCache
2287:             1             16  sun.reflect.GeneratedMethodAccessor15
2288:             1             16  ognl.DefaultClassResolver
2289:             1             16  javax.management.NotificationBroadcasterSupport$1
2290:             1             16  freemarker.ext.beans.BeansWrapper$2
2291:             1             16  javax.management.MBeanServerBuilder
2292:             1             16  sun.reflect.generics.tree.BooleanSignature
2293:             1             16  sun.reflect.GeneratedConstructorAccessor34
2294:             1             16  com.sun.jmx.mbeanserver.StandardMBeanIntrospector
2295:             1             16  org.apache.catalina.util.CharsetMapper
2296:             1             16  javassist.util.proxy.ProxyFactory$1
2297:             1             16  org.apache.catalina.core.AccessLogAdapter
2298:             1             16  org.hibernate.event.def.DefaultFlushEntityEventListener
2299:             1             16  org.hibernate.type.BinaryType
2300:             1             16  ognl.MapElementsAccessor
2301:             1             16  org.hibernate.type.IntegerType
2302:             1             16  [Ljavax.management.ObjectName;
2303:             1             16  com.sun.naming.internal.VersionHelper12
2304:             1             16  freemarker.ext.beans.BeansWrapper$3
2305:             1             16  org.hibernate.engine.CascadingAction$5
2306:             1             16  ognl.DefaultTypeConverter
2307:             1             16  sun.reflect.GeneratedConstructorAccessor22
2308:             1             16  freemarker.template.TemplateExceptionHandler$1
2309:             1             16  sun.reflect.generics.tree.IntSignature
2310:             1             16  java.util.Timer$1
2311:             1             16  sun.reflect.GeneratedMethodAccessor75
2312:             1             16  ognl.IteratorElementsAccessor
2313:             1             16  sun.reflect.GeneratedMethodAccessor2
2314:             1             16  org.apache.tomcat.util.buf.StringCache
2315:             1             16  sun.misc.GC$LatencyLock
2316:             1             16  org.jbpm.pvm.internal.type.converter.DoubleToStringConverter
2317:             1             16  freemarker.template.GeneralPurposeNothing
2318:             1             16  freemarker.template.TemplateExceptionHandler$2
2319:             1             16  java.lang.Runtime
2320:             1             16  org.hibernate.event.def.DefaultDeleteEventListener
2321:             1             16  ognl.EnumerationElementsAccessor
2322:             1             16  [Lorg.eclipse.jdt.internal.compiler.ast.LocalDeclaration;
2323:             1             16  com.sun.org.apache.xerces.internal.impl.xs.util.XIntPool
2324:             1             16  org.apache.catalina.valves.AccessLogValve$RequestElement
2325:             1             16  sun.reflect.GeneratedMethodAccessor63
2326:             1             16  cn.itcast.oa.service.impl.KynamicServiceImpl
2327:             1             16  org.hibernate.engine.CascadingAction$6
2328:             1             16  com.sun.proxy.$Proxy11
2329:             1             16  org.hibernate.type.WrapperBinaryType
2330:             1             16  java.util.TreeMap$EntrySet
2331:             1             16  com.sun.org.apache.xerces.internal.impl.dv.xs.PrecisionDecimalDV
2332:             1             16  sun.reflect.generics.reflectiveObjects.GenericArrayTypeImpl
2333:             1             16  [Ljava.util.logging.Handler;
2334:             1             16  com.sun.jmx.mbeanserver.MBeanAnalyzer$MethodOrder
2335:             1             16  freemarker.template.TemplateExceptionHandler$3
2336:             1             16  java.util.concurrent.ConcurrentSkipListSet
2337:             1             16  sun.reflect.GeneratedMethodAccessor76
2338:             1             16  org.apache.tomcat.util.scan.StandardJarScanner
2339:             1             16  org.apache.catalina.mbeans.MBeanFactory
2340:             1             16  sun.reflect.GeneratedConstructorAccessor1
2341:             1             16  com.sun.proxy.$Proxy6
2342:             1             16  sun.reflect.GeneratedMethodAccessor64
2343:             1             16  org.eclipse.jdt.internal.compiler.ast.CompilationUnitDeclaration$1
2344:             1             16  org.apache.catalina.valves.AccessLogValve$HttpStatusCodeElement
2345:             1             16  ognl.NumberElementsAccessor
2346:             1             16  freemarker.ext.beans.StringModel$1
2347:             1             16  org.hibernate.intercept.LazyPropertyInitializer$1
2348:             1             16  org.hibernate.hql.ast.ASTQueryTranslatorFactory
2349:             1             16  org.hibernate.cfg.SettingsFactory
2350:             1             16  org.hibernate.engine.CascadingAction$7
2351:             1             16  freemarker.template.TemplateExceptionHandler$4
2352:             1             16  com.sun.org.apache.xerces.internal.impl.dv.xs.IDDV
2353:             1             16  com.sun.org.apache.xerces.internal.util.EntityResolverWrapper
2354:             1             16  org.hibernate.type.ByteType
2355:             1             16  com.opensymphony.xwork2.inject.ContainerBuilder$1
2356:             1             16  sun.reflect.GeneratedMethodAccessor16
2357:             1             16  java.lang.System$2
2358:             1             16  cn.itcast.oa.service.impl.MenuitemServiceImpl
2359:             1             16  freemarker.ext.beans.MapModel$1
2360:             1             16  sun.reflect.ReflectionFactory
2361:             1             16  sun.reflect.GeneratedMethodAccessor77
2362:             1             16  ognl.ObjectNullHandler
2363:             1             16  org.apache.catalina.valves.AccessLogValve$ByteSentElement
2364:             1             16  sun.reflect.GeneratedMethodAccessor65
2365:             1             16  sun.text.normalizer.NormalizerImpl$FCDTrieImpl
2366:             1             16  sun.misc.Unsafe
2367:             1             16  com.sun.org.apache.xerces.internal.jaxp.datatype.DatatypeFactoryImpl
2368:             1             16  org.apache.log4j.or.RendererMap
2369:             1             16  com.sun.org.apache.xerces.internal.impl.xs.models.XSEmptyCM
2370:             1             16  org.springframework.web.context.request.RequestScope
2371:             1             16  com.sun.script.javascript.RhinoScriptEngineFactory
2372:             1             16  sun.reflect.GeneratedConstructorAccessor32
2373:             1             16  sun.reflect.GeneratedMethodAccessor21
2374:             1             16  org.apache.catalina.mbeans.GlobalResourcesLifecycleListener
2375:             1             16  org.hibernate.bytecode.javassist.ProxyFactoryFactoryImpl$1
2376:             1             16  com.sun.org.apache.xerces.internal.impl.dv.xs.IDREFDV
2377:             1             16  org.apache.struts2.views.freemarker.StrutsBeanWrapper$FriendlyMapModel$1
2378:             1             16  org.hibernate.engine.CascadingAction$8
2379:             1             16  com.opensymphony.xwork2.inject.ContainerBuilder$2
2380:             1             16  org.hibernate.event.def.DefaultInitializeCollectionEventListener
2381:             1             16  java.util.regex.Pattern$CharPropertyNames$5
2382:             1             16  sun.text.normalizer.NormalizerImpl$NormTrieImpl
2383:             1             16  sun.reflect.GeneratedMethodAccessor3
2384:             1             16  sun.reflect.GeneratedMethodAccessor78
2385:             1             16  org.springframework.core.task.SyncTaskExecutor
2386:             1             16  java.util.concurrent.atomic.AtomicReference
2387:             1             16  org.hibernate.event.def.DefaultSaveOrUpdateEventListener
2388:             1             16  java.lang.ref.Reference$Lock
2389:             1             16  sun.reflect.GeneratedMethodAccessor66
2390:             1             16  java.net.InetAddress$1
2391:             1             16  java.lang.InheritableThreadLocal
2392:             1             16  org.hibernate.jdbc.BatchingBatcherFactory
2393:             1             16  com.sun.org.apache.xerces.internal.impl.dv.xs.EntityDV
2394:             1             16  org.hibernate.property.BackrefPropertyAccessor$1
2395:             1             16  sun.text.normalizer.NormalizerImpl$AuxTrieImpl
2396:             1             16  com.opensymphony.xwork2.util.logging.commons.CommonsLoggerFactory
2397:             1             16  org.apache.log4j.or.DefaultRenderer
2398:             1             16  sun.reflect.GeneratedConstructorAccessor6
2399:             1             16  org.hibernate.impl.SessionFactoryObjectFactory
2400:             1             16  org.hibernate.type.FloatType
2401:             1             16  sun.reflect.GeneratedMethodAccessor55
2402:             1             16  org.apache.tomcat.websocket.server.WsWriteTimeout$EndpointComparator
2403:             1             16  org.hibernate.util.EmptyIterator
2404:             1             16  sun.reflect.GeneratedMethodAccessor67
2405:             1             16  org.hibernate.type.CharArrayType
2406:             1             16  org.apache.tomcat.util.net.jsse.JSSEImplementation
2407:             1             16  org.apache.log4j.DefaultCategoryFactory
2408:             1             16  com.sun.org.apache.xerces.internal.impl.dv.xs.IntegerDV
2409:             1             16  cn.itcast.oa.service.impl.UserServiceImpl
2410:             1             16  sun.reflect.GeneratedMethodAccessor79
2411:             1             16  org.hibernate.event.def.DefaultPostLoadEventListener
2412:             1             16  org.springframework.web.context.support.WebApplicationContextUtils$1
2413:             1             16  org.hibernate.engine.CascadingAction$9
2414:             1             16  sun.reflect.GeneratedMethodAccessor56
2415:             1             16  sun.reflect.GeneratedMethodAccessor4
2416:             1             16  sun.reflect.GeneratedMethodAccessor68
2417:             1             16  [Lorg.eclipse.jdt.internal.compiler.lookup.TypeVariableBinding;
2418:             1             16  org.apache.log4j.spi.DefaultRepositorySelector
2419:             1             16  [Lorg.apache.catalina.deploy.SecurityConstraint;
2420:             1             16  java.util.regex.Pattern$CharPropertyNames$6
2421:             1             16  [Lorg.eclipse.jdt.internal.compiler.lookup.AnnotationBinding;
2422:             1             16  org.apache.catalina.core.ApplicationFilterFactory
2423:             1             16  com.sun.org.apache.xerces.internal.impl.dv.xs.ListDV
2424:             1             16  org.hibernate.dialect.DialectFactory$1
2425:             1             16  [Lorg.apache.catalina.core.DefaultInstanceManager$AnnotationCacheEntry;
2426:             1             16  java.util.concurrent.ThreadLocalRandom$1
2427:             1             16  [Lorg.eclipse.jdt.internal.compiler.classfmt.ElementValuePairInfo;
2428:             1             16  org.hibernate.persister.collection.CollectionPropertyMapping
2429:             1             16  org.hibernate.event.def.DefaultPreLoadEventListener
2430:             1             16  sun.reflect.GeneratedMethodAccessor22
2431:             1             16  com.sun.proxy.$Proxy17
2432:             1             16  sun.reflect.GeneratedMethodAccessor80
2433:             1             16  org.hibernate.type.CharacterArrayType
2434:             1             16  org.hibernate.engine.CascadingAction$10
2435:             1             16  org.springframework.util.AntPathMatcher
2436:             1             16  sun.net.www.protocol.jar.JarFileFactory
2437:             1             16  sun.reflect.GeneratedMethodAccessor69
2438:             1             16  com.sun.org.apache.xerces.internal.impl.dv.xs.UnionDV
2439:             1             16  org.hibernate.type.DoubleType
2440:             1             16  [Lorg.hibernate.event.PreDeleteEventListener;
2441:             1             16  java.math.BigDecimal$1
2442:             1             16  sun.reflect.GeneratedConstructorAccessor10
2443:             1             16  [Lorg.hibernate.event.PreUpdateEventListener;
2444:             1             16  org.hibernate.engine.VersionValue$1
2445:             1             16  [Lorg.hibernate.event.PreInsertEventListener;
2446:             1             16  java.util.Collections$EmptyEnumeration
2447:             1             16  java.util.regex.Pattern$CharPropertyNames$7
2448:             1             16  java.util.zip.ZipFile$2
2449:             1             16  cn.itcast.oa.service.impl.PostServiceImpl
2450:             1             16  sun.reflect.GeneratedConstructorAccessor37
2451:             1             16  sun.reflect.GeneratedConstructorAccessor2
2452:             1             16  java.lang.CharacterDataLatin1
2453:             1             16  com.sun.org.apache.xerces.internal.impl.dv.xs.YearMonthDurationDV
2454:             1             16  sun.reflect.GeneratedConstructorAccessor28
2455:             1             16  sun.management.ManagementFactoryHelper$PlatformLoggingImpl
2456:             1             16  org.springframework.web.context.support.WebApplicationContextUtils$2
2457:             1             16  java.util.regex.Pattern$CharPropertyNames$8
2458:             1             16  sun.reflect.GeneratedMethodAccessor70
2459:             1             16  [Lorg.eclipse.jdt.internal.compiler.env.IBinaryMethod;
2460:             1             16  [Lorg.eclipse.jdt.internal.compiler.ast.MemberValuePair;
2461:             1             16  org.hibernate.engine.VersionValue$2
2462:             1             16  [Lorg.eclipse.jdt.internal.compiler.lookup.ElementValuePair;
2463:             1             16  sun.reflect.GeneratedConstructorAccessor11
2464:             1             16  [Lorg.hibernate.event.PreCollectionRecreateEventListener;
2465:             1             16  org.hibernate.impl.SessionFactoryObjectFactory$1
2466:             1             16  com.sun.org.apache.xerces.internal.dom.CharacterDataImpl$1
2467:             1             16  com.opensymphony.xwork2.ognl.OgnlReflectionProvider
2468:             1             16  sun.reflect.GeneratedMethodAccessor81
2469:             1             16  [Lorg.hibernate.event.PostCollectionRecreateEventListener;
2470:             1             16  sun.reflect.GeneratedConstructorAccessor5
2471:             1             16  org.hibernate.event.def.DefaultAutoFlushEventListener
2472:             1             16  java.util.regex.Pattern$CharPropertyNames$9
2473:             1             16  org.hibernate.type.TextType
2474:             1             16  [Lorg.hibernate.event.PreCollectionRemoveEventListener;
2475:             1             16  java.util.ResourceBundle$Control
2476:             1             16  org.hibernate.exception.SQLStateConverter
2477:             1             16  sun.misc.FloatingDecimal$1
2478:             1             16  sun.reflect.GeneratedConstructorAccessor25
2479:             1             16  [Lorg.hibernate.event.PostCollectionRemoveEventListener;
2480:             1             16  sun.reflect.GeneratedMethodAccessor5
2481:             1             16  com.sun.org.apache.xerces.internal.impl.dv.xs.DayTimeDurationDV
2482:             1             16  sun.misc.Launcher
2483:             1             16  org.apache.struts2.views.freemarker.StrutsClassTemplateLoader
2484:             1             16  org.hibernate.engine.VersionValue$3
2485:             1             16  org.hibernate.type.CharacterType
2486:             1             16  sun.reflect.GeneratedMethodAccessor24
2487:             1             16  org.hibernate.cache.impl.NoCachingRegionFactory
2488:             1             16  [Lorg.hibernate.event.PreCollectionUpdateEventListener;
2489:             1             16  freemarker.debug.impl.DebuggerService$NoOpDebuggerService
2490:             1             16  java.util.regex.Pattern$CharPropertyNames$10
2491:             1             16  sun.reflect.GeneratedConstructorAccessor12
2492:             1             16  [Lorg.hibernate.event.PostCollectionUpdateEventListener;
2493:             1             16  antlr.Token
2494:             1             16  org.hibernate.type.BlobType
2495:             1             16  java.util.TreeMap$KeySet
2496:             1             16  java.lang.reflect.Proxy$KeyFactory
2497:             1             16  sun.reflect.GeneratedMethodAccessor82
2498:             1             16  [Ljava.util.Iterator;
2499:             1             16  cn.itcast.oa.service.impl.PDManagerServiceImpl
2500:             1             16  com.sun.proxy.$Proxy12
2501:             1             16  sun.reflect.GeneratedMethodAccessor71
2502:             1             16  org.springframework.beans.factory.support.CglibSubclassingInstantiationStrategy
2503:             1             16  org.springframework.aop.framework.adapter.DefaultAdvisorAdapterRegistry
2504:             1             16  org.apache.catalina.core.StandardHost$MemoryLeakTrackingListener
2505:             1             16  java.util.regex.Pattern$CharPropertyNames$11
2506:             1             16  com.sun.org.apache.xerces.internal.impl.dv.xs.AnyAtomicDV
2507:             1             16  com.mysql.jdbc.log.StandardLogger
2508:             1             16  com.sun.org.apache.xerces.internal.impl.dv.dtd.StringDatatypeValidator
2509:             1             16  sun.reflect.GeneratedMethodAccessor25
2510:             1             16  sun.reflect.GeneratedMethodAccessor6
2511:             1             16  org.jbpm.pvm.internal.script.XPathScriptEngineFactory
2512:             1             16  org.hibernate.type.ForeignKeyDirection$1
2513:             1             16  ognl.ObjectArrayPool
2514:             1             16  org.jbpm.pvm.internal.xml.Bindings
2515:             1             16  sun.reflect.GeneratedConstructorAccessor31
2516:             1             16  org.hibernate.event.def.DefaultSaveEventListener
2517:             1             16  [Ljava.nio.file.attribute.FileAttribute;
2518:             1             16  org.jbpm.pvm.internal.type.matcher.HibernateLongIdMatcher
2519:             1             16  java.util.regex.Pattern$CharPropertyNames$12
2520:             1             16  com.mysql.jdbc.Util
2521:             1             16  sun.reflect.GeneratedConstructorAccessor13
2522:             1             16  freemarker.template.TemplateBooleanModel$1
2523:             1             16  org.apache.struts2.config.DelegatingSettings
2524:             1             16  org.apache.struts2.dispatcher.Dispatcher$1
2525:             1             16  org.hibernate.cfg.HbmBinder$CollectionType$1
2526:             1             16  sun.text.normalizer.NormalizerBase$Mode
2527:             1             16  com.sun.org.apache.xerces.internal.impl.dv.dtd.IDDatatypeValidator
2528:             1             16  [Lorg.apache.catalina.deploy.ApplicationParameter;
2529:             1             16  sun.misc.Launcher$Factory
2530:             1             16  org.hibernate.type.ForeignKeyDirection$2
2531:             1             16  com.sun.org.apache.xerces.internal.impl.dv.xs.AnySimpleDV
2532:             1             16  java.util.regex.Pattern$CharPropertyNames$13
2533:             1             16  org.hibernate.type.StringType
2534:             1             16  org.jbpm.pvm.internal.type.matcher.HibernateStringIdMatcher
2535:             1             16  java.lang.reflect.Proxy$ProxyClassFactory
2536:             1             16  freemarker.template.TemplateBooleanModel$2
2537:             1             16  sun.reflect.GeneratedMethodAccessor26
2538:             1             16  org.hibernate.engine.CascadeStyle$1
2539:             1             16  sun.reflect.GeneratedMethodAccessor7
2540:             1             16  org.hibernate.cfg.HbmBinder$CollectionType$2
2541:             1             16  cn.itcast.oa.service.impl.FormTemplateServiceImpl
2542:             1             16  org.apache.catalina.valves.AccessLogValve$1
2543:             1             16  [Lorg.eclipse.jdt.internal.compiler.lookup.InferenceVariable;
2544:             1             16  sun.net.www.protocol.http.AuthCacheImpl
2545:             1             16  com.sun.org.apache.xerces.internal.impl.dv.dtd.IDREFDatatypeValidator
2546:             1             16  sun.reflect.GeneratedConstructorAccessor44
2547:             1             16  org.apache.struts2.config.StrutsXmlConfigurationProvider$1
2548:             1             16  org.hibernate.type.CalendarType
2549:             1             16  com.sun.org.apache.xerces.internal.impl.dv.xs.XSSimpleTypeDecl$1
2550:             1             16  org.hibernate.event.def.DefaultUpdateEventListener
2551:             1             16  sun.reflect.GeneratedConstructorAccessor14
2552:             1             16  java.util.regex.Pattern$CharPropertyNames$14
2553:             1             16  org.hibernate.cfg.Configuration$1
2554:             1             16  sun.reflect.GeneratedConstructorAccessor23
2555:             1             16  org.apache.struts2.dispatcher.mapper.DefaultActionMapper$2$1
2556:             1             16  com.sun.org.apache.xerces.internal.impl.dv.xs.StringDV
2557:             1             16  org.jbpm.pvm.internal.type.matcher.SerializableMatcher
2558:             1             16  org.springframework.aop.framework.adapter.MethodBeforeAdviceAdapter
2559:             1             16  java.util.TreeMap$Values
2560:             1             16  org.hibernate.engine.CascadeStyle$2
2561:             1             16  sun.reflect.GeneratedMethodAccessor23
2562:             1             16  org.hibernate.cfg.HbmBinder$CollectionType$3
2563:             1             16  org.apache.catalina.valves.AccessLogValve$2
2564:             1             16  org.hibernate.hql.ast.tree.FromClause$1
2565:             1             16  java.util.concurrent.SynchronousQueue$TransferStack
2566:             1             16  sun.text.normalizer.NormalizerBase$NFDMode
2567:             1             16  sun.net.spi.DefaultProxySelector
2568:             1             16  com.sun.org.apache.xerces.internal.utils.SecuritySupport
2569:             1             16  java.util.regex.Pattern$CharPropertyNames$15
2570:             1             16  java.util.WeakHashMap$KeySet
2571:             1             16  org.hibernate.event.def.DefaultSaveOrUpdateCopyEventListener
2572:             1             16  sun.reflect.generics.tree.BottomSignature
2573:             1             16  org.hibernate.engine.CascadeStyle$3
2574:             1             16  com.sun.org.apache.xerces.internal.impl.dv.xs.DateTimeDV
2575:             1             16  org.springframework.aop.framework.adapter.AfterReturningAdviceAdapter
2576:             1             16  org.hibernate.cfg.HbmBinder$CollectionType$4
2577:             1             16  org.apache.struts2.dispatcher.mapper.DefaultActionMapper$2$2
2578:             1             16  sun.reflect.GeneratedMethodAccessor83
2579:             1             16  [Ljava.lang.Throwable;
2580:             1             16  com.sun.org.apache.xerces.internal.impl.dv.xs.BooleanDV
2581:             1             16  sun.reflect.GeneratedConstructorAccessor29
2582:             1             16  org.jbpm.pvm.internal.script.JuelScriptEngineFactory
2583:             1             16  sun.reflect.GeneratedConstructorAccessor15
2584:             1             16  org.hibernate.hql.ast.tree.FromClause$2
2585:             1             16  org.hibernate.dialect.Dialect$4
2586:             1             16  java.util.regex.Pattern$CharPropertyNames$16
2587:             1             16  org.hibernate.id.IdentifierGeneratorFactory$1
2588:             1             16  org.hibernate.event.def.DefaultDirtyCheckEventListener
2589:             1             16  sun.management.ClassLoadingImpl
2590:             1             16  org.hibernate.engine.CascadeStyle$4
2591:             1             16  com.sun.org.apache.xerces.internal.impl.dv.xs.XSSimpleTypeDecl$4
2592:             1             16  sun.security.x509.RFC822Name
2593:             1             16  org.apache.tomcat.util.http.parser.MediaTypeCache
2594:             1             16  org.apache.struts2.config.BeanSelectionProvider
2595:             1             16  org.hibernate.cfg.HbmBinder$CollectionType$5
2596:             1             16  org.springframework.aop.framework.adapter.ThrowsAdviceAdapter
2597:             1             16  org.hibernate.hql.ast.tree.FromClause$3
2598:             1             16  java.util.regex.Pattern$CharPropertyNames$17
2599:             1             16  org.hibernate.id.IdentifierGeneratorFactory$2
2600:             1             16  sun.reflect.GeneratedMethodAccessor27
2601:             1             16  org.hibernate.type.ClobType
2602:             1             16  org.apache.struts2.dispatcher.mapper.DefaultActionMapper$2$3
2603:             1             16  com.sun.org.apache.xerces.internal.impl.dv.dtd.NOTATIONDatatypeValidator
2604:             1             16  org.hibernate.type.TimeType
2605:             1             16  java.net.URLClassLoader$7
2606:             1             16  sun.text.normalizer.NormalizerBase$NFKDMode
2607:             1             16  org.apache.juli.logging.LogFactory
2608:             1             16  sun.nio.cs.CharsetMapping$2
2609:             1             16  sun.reflect.GeneratedMethodAccessor18
2610:             1             16  org.hibernate.engine.CascadeStyle$5
2611:             1             16  com.sun.org.apache.xerces.internal.impl.dv.xs.DecimalDV
2612:             1             16  sun.reflect.GeneratedConstructorAccessor16
2613:             1             16  sun.reflect.GeneratedConstructorAccessor30
2614:             1             16  org.hibernate.type.CalendarDateType
2615:             1             16  org.hibernate.cfg.HbmBinder$CollectionType$6
2616:             1             16  org.hibernate.hql.ast.tree.FromClause$4
2617:             1             16  sun.util.resources.LocaleData$LocaleDataResourceBundleControl
2618:             1             16  sun.reflect.GeneratedConstructorAccessor8
2619:             1             16  java.util.regex.Pattern$CharPropertyNames$18
2620:             1             16  org.hibernate.cfg.DefaultNamingStrategy
2621:             1             16  java.util.Collections$SingletonSet
2622:             1             16  com.opensymphony.xwork2.DefaultTextProvider
2623:             1             16  com.sun.org.apache.xerces.internal.impl.dv.dtd.NMTOKENDatatypeValidator
2624:             1             16  sun.reflect.GeneratedConstructorAccessor9
2625:             1             16  sun.reflect.GeneratedConstructorAccessor3
2626:             1             16  com.sun.org.apache.xerces.internal.impl.dv.xs.TimeDV
2627:             1             16  [Lorg.eclipse.jdt.internal.compiler.lookup.TypeBound;
2628:             1             16  org.hibernate.engine.CascadeStyle$6
2629:             1             16  java.io.FileDescriptor$1
2630:             1             16  sun.nio.cs.CharsetMapping$3
2631:             1             16  org.apache.struts2.dispatcher.mapper.DefaultActionMapper$2$4
2632:             1             16  org.hibernate.event.def.DefaultLoadEventListener
2633:             1             16  org.hibernate.cfg.HbmBinder$CollectionType$7
2634:             1             16  [Lorg.eclipse.jdt.internal.compiler.ast.TypeReference;
2635:             1             16  sun.misc.Perf
2636:             1             16  sun.reflect.GeneratedConstructorAccessor26
2637:             1             16  sun.reflect.GeneratedConstructorAccessor45
2638:             1             16  java.util.regex.Pattern$CharPropertyNames$19
2639:             1             16  org.hibernate.jdbc.util.SQLStatementLogger
2640:             1             16  sun.reflect.GeneratedConstructorAccessor42
2641:             1             16  org.hibernate.event.def.DefaultFlushEventListener
2642:             1             16  sun.reflect.GeneratedConstructorAccessor7
2643:             1             16  com.sun.org.apache.xerces.internal.impl.dv.xs.FloatDV
2644:             1             16  org.apache.tomcat.websocket.server.WsSessionListener
2645:             1             16  sun.reflect.GeneratedConstructorAccessor17
2646:             1             16  org.hibernate.proxy.pojo.javassist.JavassistLazyInitializer$1
2647:             1             16  org.hibernate.engine.CascadeStyle$7
2648:             1             16  sun.text.normalizer.NormalizerBase$NFCMode
2649:             1             16  java.util.regex.Pattern$CharPropertyNames$20
2650:             1             16  sun.nio.cs.CharsetMapping$4
2651:             1             16  java.lang.management.PlatformComponent$1
2652:             1             16  org.hibernate.impl.SessionFactoryImpl$2
2653:             1             16  javax.xml.parsers.SecuritySupport
2654:             1             16  org.springframework.orm.hibernate3.SpringSessionContext
2655:             1             16  sun.reflect.GeneratedMethodAccessor57
2656:             1             16  sun.reflect.GeneratedMethodAccessor8
2657:             1             16  org.hibernate.impl.SessionFactoryImpl$1
2658:             1             16  com.sun.proxy.$Proxy13
2659:             1             16  org.hibernate.engine.CascadeStyle$8
2660:             1             16  com.sun.jmx.mbeanserver.DefaultMXBeanMappingFactory
2661:             1             16  java.util.regex.Pattern$CharPropertyNames$21
2662:             1             16  sun.reflect.GeneratedMethodAccessor46
2663:             1             16  org.jbpm.pvm.internal.id.DatabaseIdComposer
2664:             1             16  java.text.DontCareFieldPosition$1
2665:             1             16  org.hibernate.type.LocaleType
2666:             1             16  java.lang.reflect.ReflectAccess
2667:             1             16  org.springframework.beans.factory.annotation.QualifierAnnotationAutowireCandidateResolver
2668:             1             16  com.sun.org.apache.xerces.internal.impl.dv.xs.DoubleDV
2669:             1             16  java.lang.management.PlatformComponent$2
2670:             1             16  org.hibernate.type.DateType
2671:             1             16  com.sun.org.apache.xerces.internal.impl.dv.xs.DateDV
2672:             1             16  com.opensymphony.xwork2.ognl.accessor.ObjectProxyPropertyAccessor
2673:             1             16  sun.reflect.GeneratedConstructorAccessor18
2674:             1             16  sun.reflect.GeneratedConstructorAccessor27
2675:             1             16  javax.xml.transform.SecuritySupport
2676:             1             16  org.hibernate.engine.CascadeStyle$9
2677:             1             16  com.opensymphony.xwork2.util.WildcardHelper
2678:             1             16  java.util.regex.Pattern$CharPropertyNames$22
2679:             1             16  org.jbpm.pvm.internal.id.MemoryIdComposer
2680:             1             16  sun.reflect.GeneratedMethodAccessor38
2681:             1             16  sun.reflect.GeneratedMethodAccessor58
2682:             1             16  sun.text.normalizer.NormalizerBase$NFKCMode
2683:             1             16  org.apache.tomcat.util.security.MD5Encoder
2684:             1             16  org.hibernate.property.MapAccessor
2685:             1             16  org.jbpm.internal.log.Log4jLogFactory
2686:             1             16  java.lang.management.PlatformComponent$3
2687:             1             16  org.hibernate.event.def.DefaultEvictEventListener
2688:             1             16  [Ljava.text.FieldPosition;
2689:             1             16  sun.reflect.GeneratedMethodAccessor47
2690:             1             16  org.hibernate.engine.CascadeStyle$10
2691:             1             16  org.hibernate.bytecode.javassist.BytecodeProviderImpl
2692:             1             16  sun.reflect.GeneratedConstructorAccessor39
2693:             1             16  sun.security.util.ByteArrayLexOrder
2694:             1             16  java.util.regex.Pattern$CharPropertyNames$23
2695:             1             16  org.hibernate.event.def.DefaultMergeEventListener
2696:             1             16  sun.reflect.GeneratedMethodAccessor39
2697:             1             16  org.apache.tomcat.util.digester.Digester$SystemPropertySource
2698:             1             16  java.nio.charset.CoderResult$1
2699:             1             16  sun.reflect.GeneratedConstructorAccessor19
2700:             1             16  org.springframework.orm.hibernate3.SpringTransactionFactory
2701:             1             16  java.lang.management.PlatformComponent$4
2702:             1             16  java.util.concurrent.CopyOnWriteArraySet
2703:             1             16  ognl.DefaultMemberAccess
2704:             1             16  org.apache.struts2.config.LegacyPropertiesConfigurationProvider
2705:             1             16  org.apache.taglibs.standard.tei.ImportTEI
2706:             1             16  org.apache.tomcat.util.http.ServerCookie$1
2707:             1             16  java.nio.Bits$1
2708:             1             16  org.hibernate.property.NoopAccessor
2709:             1             16  freemarker.ext.beans.BeanModel$1
2710:             1             16  sun.security.util.ByteArrayTagOrder
2711:             1             16  org.springframework.aop.TrueClassFilter
2712:             1             16  org.jbpm.pvm.internal.script.GroovyScriptEngineFactory
2713:             1             16  org.springframework.aop.aspectj.autoproxy.AspectJPrecedenceComparator
2714:             1             16  org.apache.struts2.config.DefaultPropertiesProvider
2715:             1             16  org.hibernate.engine.CascadeStyle$11
2716:             1             16  org.apache.struts2.views.DefaultTagLibrary
2717:             1             16  org.apache.tomcat.websocket.server.WsContextListener
2718:             1             16  com.sun.org.apache.xerces.internal.impl.dv.xs.YearMonthDV
2719:             1             16  java.lang.management.PlatformComponent$5
2720:             1             16  sun.reflect.GeneratedMethodAccessor40
2721:             1             16  java.nio.charset.CoderResult$2
2722:             1             16  sun.reflect.GeneratedMethodAccessor48
2723:             1             16  java.lang.CharacterData00
2724:             1             16  sun.reflect.GeneratedConstructorAccessor40
2725:             1             16  org.hibernate.dialect.function.CastFunction
2726:             1             16  sun.security.rsa.RSAKeyFactory
2727:             1             16  org.hibernate.type.BooleanType
2728:             1             16  org.apache.taglibs.standard.tei.ForEachTEI
2729:             1             16  org.hibernate.type.CurrencyType
2730:             1             16  org.apache.catalina.startup.VersionLoggerListener
2731:             1             16  org.hibernate.engine.CascadeStyle$12
2732:             1             16  org.hibernate.property.EmbeddedPropertyAccessor
2733:             1             16  [Lorg.eclipse.jdt.internal.compiler.env.IBinaryAnnotation;
2734:             1             16  com.sun.org.apache.xalan.internal.utils.SecuritySupport
2735:             1             16  sun.reflect.GeneratedConstructorAccessor20
2736:             1             16  org.apache.catalina.startup.EngineConfig
2737:             1             16  java.lang.management.PlatformComponent$6
2738:             1             16  org.apache.catalina.connector.Request$1
2739:             1             16  sun.reflect.GeneratedMethodAccessor41
2740:             1             16  [Lorg.eclipse.jdt.internal.compiler.env.IBinaryTypeAnnotation;
2741:             1             16  ognl.ObjectMethodAccessor
2742:             1             16  java.nio.Bits$1$1
2743:             1             16  com.sun.org.apache.xerces.internal.impl.xs.XSConstraints$1
2744:             1             16  com.opensymphony.xwork2.ognl.accessor.XWorkMethodAccessor
2745:             1             16  javax.servlet.jsp.el.ImplicitObjectELResolver
2746:             1             16  org.apache.naming.resources.DirContextURLStreamHandlerFactory
2747:             1             16  java.lang.management.PlatformComponent$7
2748:             1             16  sun.nio.ch.Util$1
2749:             1             16  org.springframework.util.ReflectionUtils$3
2750:             1             16  sun.reflect.GeneratedMethodAccessor49
2751:             1             16  sun.reflect.GeneratedConstructorAccessor41
2752:             1             16  sun.reflect.GeneratedMethodAccessor42
2753:             1             16  org.apache.catalina.connector.Request$2
2754:             1             16  java.nio.file.Files$AcceptAllFilter
2755:             1             16  com.opensymphony.xwork2.ognl.OgnlNullHandlerWrapper
2756:             1             16  sun.reflect.GeneratedConstructorAccessor21
2757:             1             16  com.sun.org.apache.xerces.internal.impl.dv.xs.YearDV
2758:             1             16  sun.reflect.GeneratedMethodAccessor9
2759:             1             16  java.lang.management.PlatformComponent$8
2760:             1             16  sun.reflect.GeneratedConstructorAccessor36
2761:             1             16  org.hibernate.util.DTDEntityResolver
2762:             1             16  org.hibernate.type.TimestampType
2763:             1             16  org.apache.tomcat.websocket.server.WsSci
2764:             1             16  sun.reflect.GeneratedMethodAccessor43
2765:             1             16  org.springframework.transaction.annotation.SpringTransactionAnnotationParser
2766:             1             16  sun.nio.ch.FileChannelImpl$1
2767:             1             16  org.apache.struts2.views.jsp.ui.OgnlTool
2768:             1             16  java.util.jar.JavaUtilJarAccessImpl
2769:             1             16  org.apache.catalina.connector.Request$3
2770:             1             16  org.hibernate.event.def.DefaultLockEventListener
2771:             1             16  org.hibernate.type.TimeZoneType
2772:             1             16  sun.reflect.GeneratedMethodAccessor50
2773:             1             16  java.util.Collections$ReverseComparator
2774:             1             16  [Ljava.lang.Enum;
2775:             1             16  sun.reflect.GeneratedMethodAccessor29
2776:             1             16  java.lang.management.PlatformComponent$9
2777:             1             16  java.security.ProtectionDomain$1
2778:             1             16  [Lcom.sun.org.apache.xerces.internal.xs.XSObject;
2779:             1             16  sun.reflect.GeneratedConstructorAccessor24
2780:             1             16  org.jbpm.pvm.internal.type.converter.FloatToStringConverter
2781:             1             16  sun.reflect.GeneratedMethodAccessor44
Total        583720       69279256
