User JVM default GC:
Parallel Scavenge+Parallel Old
JVM arguments:
-verbose:gc -Xms20M -Xmx20M -Xmn10M -XX:+PrintGCDetails -XX:SurvivorRatio=8

[GC (Allocation Failure) [PSYoungGen: 7262K->1001K(9216K)] 7262K->4977K(19456K), 0.0237543 secs] [Times: user=0.04 sys=0.01, real=0.02 secs] 
[GC (Allocation Failure) [PSYoungGen: 9193K->1024K(9216K)] 13169K->10854K(19456K), 0.0181141 secs] [Times: user=0.03 sys=0.01, real=0.02 secs] 
[Full GC (Ergonomics) [PSYoungGen: 1024K->1023K(9216K)] [ParOldGen: 9830K->9778K(10240K)] 10854K->10801K(19456K), [Metaspace: 2497K->2497K(1056768K)], 0.2309223 secs] [Times: user=0.39 sys=0.03, real=0.23 secs] 
[Full GC (Ergonomics) [PSYoungGen: 8547K->8424K(9216K)] [ParOldGen: 9778K->7666K(10240K)] 18326K->16091K(19456K), [Metaspace: 2498K->2498K(1056768K)], 0.3088510 secs] [Times: user=0.48 sys=0.03, real=0.30 secs] 
[Full GC (Allocation Failure) [PSYoungGen: 8424K->8424K(9216K)] [ParOldGen: 7666K->7655K(10240K)] 16091K->16079K(19456K), [Metaspace: 2498K->2498K(1056768K)]Exception in thread "main" , 0.2442997 secs] [Times: user=0.40 sys=0.02, real=0.25 secs] 
Heap
 PSYoungGen      total 9216K, used 8703K [0x00000000ff600000, 0x0000000100000000, 0x0000000100000000)
  eden space 8192K, 100% used [0x00000000ff600000,0x00000000ffe00000,0x00000000ffe00000)
  from space 1024K, 49% used [0x00000000fff00000,0x00000000fff7fdf0,0x0000000100000000)
  to   space 1024K, 0% used [0x00000000ffe00000,0x00000000ffe00000,0x00000000fff00000)
 ParOldGen       total 10240K, used 7655K [0x00000000fec00000, 0x00000000ff600000, 0x00000000ff600000)
  object space 10240K, 74% used [0x00000000fec00000,0x00000000ff379ca8,0x00000000ff600000)
 Metaspace       used 2529K, capacity 4486K, committed 4864K, reserved 1056768K
  class space    used 271K, capacity 386K, committed 512K, reserved 1048576K

  
Use ParNew+CMS+Serial Old
JVM arguments:
-verbose:gc -Xms20M -Xmx20M -Xmn10M -XX:+PrintGCDetails -XX:SurvivorRatio=8 -XX:+UseConcMarkSweepGC

result:
[GC (Allocation Failure) [ParNew: 7280K->1024K(9216K), 0.1153264 secs] 7280K->6837K(19456K), 0.1163846 secs] [Times: user=0.14 sys=0.10, real=0.11 secs] 
[GC (Allocation Failure) [ParNew: 9216K->9216K(9216K), 0.0000433 secs][CMS: 5813K->8687K(10240K), 0.0632455 secs] 15029K->13635K(19456K), [Metaspace: 2497K->2497K(1056768K)], 0.0634138 secs] [Times: user=0.04 sys=0.02, real=0.06 secs] 
[Full GC (Allocation Failure) [CMS: 8687K->8687K(10240K), 0.0402967 secs] 13796K->13650K(19456K), [Metaspace: 2497K->2497K(1056768K)], 0.0403708 secs] [Times: user=0.05 sys=0.00, real=0.04 secs] 
[GC (CMS Initial Mark) [1 CMS-initial-mark: 8687K(10240K)] 16879K(19456K), 0.0192379 secs] [Times: user=0.02 sys=0.00, real=0.02 secs] 
[CMS-concurrent-mark-start]
[CMS-concurrent-mark: 0.020/0.020 secs] [Times: user=0.03 sys=0.01, real=0.02 secs] 
[CMS-concurrent-preclean-start]
[Full GC (Allocation Failure) [CMS[CMS-concurrent-preclean: 0.040/0.069 secs] [Times: user=0.11 sys=0.02, real=0.07 secs] 
 (concurrent mode failure): 10239K->10239K(10240K), 0.0620777 secs] 19455K->17344K(19456K), [Metaspace: 2498K->2498K(1056768K)], 0.0622048 secs] [Times: user=0.06 sys=0.01, real=0.07 secs] 
[Full GC (Allocation Failure) [CMS: 10239K->10239K(10240K), 0.0536785 secs] 19442K->19442K(19456K), [Metaspace: 2498K->2498K(1056768K)], 0.0537401 secs] [Times: user=0.06 sys=0.00, real=0.05 secs] 
[Full GC (Allocation Failure) [CMS: 10239K->10239K(10240K), 0.0741496 secs] 19442K->19433K(19456K), [Metaspace: 2498K->2498K(1056768K)], 0.0745980 secs] [Times: user=0.07 sys=0.00, real=0.08 secs] 
Exception in thread "main" [GC (CMS Initial Mark) [1 CMS-initial-mark: 10239K(10240K)] 19434K(19456K), 0.0272591 secs] [Times: user=0.02 sys=0.00, real=0.02 secs] 
[CMS-concurrent-mark-start]


Use Serial + Serial Old
JVM arguments:
 -verbose:gc -Xms20M -Xmx20M -Xmn10M -XX:+PrintGCDetails -XX:SurvivorRatio=8 -XX:+UseSerialGC
result:
[GC (Allocation Failure) [DefNew: 6981K->1023K(9216K), 0.0166481 secs] 6981K->4951K(19456K), 0.0166998 secs] [Times: user=0.01 sys=0.00, real=0.02 secs] 
[GC (Allocation Failure) [DefNew: 9215K->1024K(9216K), 0.0207495 secs] 13143K->10798K(19456K), 0.0208980 secs] [Times: user=0.02 sys=0.01, real=0.02 secs] 
[GC (Allocation Failure) [DefNew: 8579K->8579K(9216K), 0.0005053 secs][Tenured: 9774K->7826K(10240K), 0.0548144 secs] 18353K->16088K(19456K), [Metaspace: 2494K->2494K(1056768K)], 0.0558344 secs] [Times: user=0.05 sys=0.00, real=0.05 secs] 
[Full GC (Allocation Failure) [Tenured: 7826K->7814K(10240K), 0.0445459 secs] 16088K->16076K(19456K), [Metaspace: 2494K->2494K(1056768K)], 0.0445942 secs] [Times: user=0.05 sys=0.01, real=0.05 secs] 
Exception in thread "main" java.lang.OutOfMemoryError: Java heap space



Use G1
JVM arguments:
 -verbose:gc -Xms20M -Xmx20M -Xmn10M -XX:+PrintGCDetails -XX:SurvivorRatio=8 -XX:+UseG1GC

[GC pause (G1 Evacuation Pause) (young) (to-space exhausted), 0.3568997 secs]
   [Parallel Time: 320.5 ms, GC Workers: 4]
      [GC Worker Start (ms): Min: 227.3, Avg: 233.5, Max: 236.3, Diff: 9.0]
      [Ext Root Scanning (ms): Min: 0.0, Avg: 0.3, Max: 1.2, Diff: 1.2, Sum: 1.2]
      [Update RS (ms): Min: 34.2, Avg: 38.2, Max: 43.4, Diff: 9.2, Sum: 152.8]
         [Processed Buffers: Min: 6, Avg: 7.0, Max: 8, Diff: 2, Sum: 28]
      [Scan RS (ms): Min: 31.3, Avg: 32.7, Max: 35.5, Diff: 4.2, Sum: 131.0]
      [Code Root Scanning (ms): Min: 0.0, Avg: 0.0, Max: 0.2, Diff: 0.2, Sum: 0.2]
      [Object Copy (ms): Min: 235.8, Avg: 238.8, Max: 240.6, Diff: 4.9, Sum: 955.2]
      [Termination (ms): Min: 0.0, Avg: 3.2, Max: 5.6, Diff: 5.6, Sum: 12.7]
         [Termination Attempts: Min: 1, Avg: 1.0, Max: 1, Diff: 0, Sum: 4]
      [GC Worker Other (ms): Min: 0.0, Avg: 0.4, Max: 1.4, Diff: 1.4, Sum: 1.5]
      [GC Worker Total (ms): Min: 310.8, Avg: 313.6, Max: 319.7, Diff: 9.0, Sum: 1254.5]
      [GC Worker End (ms): Min: 547.1, Avg: 547.1, Max: 547.1, Diff: 0.0]
   [Code Root Fixup: 0.0 ms]
   [Code Root Purge: 0.0 ms]
   [Clear CT: 1.5 ms]
   [Other: 34.8 ms]
      [Evacuation Failure: 32.8 ms]
      [Choose CSet: 0.0 ms]
      [Ref Proc: 1.5 ms]
      [Ref Enq: 0.0 ms]
      [Redirty Cards: 0.4 ms]
      [Humongous Register: 0.0 ms]
      [Humongous Reclaim: 0.0 ms]
      [Free CSet: 0.0 ms]
   [Eden: 10.0M(10.0M)->0.0B(8192.0K) Survivors: 0.0B->2048.0K Heap: 15.0M(20.0M)->16.0M(20.0M)]
 [Times: user=0.38 sys=0.12, real=0.36 secs] 
[GC pause (G1 Humongous Allocation) (young) (initial-mark) (to-space exhausted), 0.1620628 secs]
   [Parallel Time: 130.0 ms, GC Workers: 4]
      [GC Worker Start (ms): Min: 591.5, Avg: 591.8, Max: 592.0, Diff: 0.5]
      [Ext Root Scanning (ms): Min: 4.1, Avg: 8.3, Max: 14.3, Diff: 10.3, Sum: 33.3]
      [Update RS (ms): Min: 19.9, Avg: 25.6, Max: 30.0, Diff: 10.1, Sum: 102.6]
         [Processed Buffers: Min: 5, Avg: 18.0, Max: 34, Diff: 29, Sum: 72]
      [Scan RS (ms): Min: 0.0, Avg: 0.3, Max: 0.9, Diff: 0.9, Sum: 1.2]
      [Code Root Scanning (ms): Min: 0.0, Avg: 0.0, Max: 0.0, Diff: 0.0, Sum: 0.0]
      [Object Copy (ms): Min: 94.8, Avg: 95.0, Max: 95.2, Diff: 0.4, Sum: 380.1]
      [Termination (ms): Min: 0.0, Avg: 0.1, Max: 0.2, Diff: 0.2, Sum: 0.3]
         [Termination Attempts: Min: 1, Avg: 10.5, Max: 23, Diff: 22, Sum: 42]
      [GC Worker Other (ms): Min: 0.0, Avg: 0.0, Max: 0.0, Diff: 0.0, Sum: 0.0]
      [GC Worker Total (ms): Min: 129.1, Avg: 129.4, Max: 129.6, Diff: 0.5, Sum: 517.5]
      [GC Worker End (ms): Min: 721.1, Avg: 721.1, Max: 721.2, Diff: 0.0]
   [Code Root Fixup: 0.0 ms]
   [Code Root Purge: 0.0 ms]
   [Clear CT: 0.1 ms]
   [Other: 31.9 ms]
      [Evacuation Failure: 23.1 ms]
      [Choose CSet: 0.0 ms]
      [Ref Proc: 7.3 ms]
      [Ref Enq: 0.0 ms]
      [Redirty Cards: 1.4 ms]
      [Humongous Register: 0.0 ms]
      [Humongous Reclaim: 0.0 ms]
      [Free CSet: 0.0 ms]
   [Eden: 1024.0K(8192.0K)->0.0B(10.0M) Survivors: 2048.0K->0.0B Heap: 16.6M(20.0M)->17.6M(20.0M)]
 [Times: user=0.21 sys=0.01, real=0.16 secs] 
[GC concurrent-root-region-scan-start]
[GC concurrent-root-region-scan-end, 0.0000079 secs]
[GC concurrent-mark-start]
[GC pause (G1 Humongous Allocation) (young), 0.0186470 secs]
   [Parallel Time: 16.4 ms, GC Workers: 4]
      [GC Worker Start (ms): Min: 754.2, Avg: 756.5, Max: 762.3, Diff: 8.1]
      [Ext Root Scanning (ms): Min: 0.0, Avg: 0.1, Max: 0.4, Diff: 0.4, Sum: 0.4]
      [Update RS (ms): Min: 3.4, Avg: 9.2, Max: 11.2, Diff: 7.8, Sum: 36.7]
         [Processed Buffers: Min: 0, Avg: 9.5, Max: 14, Diff: 14, Sum: 38]
      [Scan RS (ms): Min: 0.0, Avg: 0.0, Max: 0.0, Diff: 0.0, Sum: 0.0]
      [Code Root Scanning (ms): Min: 0.0, Avg: 0.0, Max: 0.0, Diff: 0.0, Sum: 0.0]
      [Object Copy (ms): Min: 0.0, Avg: 0.0, Max: 0.0, Diff: 0.0, Sum: 0.0]
      [Termination (ms): Min: 0.0, Avg: 1.2, Max: 4.5, Diff: 4.5, Sum: 4.9]
         [Termination Attempts: Min: 1, Avg: 1.0, Max: 1, Diff: 0, Sum: 4]
      [GC Worker Other (ms): Min: 0.0, Avg: 0.0, Max: 0.0, Diff: 0.0, Sum: 0.0]
      [GC Worker Total (ms): Min: 3.5, Avg: 10.5, Max: 15.6, Diff: 12.1, Sum: 42.1]
      [GC Worker End (ms): Min: 765.8, Avg: 767.0, Max: 770.3, Diff: 4.4]
   [Code Root Fixup: 0.0 ms]
   [Code Root Purge: 0.0 ms]
   [Clear CT: 0.6 ms]
   [Other: 1.7 ms]
      [Choose CSet: 0.0 ms]
      [Ref Proc: 1.1 ms]
      [Ref Enq: 0.0 ms]
      [Redirty Cards: 0.4 ms]
      [Humongous Register: 0.0 ms]
      [Humongous Reclaim: 0.0 ms]
      [Free CSet: 0.0 ms]
   [Eden: 0.0B(10.0M)->0.0B(10.0M) Survivors: 0.0B->0.0B Heap: 17.6M(20.0M)->17.6M(20.0M)]
 [Times: user=0.02 sys=0.01, real=0.02 secs] 
[Full GC (Allocation Failure)  17M->10M(20M), 0.0846285 secs]
   [Eden: 0.0B(10.0M)->0.0B(10.0M) Survivors: 0.0B->0.0B Heap: 17.6M(20.0M)->10.6M(20.0M)], [Metaspace: 2497K->2497K(1056768K)]
 [Times: user=0.10 sys=0.01, real=0.08 secs] 
[GC concurrent-mark-abort]
[GC pause (G1 Evacuation Pause) (young) (to-space exhausted), 0.2092962 secs]
   [Parallel Time: 201.4 ms, GC Workers: 4]
      [GC Worker Start (ms): Min: 869.8, Avg: 879.9, Max: 884.0, Diff: 14.2]
      [Ext Root Scanning (ms): Min: 0.0, Avg: 0.6, Max: 2.3, Diff: 2.3, Sum: 2.3]
      [Update RS (ms): Min: 2.8, Avg: 6.7, Max: 16.6, Diff: 13.8, Sum: 26.9]
         [Processed Buffers: Min: 1, Avg: 5.2, Max: 10, Diff: 9, Sum: 21]
      [Scan RS (ms): Min: 0.0, Avg: 0.6, Max: 1.0, Diff: 1.0, Sum: 2.3]
      [Code Root Scanning (ms): Min: 0.0, Avg: 0.0, Max: 0.0, Diff: 0.0, Sum: 0.0]
      [Object Copy (ms): Min: 182.1, Avg: 183.1, Max: 183.5, Diff: 1.4, Sum: 732.2]
      [Termination (ms): Min: 0.0, Avg: 0.0, Max: 0.1, Diff: 0.1, Sum: 0.2]
         [Termination Attempts: Min: 1, Avg: 1.0, Max: 1, Diff: 0, Sum: 4]
      [GC Worker Other (ms): Min: 0.0, Avg: 0.0, Max: 0.1, Diff: 0.1, Sum: 0.2]
      [GC Worker Total (ms): Min: 186.9, Avg: 191.0, Max: 201.2, Diff: 14.2, Sum: 764.2]
      [GC Worker End (ms): Min: 1070.9, Avg: 1070.9, Max: 1071.0, Diff: 0.1]
   [Code Root Fixup: 0.0 ms]
   [Code Root Purge: 0.0 ms]
   [Clear CT: 0.3 ms]
   [Other: 7.6 ms]
      [Evacuation Failure: 7.0 ms]
      [Choose CSet: 0.0 ms]
      [Ref Proc: 0.2 ms]
      [Ref Enq: 0.0 ms]
      [Redirty Cards: 0.3 ms]
      [Humongous Register: 0.0 ms]
      [Humongous Reclaim: 0.0 ms]
      [Free CSet: 0.0 ms]
   [Eden: 4096.0K(10.0M)->0.0B(10.0M) Survivors: 0.0B->0.0B Heap: 17.7M(20.0M)->17.7M(20.0M)]
 [Times: user=0.23 sys=0.05, real=0.21 secs] 
[GC pause (G1 Evacuation Pause) (young) (initial-mark), 0.0025297 secs]
   [Parallel Time: 0.8 ms, GC Workers: 4]
      [GC Worker Start (ms): Min: 1081.4, Avg: 1081.4, Max: 1081.6, Diff: 0.3]
      [Ext Root Scanning (ms): Min: 0.0, Avg: 0.4, Max: 0.7, Diff: 0.7, Sum: 1.6]
      [Update RS (ms): Min: 0.0, Avg: 0.1, Max: 0.3, Diff: 0.3, Sum: 0.5]
         [Processed Buffers: Min: 0, Avg: 1.5, Max: 4, Diff: 4, Sum: 6]
      [Scan RS (ms): Min: 0.0, Avg: 0.0, Max: 0.0, Diff: 0.0, Sum: 0.0]
      [Code Root Scanning (ms): Min: 0.0, Avg: 0.0, Max: 0.0, Diff: 0.0, Sum: 0.0]
      [Object Copy (ms): Min: 0.0, Avg: 0.0, Max: 0.0, Diff: 0.0, Sum: 0.0]
      [Termination (ms): Min: 0.0, Avg: 0.1, Max: 0.2, Diff: 0.2, Sum: 0.3]
         [Termination Attempts: Min: 1, Avg: 1.0, Max: 1, Diff: 0, Sum: 4]
      [GC Worker Other (ms): Min: 0.0, Avg: 0.0, Max: 0.0, Diff: 0.0, Sum: 0.0]
      [GC Worker Total (ms): Min: 0.4, Avg: 0.6, Max: 0.7, Diff: 0.3, Sum: 2.4]
      [GC Worker End (ms): Min: 1082.0, Avg: 1082.0, Max: 1082.1, Diff: 0.0]
   [Code Root Fixup: 0.0 ms]
   [Code Root Purge: 0.0 ms]
   [Clear CT: 0.3 ms]
   [Other: 1.4 ms]
      [Choose CSet: 0.0 ms]
      [Ref Proc: 1.0 ms]
      [Ref Enq: 0.0 ms]
      [Redirty Cards: 0.3 ms]
      [Humongous Register: 0.0 ms]
      [Humongous Reclaim: 0.0 ms]
      [Free CSet: 0.0 ms]
   [Eden: 0.0B(10.0M)->0.0B(10.0M) Survivors: 0.0B->0.0B Heap: 17.7M(20.0M)->17.7M(20.0M)]
 [Times: user=0.00 sys=0.00, real=0.01 secs] 
[GC concurrent-root-region-scan-start]
[GC concurrent-root-region-scan-end, 0.0000110 secs]
[GC concurrent-mark-start]
[Full GC (Allocation Failure)  17M->15M(20M), 0.0727596 secs]
   [Eden: 0.0B(10.0M)->0.0B(10.0M) Survivors: 0.0B->0.0B Heap: 17.7M(20.0M)->15.6M(20.0M)], [Metaspace: 2497K->2497K(1056768K)]
 [Times: user=0.08 sys=0.03, real=0.07 secs] 
[GC pause (G1 Humongous Allocation) (young), 0.0052062 secs]
   [Parallel Time: 3.7 ms, GC Workers: 4]
      [GC Worker Start (ms): Min: 1157.3, Avg: 1157.6, Max: 1158.1, Diff: 0.7]
      [Ext Root Scanning (ms): Min: 0.0, Avg: 0.2, Max: 0.3, Diff: 0.3, Sum: 0.6]
      [Update RS (ms): Min: 0.0, Avg: 0.1, Max: 0.4, Diff: 0.4, Sum: 0.4]
         [Processed Buffers: Min: 0, Avg: 0.2, Max: 1, Diff: 1, Sum: 1]
      [Scan RS (ms): Min: 0.0, Avg: 0.0, Max: 0.0, Diff: 0.0, Sum: 0.0]
      [Code Root Scanning (ms): Min: 0.0, Avg: 0.0, Max: 0.0, Diff: 0.0, Sum: 0.0]
      [Object Copy (ms): Min: 0.9, Avg: 1.1, Max: 1.2, Diff: 0.4, Sum: 4.3]
      [Termination (ms): Min: 0.0, Avg: 0.5, Max: 1.5, Diff: 1.5, Sum: 2.0]
         [Termination Attempts: Min: 1, Avg: 4.5, Max: 6, Diff: 5, Sum: 18]
      [GC Worker Other (ms): Min: 0.0, Avg: 0.0, Max: 0.0, Diff: 0.0, Sum: 0.1]
      [GC Worker Total (ms): Min: 1.1, Avg: 1.9, Max: 3.0, Diff: 1.9, Sum: 7.4]
      [GC Worker End (ms): Min: 1159.1, Avg: 1159.4, Max: 1160.3, Diff: 1.2]
   [Code Root Fixup: 0.0 ms]
   [Code Root Purge: 0.0 ms]
   [Clear CT: 0.5 ms]
   [Other: 1.0 ms]
      [Choose CSet: 0.0 ms]
      [Ref Proc: 0.5 ms]
      [Ref Enq: 0.0 ms]
      [Redirty Cards: 0.4 ms]
      [Humongous Register: 0.0 ms]
      [Humongous Reclaim: 0.0 ms]
      [Free CSet: 0.0 ms]
   [Eden: 1024.0K(10.0M)->0.0B(9216.0K) Survivors: 0.0B->1024.0K Heap: 15.8M(20.0M)->15.7M(20.0M)]
 [Times: user=0.01 sys=0.00, real=0.01 secs] 
[GC concurrent-mark-abort]
[Full GC (Allocation Failure)  15M->15M(20M), 0.0648062 secs]
   [Eden: 0.0B(9216.0K)->0.0B(10.0M) Survivors: 1024.0K->0.0B Heap: 15.7M(20.0M)->15.7M(20.0M)], [Metaspace: 2497K->2497K(1056768K)]
 [Times: user=0.09 sys=0.00, real=0.06 secs] 
[Full GC (Allocation Failure)  15M->15M(20M), 0.0665173 secs]
   [Eden: 0.0B(10.0M)->0.0B(10.0M) Survivors: 0.0B->0.0B Heap: 15.7M(20.0M)->15.7M(20.0M)], [Metaspace: 2497K->2497K(1056768K)]
 [Times: user=0.09 sys=0.00, real=0.07 secs] 
